../Core/Src/bridge.c:18:5:bridge_can_set	64	static
../Core/Src/bridge.c:44:10:bridge_can_kbps	4	static
../Core/Src/bridge.c:45:10:bridge_can_mode	4	static
../Core/Src/bridge.c:46:13:bridge_can_mode_str	4	static
../Core/Src/bridge.c:55:6:HAL_CAN_RxFifo0MsgPendingCallback	64	static
../Core/Src/bridge.c:71:6:HAL_CAN_ErrorCallback	16	static
../Core/Src/bridge.c:73:6:bridge_can_pop	24	static
../Core/Src/bridge.c:77:10:bridge_can_pending	4	static
../Core/Src/bridge.c:79:5:bridge_can_send	64	static
../Core/Src/bridge.c:91:13:rs_start_rx	8	static
../Core/Src/bridge.c:93:6:HAL_UARTEx_RxEventCallback	24	static
../Core/Src/bridge.c:106:6:HAL_UART_ErrorCallback	16	static
../Core/Src/bridge.c:112:6:bridge_rs485_pop	16	static
../Core/Src/bridge.c:116:5:bridge_rs485_send	24	static
../Core/Src/bridge.c:126:5:bridge_rs485_set_baud	24	static
../Core/Src/bridge.c:143:6:CAN1_RX0_IRQHandler	8	static
../Core/Src/bridge.c:144:6:USART3_IRQHandler	8	static
../Core/Src/bridge.c:146:6:bridge_init	8	static
../Core/Src/bridge.c:154:23:bridge_stats	4	static
