Archive member included to satisfy reference by file (symbol)

C:/ST/STM32CubeIDE_1.19.0/STM32CubeIDE/plugins/com.st.stm32cube.ide.mcu.externaltools.gnu-tools-for-stm32.13.3.rel1.win32_1.0.0.202411081344/tools/bin/../lib/gcc/arm-none-eabi/13.3.1/../../../../arm-none-eabi/lib/thumb/v7e-m+dp/hard\libc_nano.a(libc_a-atoi.o)
                              ./Core/Src/freertos_app.o (atoi)
C:/ST/STM32CubeIDE_1.19.0/STM32CubeIDE/plugins/com.st.stm32cube.ide.mcu.externaltools.gnu-tools-for-stm32.13.3.rel1.win32_1.0.0.202411081344/tools/bin/../lib/gcc/arm-none-eabi/13.3.1/../../../../arm-none-eabi/lib/thumb/v7e-m+dp/hard\libc_nano.a(libc_a-exit.o)
                              C:/ST/STM32CubeIDE_1.19.0/STM32CubeIDE/plugins/com.st.stm32cube.ide.mcu.externaltools.gnu-tools-for-stm32.13.3.rel1.win32_1.0.0.202411081344/tools/bin/../lib/gcc/arm-none-eabi/13.3.1/../../../../arm-none-eabi/lib/thumb/v7e-m+dp/hard/crt0.o (exit)
C:/ST/STM32CubeIDE_1.19.0/STM32CubeIDE/plugins/com.st.stm32cube.ide.mcu.externaltools.gnu-tools-for-stm32.13.3.rel1.win32_1.0.0.202411081344/tools/bin/../lib/gcc/arm-none-eabi/13.3.1/../../../../arm-none-eabi/lib/thumb/v7e-m+dp/hard\libc_nano.a(libc_a-strtol.o)
                              C:/ST/STM32CubeIDE_1.19.0/STM32CubeIDE/plugins/com.st.stm32cube.ide.mcu.externaltools.gnu-tools-for-stm32.13.3.rel1.win32_1.0.0.202411081344/tools/bin/../lib/gcc/arm-none-eabi/13.3.1/../../../../arm-none-eabi/lib/thumb/v7e-m+dp/hard\libc_nano.a(libc_a-atoi.o) (_strtol_r)
C:/ST/STM32CubeIDE_1.19.0/STM32CubeIDE/plugins/com.st.stm32cube.ide.mcu.externaltools.gnu-tools-for-stm32.13.3.rel1.win32_1.0.0.202411081344/tools/bin/../lib/gcc/arm-none-eabi/13.3.1/../../../../arm-none-eabi/lib/thumb/v7e-m+dp/hard\libc_nano.a(libc_a-ctype_.o)
                              C:/ST/STM32CubeIDE_1.19.0/STM32CubeIDE/plugins/com.st.stm32cube.ide.mcu.externaltools.gnu-tools-for-stm32.13.3.rel1.win32_1.0.0.202411081344/tools/bin/../lib/gcc/arm-none-eabi/13.3.1/../../../../arm-none-eabi/lib/thumb/v7e-m+dp/hard\libc_nano.a(libc_a-strtol.o) (_ctype_)
C:/ST/STM32CubeIDE_1.19.0/STM32CubeIDE/plugins/com.st.stm32cube.ide.mcu.externaltools.gnu-tools-for-stm32.13.3.rel1.win32_1.0.0.202411081344/tools/bin/../lib/gcc/arm-none-eabi/13.3.1/../../../../arm-none-eabi/lib/thumb/v7e-m+dp/hard\libc_nano.a(libc_a-nano-vfprintf_float.o)
                              (_printf_float)
C:/ST/STM32CubeIDE_1.19.0/STM32CubeIDE/plugins/com.st.stm32cube.ide.mcu.externaltools.gnu-tools-for-stm32.13.3.rel1.win32_1.0.0.202411081344/tools/bin/../lib/gcc/arm-none-eabi/13.3.1/../../../../arm-none-eabi/lib/thumb/v7e-m+dp/hard\libc_nano.a(libc_a-nano-vfprintf_i.o)
                              C:/ST/STM32CubeIDE_1.19.0/STM32CubeIDE/plugins/com.st.stm32cube.ide.mcu.externaltools.gnu-tools-for-stm32.13.3.rel1.win32_1.0.0.202411081344/tools/bin/../lib/gcc/arm-none-eabi/13.3.1/../../../../arm-none-eabi/lib/thumb/v7e-m+dp/hard\libc_nano.a(libc_a-nano-vfprintf_float.o) (_printf_common)
C:/ST/STM32CubeIDE_1.19.0/STM32CubeIDE/plugins/com.st.stm32cube.ide.mcu.externaltools.gnu-tools-for-stm32.13.3.rel1.win32_1.0.0.202411081344/tools/bin/../lib/gcc/arm-none-eabi/13.3.1/../../../../arm-none-eabi/lib/thumb/v7e-m+dp/hard\libc_nano.a(libc_a-findfp.o)
                              C:/ST/STM32CubeIDE_1.19.0/STM32CubeIDE/plugins/com.st.stm32cube.ide.mcu.externaltools.gnu-tools-for-stm32.13.3.rel1.win32_1.0.0.202411081344/tools/bin/../lib/gcc/arm-none-eabi/13.3.1/../../../../arm-none-eabi/lib/thumb/v7e-m+dp/hard\libc_nano.a(libc_a-exit.o) (__stdio_exit_handler)
C:/ST/STM32CubeIDE_1.19.0/STM32CubeIDE/plugins/com.st.stm32cube.ide.mcu.externaltools.gnu-tools-for-stm32.13.3.rel1.win32_1.0.0.202411081344/tools/bin/../lib/gcc/arm-none-eabi/13.3.1/../../../../arm-none-eabi/lib/thumb/v7e-m+dp/hard\libc_nano.a(libc_a-fwalk.o)
                              C:/ST/STM32CubeIDE_1.19.0/STM32CubeIDE/plugins/com.st.stm32cube.ide.mcu.externaltools.gnu-tools-for-stm32.13.3.rel1.win32_1.0.0.202411081344/tools/bin/../lib/gcc/arm-none-eabi/13.3.1/../../../../arm-none-eabi/lib/thumb/v7e-m+dp/hard\libc_nano.a(libc_a-findfp.o) (_fwalk_sglue)
C:/ST/STM32CubeIDE_1.19.0/STM32CubeIDE/plugins/com.st.stm32cube.ide.mcu.externaltools.gnu-tools-for-stm32.13.3.rel1.win32_1.0.0.202411081344/tools/bin/../lib/gcc/arm-none-eabi/13.3.1/../../../../arm-none-eabi/lib/thumb/v7e-m+dp/hard\libc_nano.a(libc_a-snprintf.o)
                              ./Core/Src/freertos_app.o (snprintf)
C:/ST/STM32CubeIDE_1.19.0/STM32CubeIDE/plugins/com.st.stm32cube.ide.mcu.externaltools.gnu-tools-for-stm32.13.3.rel1.win32_1.0.0.202411081344/tools/bin/../lib/gcc/arm-none-eabi/13.3.1/../../../../arm-none-eabi/lib/thumb/v7e-m+dp/hard\libc_nano.a(libc_a-sprintf.o)
                              ./Core/Inc/ST7735Driver.o (sprintf)
[...]
Memory Configuration

Name             Origin             Length             Attributes
RAM              0x20000000         0x00080000         xrw
FLASH            0x08000000         0x00200000         xr
*default*        0x00000000         0xffffffff

Linker script and memory map

LOAD C:/ST/STM32CubeIDE_1.19.0/STM32CubeIDE/plugins/com.st.stm32cube.ide.mcu.externaltools.gnu-tools-for-stm32.13.3.rel1.win32_1.0.0.202411081344/tools/bin/../lib/gcc/arm-none-eabi/13.3.1/thumb/v7e-m+dp/hard/crti.o
LOAD C:/ST/STM32CubeIDE_1.19.0/STM32CubeIDE/plugins/com.st.stm32cube.ide.mcu.externaltools.gnu-tools-for-stm32.13.3.rel1.win32_1.0.0.202411081344/tools/bin/../lib/gcc/arm-none-eabi/13.3.1/thumb/v7e-m+dp/hard/crtbegin.o
LOAD C:/ST/STM32CubeIDE_1.19.0/STM32CubeIDE/plugins/com.st.stm32cube.ide.mcu.externaltools.gnu-tools-for-stm32.13.3.rel1.win32_1.0.0.202411081344/tools/bin/../lib/gcc/arm-none-eabi/13.3.1/../../../../arm-none-eabi/lib/thumb/v7e-m+dp/hard/crt0.o
LOAD ./Core/Inc/ST7735Driver.o
LOAD ./Core/Src/ff_mem.o
LOAD ./Core/Src/freertos.o
LOAD ./Core/Src/freertos_app.o
LOAD ./Core/Src/main.o
LOAD ./Core/Src/sd_card_spi.o
LOAD ./Core/Src/sd_image_loader.o
LOAD ./Core/Src/stm32f7xx_hal_msp.o
LOAD ./Core/Src/stm32f7xx_hal_timebase_tim.o
LOAD ./Core/Src/stm32f7xx_it.o
LOAD ./Core/Src/syscalls.o
LOAD ./Core/Src/sysmem.o
LOAD ./Core/Src/system_stm32f7xx.o
LOAD ./Core/Src/uart_terminal.o
LOAD ./Core/Src/user_diskio_spi.o
LOAD ./Core/Startup/startup_stm32f767zitx.o
LOAD ./Drivers/STM32F7xx_HAL_Driver/Src/stm32f7xx_hal.o
LOAD ./Drivers/STM32F7xx_HAL_Driver/Src/stm32f7xx_hal_cortex.o
LOAD ./Drivers/STM32F7xx_HAL_Driver/Src/stm32f7xx_hal_dma.o
LOAD ./Drivers/STM32F7xx_HAL_Driver/Src/stm32f7xx_hal_dma_ex.o
LOAD ./Drivers/STM32F7xx_HAL_Driver/Src/stm32f7xx_hal_exti.o
LOAD ./Drivers/STM32F7xx_HAL_Driver/Src/stm32f7xx_hal_flash.o
LOAD ./Drivers/STM32F7xx_HAL_Driver/Src/stm32f7xx_hal_flash_ex.o
LOAD ./Drivers/STM32F7xx_HAL_Driver/Src/stm32f7xx_hal_gpio.o
LOAD ./Drivers/STM32F7xx_HAL_Driver/Src/stm32f7xx_hal_i2c.o
LOAD ./Drivers/STM32F7xx_HAL_Driver/Src/stm32f7xx_hal_i2c_ex.o
LOAD ./Drivers/STM32F7xx_HAL_Driver/Src/stm32f7xx_hal_pcd.o
LOAD ./Drivers/STM32F7xx_HAL_Driver/Src/stm32f7xx_hal_pcd_ex.o
LOAD ./Drivers/STM32F7xx_HAL_Driver/Src/stm32f7xx_hal_pwr.o
LOAD ./Drivers/STM32F7xx_HAL_Driver/Src/stm32f7xx_hal_pwr_ex.o
LOAD ./Drivers/STM32F7xx_HAL_Driver/Src/stm32f7xx_hal_rcc.o
LOAD ./Drivers/STM32F7xx_HAL_Driver/Src/stm32f7xx_hal_rcc_ex.o
LOAD ./Drivers/STM32F7xx_HAL_Driver/Src/stm32f7xx_hal_spi.o
LOAD ./Drivers/STM32F7xx_HAL_Driver/Src/stm32f7xx_hal_spi_ex.o
LOAD ./Drivers/STM32F7xx_HAL_Driver/Src/stm32f7xx_hal_tim.o
LOAD ./Drivers/STM32F7xx_HAL_Driver/Src/stm32f7xx_hal_tim_ex.o
LOAD ./Drivers/STM32F7xx_HAL_Driver/Src/stm32f7xx_hal_uart.o
LOAD ./Drivers/STM32F7xx_HAL_Driver/Src/stm32f7xx_hal_uart_ex.o
LOAD ./Drivers/STM32F7xx_HAL_Driver/Src/stm32f7xx_ll_usb.o
LOAD ./FATFS/App/fatfs.o
LOAD ./Middlewares/Third_Party/FatFs/src/diskio.o
LOAD ./Middlewares/Third_Party/FatFs/src/ff.o
LOAD ./Middlewares/Third_Party/FatFs/src/ff_gen_drv.o
LOAD ./Middlewares/Third_Party/FatFs/src/option/syscall.o
LOAD ./Middlewares/Third_Party/FreeRTOS/Source/CMSIS_RTOS_V2/cmsis_os2.o
LOAD ./Middlewares/Third_Party/FreeRTOS/Source/croutine.o
LOAD ./Middlewares/Third_Party/FreeRTOS/Source/event_groups.o
LOAD ./Middlewares/Third_Party/FreeRTOS/Source/list.o
LOAD ./Middlewares/Third_Party/FreeRTOS/Source/queue.o
LOAD ./Middlewares/Third_Party/FreeRTOS/Source/stream_buffer.o
LOAD ./Middlewares/Third_Party/FreeRTOS/Source/tasks.o
LOAD ./Middlewares/Third_Party/FreeRTOS/Source/timers.o
LOAD ./Middlewares/Third_Party/FreeRTOS/Source/portable/GCC/ARM_CM7/r0p1/port.o
LOAD ./Middlewares/Third_Party/FreeRTOS/Source/portable/MemMang/heap_4.o
START GROUP
LOAD C:/ST/STM32CubeIDE_1.19.0/STM32CubeIDE/plugins/com.st.stm32cube.ide.mcu.externaltools.gnu-tools-for-stm32.13.3.rel1.win32_1.0.0.202411081344/tools/bin/../lib/gcc/arm-none-eabi/13.3.1/../../../../arm-none-eabi/lib/thumb/v7e-m+dp/hard\libc_nano.a
LOAD C:/ST/STM32CubeIDE_1.19.0/STM32CubeIDE/plugins/com.st.stm32cube.ide.mcu.externaltools.gnu-tools-for-stm32.13.3.rel1.win32_1.0.0.202411081344/tools/bin/../lib/gcc/arm-none-eabi/13.3.1/../../../../arm-none-eabi/lib/thumb/v7e-m+dp/hard\libm.a
END GROUP
START GROUP
LOAD C:/ST/STM32CubeIDE_1.19.0/STM32CubeIDE/plugins/com.st.stm32cube.ide.mcu.externaltools.gnu-tools-for-stm32.13.3.rel1.win32_1.0.0.202411081344/tools/bin/../lib/gcc/arm-none-eabi/13.3.1/thumb/v7e-m+dp/hard\libgcc.a
LOAD C:/ST/STM32CubeIDE_1.19.0/STM32CubeIDE/plugins/com.st.stm32cube.ide.mcu.externaltools.gnu-tools-for-stm32.13.3.rel1.win32_1.0.0.202411081344/tools/bin/../lib/gcc/arm-none-eabi/13.3.1/../../../../arm-none-eabi/lib/thumb/v7e-m+dp/hard\libc_nano.a
END GROUP
START GROUP
LOAD C:/ST/STM32CubeIDE_1.19.0/STM32CubeIDE/plugins/com.st.stm32cube.ide.mcu.externaltools.gnu-tools-for-stm32.13.3.rel1.win32_1.0.0.202411081344/tools/bin/../lib/gcc/arm-none-eabi/13.3.1/thumb/v7e-m+dp/hard\libgcc.a
LOAD C:/ST/STM32CubeIDE_1.19.0/STM32CubeIDE/plugins/com.st.stm32cube.ide.mcu.externaltools.gnu-tools-for-stm32.13.3.rel1.win32_1.0.0.202411081344/tools/bin/../lib/gcc/arm-none-eabi/13.3.1/../../../../arm-none-eabi/lib/thumb/v7e-m+dp/hard\libc_nano.a
LOAD C:/ST/STM32CubeIDE_1.19.0/STM32CubeIDE/plugins/com.st.stm32cube.ide.mcu.externaltools.gnu-tools-for-stm32.13.3.rel1.win32_1.0.0.202411081344/tools/bin/../lib/gcc/arm-none-eabi/13.3.1/../../../../arm-none-eabi/lib/thumb/v7e-m+dp/hard\libnosys.a
END GROUP
START GROUP
LOAD C:/ST/STM32CubeIDE_1.19.0/STM32CubeIDE/plugins/com.st.stm32cube.ide.mcu.externaltools.gnu-tools-for-stm32.13.3.rel1.win32_1.0.0.202411081344/tools/bin/../lib/gcc/arm-none-eabi/13.3.1/thumb/v7e-m+dp/hard\libgcc.a
LOAD C:/ST/STM32CubeIDE_1.19.0/STM32CubeIDE/plugins/com.st.stm32cube.ide.mcu.externaltools.gnu-tools-for-stm32.13.3.rel1.win32_1.0.0.202411081344/tools/bin/../lib/gcc/arm-none-eabi/13.3.1/../../../../arm-none-eabi/lib/thumb/v7e-m+dp/hard\libc_nano.a
LOAD C:/ST/STM32CubeIDE_1.19.0/STM32CubeIDE/plugins/com.st.stm32cube.ide.mcu.externaltools.gnu-tools-for-stm32.13.3.rel1.win32_1.0.0.202411081344/tools/bin/../lib/gcc/arm-none-eabi/13.3.1/../../../../arm-none-eabi/lib/thumb/v7e-m+dp/hard\libnosys.a
END GROUP
LOAD C:/ST/STM32CubeIDE_1.19.0/STM32CubeIDE/plugins/com.st.stm32cube.ide.mcu.externaltools.gnu-tools-for-stm32.13.3.rel1.win32_1.0.0.202411081344/tools/bin/../lib/gcc/arm-none-eabi/13.3.1/thumb/v7e-m+dp/hard/crtend.o
LOAD C:/ST/STM32CubeIDE_1.19.0/STM32CubeIDE/plugins/com.st.stm32cube.ide.mcu.externaltools.gnu-tools-for-stm32.13.3.rel1.win32_1.0.0.202411081344/tools/bin/../lib/gcc/arm-none-eabi/13.3.1/thumb/v7e-m+dp/hard/crtn.o
                0x20080000                        _estack = (ORIGIN (RAM) + LENGTH (RAM))
                0x00000200                        _Min_Heap_Size = 0x200
                0x00000400                        _Min_Stack_Size = 0x400

.isr_vector     0x08000000      0x1f8
                0x08000000                        . = ALIGN (0x4)
 *(.isr_vector)
 .isr_vector    0x08000000      0x1f8 ./Core/Startup/startup_stm32f767zitx.o
                0x08000000                g_pfnVectors
                0x080001f8                        . = ALIGN (0x4)

.text           0x08000200    0x15338
                0x08000200                        . = ALIGN (0x4)
 *(.text)
 .text          0x08000200       0x40 C:/ST/STM32CubeIDE_1.19.0/STM32CubeIDE/plugins/com.st.stm32cube.ide.mcu.externaltools.gnu-tools-for-stm32.13.3.rel1.win32_1.0.0.202411081344/tools/bin/../lib/gcc/arm-none-eabi/13.3.1/thumb/v7e-m+dp/hard/crtbegin.o
 .text          0x08000240       0x14 C:/ST/STM32CubeIDE_1.19.0/STM32CubeIDE/plugins/com.st.stm32cube.ide.mcu.externaltools.gnu-tools-for-stm32.13.3.rel1.win32_1.0.0.202411081344/tools/bin/../lib/gcc/arm-none-eabi/13.3.1/../../../../arm-none-eabi/lib/thumb/v7e-m+dp/hard\libc_nano.a(libc_a-strcmp.o)
                0x08000240                strcmp
 *fill*         0x08000254        0xc 
 .text          0x08000260       0xa0 C:/ST/STM32CubeIDE_1.19.0/STM32CubeIDE/plugins/com.st.stm32cube.ide.mcu.externaltools.gnu-tools-for-stm32.13.3.rel1.win32_1.0.0.202411081344/tools/bin/../lib/gcc/arm-none-eabi/13.3.1/../../../../arm-none-eabi/lib/thumb/v7e-m+dp/hard\libc_nano.a(libc_a-memchr.o)
                0x08000260                memchr
 .text          0x08000300       0x10 C:/ST/STM32CubeIDE_1.19.0/STM32CubeIDE/plugins/com.st.stm32cube.ide.mcu.externaltools.gnu-tools-for-stm32.13.3.rel1.win32_1.0.0.202411081344/tools/bin/../lib/gcc/arm-none-eabi/13.3.1/../../../../arm-none-eabi/lib/thumb/v7e-m+dp/hard\libc_nano.a(libc_a-strlen.o)
                0x08000300                strlen
 .text          0x08000310       0x30 C:/ST/STM32CubeIDE_1.19.0/STM32CubeIDE/plugins/com.st.stm32cube.ide.mcu.externaltools.gnu-tools-for-stm32.13.3.rel1.win32_1.0.0.202411081344/tools/bin/../lib/gcc/arm-none-eabi/13.3.1/thumb/v7e-m+dp/hard\libgcc.a(_aeabi_uldivmod.o)
                0x08000310                __aeabi_uldivmod
 .text          0x08000340      0x2f8 C:/ST/STM32CubeIDE_1.19.0/STM32CubeIDE/plugins/com.st.stm32cube.ide.mcu.externaltools.gnu-tools-for-stm32.13.3.rel1.win32_1.0.0.202411081344/tools/bin/../lib/gcc/arm-none-eabi/13.3.1/thumb/v7e-m+dp/hard\libgcc.a(_udivmoddi4.o)
                0x08000340                __udivmoddi4
 .text          0x08000638        0x4 C:/ST/STM32CubeIDE_1.19.0/STM32CubeIDE/plugins/com.st.stm32cube.ide.mcu.externaltools.gnu-tools-for-stm32.13.3.rel1.win32_1.0.0.202411081344/tools/bin/../lib/gcc/arm-none-eabi/13.3.1/thumb/v7e-m+dp/hard\libgcc.a(_dvmd_tls.o)
                0x08000638                __aeabi_idiv0
                0x08000638                __aeabi_ldiv0
 *(.text*)
 .text.ST7735_Reset
                0x0800063c       0x4c ./Core/Inc/ST7735Driver.o
                0x0800063c                ST7735_Reset
 .text.ST7735_Select
                0x08000688       0x20 ./Core/Inc/ST7735Driver.o
 .text.ST7735_Deselect
                0x080006a8       0x20 ./Core/Inc/ST7735Driver.o
 .text.ST7735_Delay
                0x080006c8       0x1a ./Core/Inc/ST7735Driver.o
 *fill*         0x080006e2        0x2 
 .text.ST7735_WriteCommand
                0x080006e4       0x44 ./Core/Inc/ST7735Driver.o
 .text.ST7735_WriteData
                0x08000728       0x44 ./Core/Inc/ST7735Driver.o
 .text.ST7735_SetWindow
                0x0800076c       0x98 ./Core/Inc/ST7735Driver.o
 .text.ST7735_Init
                0x08000804       0xa0 ./Core/Inc/ST7735Driver.o
                0x08000804                ST7735_Init
 .text.ST7735_ClearFramebuffer
                0x080008a4       0x3c ./Core/Inc/ST7735Driver.o
                0x080008a4                ST7735_ClearFramebuffer
 .text.ST7735_SetPixelFB
                0x080008e0       0x64 ./Core/Inc/ST7735Driver.o
                0x080008e0                ST7735_SetPixelFB
 .text.ST7735_UpdateDisplay
                0x08000944       0xb4 ./Core/Inc/ST7735Driver.o
                0x08000944                ST7735_UpdateDisplay
 .text.HAL_SPI_TxCpltCallback
                0x080009f8       0x40 ./Core/Inc/ST7735Driver.o
                0x080009f8                HAL_SPI_TxCpltCallback
 .text.ST7735_DrawLineFB
                0x08000a38       0xd6 ./Core/Inc/ST7735Driver.o
                0x08000a38                ST7735_DrawLineFB
 .text.ST7735_DrawFCircleFB
                0x08000b0e      0x11e ./Core/Inc/ST7735Driver.o
                0x08000b0e                ST7735_DrawFCircleFB
 .text.ST7735_IsBusy
                0x08000c2c       0x18 ./Core/Inc/ST7735Driver.o
                0x08000c2c                ST7735_IsBusy
 .text.ST7735_SetLed
                0x08000c44       0xa8 ./Core/Inc/ST7735Driver.o
                0x08000c44                ST7735_SetLed
 .text.ST7735_DrawCharFB
                0x08000cec      0x104 ./Core/Inc/ST7735Driver.o
                0x08000cec                ST7735_DrawCharFB
 .text.ST7735_DrawStringFB
                0x08000df0       0xc4 ./Core/Inc/ST7735Driver.o
                0x08000df0                ST7735_DrawStringFB
 .text.ST7735_DrawStringFB_Transparent
                0x08000eb4      0x188 ./Core/Inc/ST7735Driver.o
                0x08000eb4                ST7735_DrawStringFB_Transparent
 .text.vApplicationIdleHook
                0x0800103c       0x1c ./Core/Src/freertos.o
                0x0800103c                vApplicationIdleHook
 .text.FreeRTOS_GetIdleCounter
                0x08001058       0x18 ./Core/Src/freertos.o
                0x08001058                FreeRTOS_GetIdleCounter
 .text.BuildPath
                0x08001070       0xc4 ./Core/Src/freertos_app.o
 .text.UpdateSdStats
                0x08001134       0xc4 ./Core/Src/freertos_app.o
 .text.FreeRTOS_AppInit
                0x080011f8      0x1d0 ./Core/Src/freertos_app.o
                0x080011f8                FreeRTOS_AppInit
 .text.StartDisplayTask
                0x080013c8      0x690 ./Core/Src/freertos_app.o
                0x080013c8                StartDisplayTask
 .text.StartSDCardTask
                0x08001a58      0x24c ./Core/Src/freertos_app.o
                0x08001a58                StartSDCardTask
 .text.StartUARTTask
                0x08001ca4       0x20 ./Core/Src/freertos_app.o
                0x08001ca4                StartUARTTask
 .text.CMD_LS   0x08001cc4      0x11c ./Core/Src/freertos_app.o
                0x08001cc4                CMD_LS
 .text.CMD_CD   0x08001de0      0x128 ./Core/Src/freertos_app.o
                0x08001de0                CMD_CD
 .text.CMD_PWD  0x08001f08       0x24 ./Core/Src/freertos_app.o
                0x08001f08                CMD_PWD
 .text.CMD_Cat  0x08001f2c       0xe8 ./Core/Src/freertos_app.o
                0x08001f2c                CMD_Cat
 .text.CMD_Write
                0x08002014      0x194 ./Core/Src/freertos_app.o
                0x08002014                CMD_Write
 .text.CMD_Mkdir
                0x080021a8       0x8c ./Core/Src/freertos_app.o
                0x080021a8                CMD_Mkdir
 .text.CMD_RM   0x08002234       0x8c ./Core/Src/freertos_app.o
                0x08002234                CMD_RM
 .text.CMD_Clear
                0x080022c0       0x40 ./Core/Src/freertos_app.o
                0x080022c0                CMD_Clear
 .text.CMD_Text
                0x08002300      0x164 ./Core/Src/freertos_app.o
                0x08002300                CMD_Text
 .text.CMD_Fill
                0x08002464      0x124 ./Core/Src/freertos_app.o
                0x08002464                CMD_Fill
 .text.CMD_SetFPS
                0x08002588       0x88 ./Core/Src/freertos_app.o
                0x08002588                CMD_SetFPS
 .text.CMD_Pendulum
                0x08002610       0x44 ./Core/Src/freertos_app.o
                0x08002610                CMD_Pendulum
 .text.CMD_Pattern
                0x08002654       0x44 ./Core/Src/freertos_app.o
                0x08002654                CMD_Pattern
 .text.CMD_Home
                0x08002698       0x44 ./Core/Src/freertos_app.o
                0x08002698                CMD_Home
 .text.CMD_Info
                0x080026dc      0x17c ./Core/Src/freertos_app.o
                0x080026dc                CMD_Info
 .text.CMD_Uptime
                0x08002858       0x54 ./Core/Src/freertos_app.o
                0x08002858                CMD_Uptime
 .text.CMD_Format
                0x080028ac       0x1c ./Core/Src/freertos_app.o
                0x080028ac                CMD_Format
 .text.CMD_Debug
                0x080028c8       0x1a ./Core/Src/freertos_app.o
                0x080028c8                CMD_Debug
 *fill*         0x080028e2        0x2 
 .text.CMD_CardState
                0x080028e4      0x104 ./Core/Src/freertos_app.o
                0x080028e4                CMD_CardState
 .text.CMD_Reinit
                0x080029e8       0xc8 ./Core/Src/freertos_app.o
                0x080029e8                CMD_Reinit
 .text.CMD_TestMount
                0x08002ab0      0x154 ./Core/Src/freertos_app.o
                0x08002ab0                CMD_TestMount
 .text.CMD_TestSector0
                0x08002c04      0x1cc ./Core/Src/freertos_app.o
                0x08002c04                CMD_TestSector0
 .text.CMD_TestMultiRead
                0x08002dd0      0x118 ./Core/Src/freertos_app.o
                0x08002dd0                CMD_TestMultiRead
 .text.main     0x08002ee8       0x58 ./Core/Src/main.o
                0x08002ee8                main
 .text.SystemClock_Config
                0x08002f40       0xe0 ./Core/Src/main.o
                0x08002f40                SystemClock_Config
 .text.MX_SPI1_Init
                0x08003020       0x7c ./Core/Src/main.o
 .text.MX_SPI3_Init
                0x0800309c       0x7c ./Core/Src/main.o
 .text.MX_TIM3_Init
                0x08003118       0xb4 ./Core/Src/main.o
 .text.MX_USART3_UART_Init
                0x080031cc       0x60 ./Core/Src/main.o
 .text.MX_USB_OTG_FS_PCD_Init
                0x0800322c       0x5c ./Core/Src/main.o
 .text.MX_DMA_Init
                0x08003288       0x94 ./Core/Src/main.o
 .text.MX_GPIO_Init
                0x0800331c      0x214 ./Core/Src/main.o
 .text.StartDefaultTask
                0x08003530       0x12 ./Core/Src/main.o
                0x08003530                StartDefaultTask
 *fill*         0x08003542        0x2 
 .text.HAL_TIM_PeriodElapsedCallback
                0x08003544       0x24 ./Core/Src/main.o
                0x08003544                HAL_TIM_PeriodElapsedCallback
 .text.Error_Handler
                0x08003568        0xc ./Core/Src/main.o
                0x08003568                Error_Handler
 .text.SD_CS_Low
                0x08003574       0x40 ./Core/Src/sd_card_spi.o
 .text.SD_CS_High
                0x080035b4       0x28 ./Core/Src/sd_card_spi.o
 .text.SD_SPI_TransferByte
                0x080035dc       0x30 ./Core/Src/sd_card_spi.o
 .text.SD_SPI_ReadBytes
                0x0800360c       0x4a ./Core/Src/sd_card_spi.o
 .text.SD_SPI_WriteBytes
                0x08003656       0x46 ./Core/Src/sd_card_spi.o
 .text.SD_WaitReady
                0x0800369c       0x46 ./Core/Src/sd_card_spi.o
 .text.SD_SendCommand
                0x080036e2       0xd0 ./Core/Src/sd_card_spi.o
 .text.SD_Init  0x080037b2      0x28c ./Core/Src/sd_card_spi.o
                0x080037b2                SD_Init
 .text.SD_ReadSingleBlock
                0x08003a3e       0xb8 ./Core/Src/sd_card_spi.o
                0x08003a3e                SD_ReadSingleBlock
 .text.SD_WriteSingleBlock
                0x08003af6       0xc8 ./Core/Src/sd_card_spi.o
                0x08003af6                SD_WriteSingleBlock
 .text.SD_ReadMultipleBlocks
                0x08003bbe       0x4c ./Core/Src/sd_card_spi.o
                0x08003bbe                SD_ReadMultipleBlocks
 .text.SD_WriteMultipleBlocks
                0x08003c0a       0x4c ./Core/Src/sd_card_spi.o
                0x08003c0a                SD_WriteMultipleBlocks
 .text.SD_GetCardInfo
                0x08003c56      0x136 ./Core/Src/sd_card_spi.o
                0x08003c56                SD_GetCardInfo
 .text.SD_LoadFullScreenImage
                0x08003d8c      0x11c ./Core/Src/sd_image_loader.o
                0x08003d8c                SD_LoadFullScreenImage
 .text.SD_CreateTestImage
                0x08003ea8      0x16c ./Core/Src/sd_image_loader.o
                0x08003ea8                SD_CreateTestImage
 .text.Example_CreateTestPattern
                0x08004014       0x20 ./Core/Src/sd_image_loader.o
                0x08004014                Example_CreateTestPattern
 .text.HAL_MspInit
                0x08004034       0x50 ./Core/Src/stm32f7xx_hal_msp.o
                0x08004034                HAL_MspInit
 .text.HAL_SPI_MspInit
                0x08004084      0x2a8 ./Core/Src/stm32f7xx_hal_msp.o
                0x08004084                HAL_SPI_MspInit
 .text.HAL_TIM_PWM_MspInit
                0x0800432c       0x40 ./Core/Src/stm32f7xx_hal_msp.o
                0x0800432c                HAL_TIM_PWM_MspInit
 .text.HAL_TIM_MspPostInit
                0x0800436c       0x70 ./Core/Src/stm32f7xx_hal_msp.o
                0x0800436c                HAL_TIM_MspPostInit
 .text.HAL_UART_MspInit
                0x080043dc      0x19c ./Core/Src/stm32f7xx_hal_msp.o
                0x080043dc                HAL_UART_MspInit
 .text.HAL_PCD_MspInit
                0x08004578       0xf4 ./Core/Src/stm32f7xx_hal_msp.o
                0x08004578                HAL_PCD_MspInit
 .text.HAL_InitTick
                0x0800466c       0xf4 ./Core/Src/stm32f7xx_hal_timebase_tim.o
                0x0800466c                HAL_InitTick
 .text.NMI_Handler
                0x08004760        0x8 ./Core/Src/stm32f7xx_it.o
                0x08004760                NMI_Handler
 .text.HardFault_Handler
                0x08004768        0x8 ./Core/Src/stm32f7xx_it.o
                0x08004768                HardFault_Handler
 .text.MemManage_Handler
                0x08004770        0x8 ./Core/Src/stm32f7xx_it.o
                0x08004770                MemManage_Handler
 .text.BusFault_Handler
                0x08004778        0x8 ./Core/Src/stm32f7xx_it.o
                0x08004778                BusFault_Handler
 .text.UsageFault_Handler
                0x08004780        0x8 ./Core/Src/stm32f7xx_it.o
                0x08004780                UsageFault_Handler
 .text.DebugMon_Handler
                0x08004788        0xe ./Core/Src/stm32f7xx_it.o
                0x08004788                DebugMon_Handler
 *fill*         0x08004796        0x2 
 .text.DMA1_Stream1_IRQHandler
                0x08004798       0x14 ./Core/Src/stm32f7xx_it.o
                0x08004798                DMA1_Stream1_IRQHandler
 .text.DMA1_Stream3_IRQHandler
                0x080047ac       0x14 ./Core/Src/stm32f7xx_it.o
                0x080047ac                DMA1_Stream3_IRQHandler
 .text.DMA1_Stream5_IRQHandler
                0x080047c0       0x14 ./Core/Src/stm32f7xx_it.o
                0x080047c0                DMA1_Stream5_IRQHandler
 .text.SPI1_IRQHandler
                0x080047d4       0x14 ./Core/Src/stm32f7xx_it.o
                0x080047d4                SPI1_IRQHandler
 .text.USART3_IRQHandler
                0x080047e8       0x14 ./Core/Src/stm32f7xx_it.o
                0x080047e8                USART3_IRQHandler
 .text.TIM6_DAC_IRQHandler
                0x080047fc       0x14 ./Core/Src/stm32f7xx_it.o
                0x080047fc                TIM6_DAC_IRQHandler
 .text.DMA2_Stream0_IRQHandler
                0x08004810       0x14 ./Core/Src/stm32f7xx_it.o
                0x08004810                DMA2_Stream0_IRQHandler
 .text.DMA2_Stream3_IRQHandler
                0x08004824       0x14 ./Core/Src/stm32f7xx_it.o
                0x08004824                DMA2_Stream3_IRQHandler
 .text._getpid  0x08004838       0x10 ./Core/Src/syscalls.o
                0x08004838                _getpid
 .text._kill    0x08004848       0x20 ./Core/Src/syscalls.o
                0x08004848                _kill
 .text._exit    0x08004868       0x16 ./Core/Src/syscalls.o
                0x08004868                _exit
 .text._read    0x0800487e       0x3a ./Core/Src/syscalls.o
                0x0800487e                _read
 .text._write   0x080048b8       0x38 ./Core/Src/syscalls.o
                0x080048b8                _write
 .text._close   0x080048f0       0x18 ./Core/Src/syscalls.o
                0x080048f0                _close
 .text._fstat   0x08004908       0x20 ./Core/Src/syscalls.o
                0x08004908                _fstat
 .text._isatty  0x08004928       0x16 ./Core/Src/syscalls.o
                0x08004928                _isatty
 .text._lseek   0x0800493e       0x1a ./Core/Src/syscalls.o
                0x0800493e                _lseek
 .text._sbrk    0x08004958       0x6c ./Core/Src/sysmem.o
                0x08004958                _sbrk
 .text.SystemInit
                0x080049c4       0x24 ./Core/Src/system_stm32f7xx.o
                0x080049c4                SystemInit
 .text.UART_Terminal_Init
                0x080049e8       0xe8 ./Core/Src/uart_terminal.o
                0x080049e8                UART_Terminal_Init
 .text.UART_Terminal_RegisterCommands
                0x08004ad0       0x2c ./Core/Src/uart_terminal.o
                0x08004ad0                UART_Terminal_RegisterCommands
 .text.UART_Terminal_Process
                0x08004afc      0x130 ./Core/Src/uart_terminal.o
                0x08004afc                UART_Terminal_Process
 .text.UART_Terminal_ExecuteCommand
                0x08004c2c       0xf0 ./Core/Src/uart_terminal.o
 .text.UART_Terminal_ShowHelp
                0x08004d1c       0x7c ./Core/Src/uart_terminal.o
 .text.UART_Terminal_Print
                0x08004d98       0x2c ./Core/Src/uart_terminal.o
                0x08004d98                UART_Terminal_Print
 .text.UART_Print
                0x08004dc4       0x28 ./Core/Src/uart_terminal.o
                0x08004dc4                UART_Print
 .text.UART_Printf
                0x08004dec       0x4c ./Core/Src/uart_terminal.o
                0x08004dec                UART_Printf
 .text.UART_Terminal_TaskLoop
                0x08004e38       0x38 ./Core/Src/uart_terminal.o
                0x08004e38                UART_Terminal_TaskLoop
 .text.HAL_UART_RxCpltCallback
                0x08004e70       0x40 ./Core/Src/uart_terminal.o
                0x08004e70                HAL_UART_RxCpltCallback
 .text.USER_initialize
                0x08004eb0       0x70 ./Core/Src/user_diskio_spi.o
                0x08004eb0                USER_initialize
 .text.USER_status
                0x08004f20       0x50 ./Core/Src/user_diskio_spi.o
                0x08004f20                USER_status
 .text.USER_read
                0x08004f70       0x5c ./Core/Src/user_diskio_spi.o
                0x08004f70                USER_read
 .text.USER_write
                0x08004fcc       0x5c ./Core/Src/user_diskio_spi.o
                0x08004fcc                USER_write
 .text.USER_ioctl
                0x08005028       0xbc ./Core/Src/user_diskio_spi.o
                0x08005028                USER_ioctl
 .text.Reset_Handler
                0x080050e4       0x50 ./Core/Startup/startup_stm32f767zitx.o
                0x080050e4                Reset_Handler
 .text.Default_Handler
                0x08005134        0x2 ./Core/Startup/startup_stm32f767zitx.o
                0x08005134                RTC_Alarm_IRQHandler
                0x08005134                EXTI2_IRQHandler
                0x08005134                TIM8_CC_IRQHandler
                0x08005134                UART8_IRQHandler
                0x08005134                SPI4_IRQHandler
                0x08005134                TIM1_CC_IRQHandler
                0x08005134                DMA2_Stream5_IRQHandler
                0x08005134                JPEG_IRQHandler
                0x08005134                CAN3_RX1_IRQHandler
                0x08005134                PVD_IRQHandler
                0x08005134                TAMP_STAMP_IRQHandler
                0x08005134                CAN2_RX1_IRQHandler
                0x08005134                EXTI3_IRQHandler
                0x08005134                TIM8_TRG_COM_TIM14_IRQHandler
                0x08005134                DFSDM1_FLT1_IRQHandler
                0x08005134                TIM1_UP_TIM10_IRQHandler
                0x08005134                TIM8_UP_TIM13_IRQHandler
                0x08005134                I2C3_ER_IRQHandler
                0x08005134                DFSDM1_FLT2_IRQHandler
                0x08005134                EXTI0_IRQHandler
                0x08005134                I2C2_EV_IRQHandler
                0x08005134                DMA1_Stream2_IRQHandler
                0x08005134                CAN1_RX0_IRQHandler
                0x08005134                FPU_IRQHandler
                0x08005134                OTG_HS_WKUP_IRQHandler
                0x08005134                CAN3_SCE_IRQHandler
                0x08005134                LTDC_ER_IRQHandler
                0x08005134                CAN2_SCE_IRQHandler
                0x08005134                DMA2_Stream2_IRQHandler
                0x08005134                TIM1_BRK_TIM9_IRQHandler
                0x08005134                DCMI_IRQHandler
                0x08005134                CAN2_RX0_IRQHandler
                0x08005134                SAI2_IRQHandler
                0x08005134                DFSDM1_FLT3_IRQHandler
                0x08005134                USART6_IRQHandler
                0x08005134                CAN3_RX0_IRQHandler
                0x08005134                CAN1_RX1_IRQHandler
                0x08005134                UART5_IRQHandler
                0x08005134                TIM4_IRQHandler
                0x08005134                QUADSPI_IRQHandler
                0x08005134                I2C1_EV_IRQHandler
                0x08005134                DMA1_Stream6_IRQHandler
                0x08005134                UART4_IRQHandler
                0x08005134                TIM3_IRQHandler
                0x08005134                RCC_IRQHandler
                0x08005134                TIM8_BRK_TIM12_IRQHandler
                0x08005134                Default_Handler
                0x08005134                CEC_IRQHandler
                0x08005134                EXTI15_10_IRQHandler
                0x08005134                ADC_IRQHandler
                0x08005134                DMA1_Stream7_IRQHandler
                0x08005134                SPI5_IRQHandler
                0x08005134                TIM7_IRQHandler
                0x08005134                SDMMC1_IRQHandler
                0x08005134                CAN2_TX_IRQHandler
                0x08005134                TIM5_IRQHandler
                0x08005134                DMA2_Stream7_IRQHandler
                0x08005134                I2C3_EV_IRQHandler
                0x08005134                EXTI9_5_IRQHandler
                0x08005134                RTC_WKUP_IRQHandler
                0x08005134                LTDC_IRQHandler
                0x08005134                ETH_WKUP_IRQHandler
                0x08005134                SPDIF_RX_IRQHandler
                0x08005134                SPI2_IRQHandler
                0x08005134                OTG_HS_EP1_IN_IRQHandler
                0x08005134                DMA1_Stream0_IRQHandler
                0x08005134                CAN1_TX_IRQHandler
                0x08005134                EXTI4_IRQHandler
                0x08005134                RNG_IRQHandler
                0x08005134                ETH_IRQHandler
                0x08005134                OTG_HS_EP1_OUT_IRQHandler
                0x08005134                WWDG_IRQHandler
                0x08005134                SPI6_IRQHandler
                0x08005134                MDIOS_IRQHandler
                0x08005134                I2C4_EV_IRQHandler
                0x08005134                CAN3_TX_IRQHandler
                0x08005134                TIM2_IRQHandler
                0x08005134                OTG_FS_WKUP_IRQHandler
                0x08005134                TIM1_TRG_COM_TIM11_IRQHandler
                0x08005134                OTG_HS_IRQHandler
                0x08005134                DMA2D_IRQHandler
                0x08005134                EXTI1_IRQHandler
                0x08005134                SDMMC2_IRQHandler
                0x08005134                UART7_IRQHandler
                0x08005134                USART2_IRQHandler
                0x08005134                DFSDM1_FLT0_IRQHandler
                0x08005134                I2C2_ER_IRQHandler
                0x08005134                DMA2_Stream1_IRQHandler
                0x08005134                CAN1_SCE_IRQHandler
                0x08005134                FLASH_IRQHandler
                0x08005134                DMA2_Stream4_IRQHandler
                0x08005134                USART1_IRQHandler
                0x08005134                OTG_FS_IRQHandler
                0x08005134                SPI3_IRQHandler
                0x08005134                DMA1_Stream4_IRQHandler
                0x08005134                I2C1_ER_IRQHandler
                0x08005134                FMC_IRQHandler
                0x08005134                LPTIM1_IRQHandler
                0x08005134                I2C4_ER_IRQHandler
                0x08005134                DMA2_Stream6_IRQHandler
                0x08005134                SAI1_IRQHandler
 .text.HAL_Init
                0x08005136       0x1a ./Drivers/STM32F7xx_HAL_Driver/Src/stm32f7xx_hal.o
                0x08005136                HAL_Init
 .text.HAL_IncTick
                0x08005150       0x28 ./Drivers/STM32F7xx_HAL_Driver/Src/stm32f7xx_hal.o
                0x08005150                HAL_IncTick
 .text.HAL_GetTick
                0x08005178       0x18 ./Drivers/STM32F7xx_HAL_Driver/Src/stm32f7xx_hal.o
                0x08005178                HAL_GetTick
 .text.HAL_Delay
                0x08005190       0x48 ./Drivers/STM32F7xx_HAL_Driver/Src/stm32f7xx_hal.o
                0x08005190                HAL_Delay
 .text.__NVIC_SetPriorityGrouping
                0x080051d8       0x48 ./Drivers/STM32F7xx_HAL_Driver/Src/stm32f7xx_hal_cortex.o
 .text.__NVIC_GetPriorityGrouping
                0x08005220       0x1c ./Drivers/STM32F7xx_HAL_Driver/Src/stm32f7xx_hal_cortex.o
 .text.__NVIC_EnableIRQ
                0x0800523c       0x3c ./Drivers/STM32F7xx_HAL_Driver/Src/stm32f7xx_hal_cortex.o
 .text.__NVIC_SetPriority
                0x08005278       0x54 ./Drivers/STM32F7xx_HAL_Driver/Src/stm32f7xx_hal_cortex.o
 .text.NVIC_EncodePriority
                0x080052cc       0x66 ./Drivers/STM32F7xx_HAL_Driver/Src/stm32f7xx_hal_cortex.o
 .text.HAL_NVIC_SetPriorityGrouping
                0x08005332       0x16 ./Drivers/STM32F7xx_HAL_Driver/Src/stm32f7xx_hal_cortex.o
                0x08005332                HAL_NVIC_SetPriorityGrouping
 .text.HAL_NVIC_SetPriority
                0x08005348       0x38 ./Drivers/STM32F7xx_HAL_Driver/Src/stm32f7xx_hal_cortex.o
                0x08005348                HAL_NVIC_SetPriority
 .text.HAL_NVIC_EnableIRQ
                0x08005380       0x1c ./Drivers/STM32F7xx_HAL_Driver/Src/stm32f7xx_hal_cortex.o
                0x08005380                HAL_NVIC_EnableIRQ
 .text.HAL_DMA_Init
                0x0800539c      0x15c ./Drivers/STM32F7xx_HAL_Driver/Src/stm32f7xx_hal_dma.o
                0x0800539c                HAL_DMA_Init
 .text.HAL_DMA_Start_IT
                0x080054f8       0xc0 ./Drivers/STM32F7xx_HAL_Driver/Src/stm32f7xx_hal_dma.o
                0x080054f8                HAL_DMA_Start_IT
 .text.HAL_DMA_Abort
                0x080055b8       0xe0 ./Drivers/STM32F7xx_HAL_Driver/Src/stm32f7xx_hal_dma.o
                0x080055b8                HAL_DMA_Abort
 .text.HAL_DMA_Abort_IT
                0x08005698       0x44 ./Drivers/STM32F7xx_HAL_Driver/Src/stm32f7xx_hal_dma.o
                0x08005698                HAL_DMA_Abort_IT
 .text.HAL_DMA_IRQHandler
                0x080056dc      0x314 ./Drivers/STM32F7xx_HAL_Driver/Src/stm32f7xx_hal_dma.o
                0x080056dc                HAL_DMA_IRQHandler
 .text.DMA_SetConfig
                0x080059f0       0x5c ./Drivers/STM32F7xx_HAL_Driver/Src/stm32f7xx_hal_dma.o
 .text.DMA_CalcBaseAndBitshift
                0x08005a4c       0x6c ./Drivers/STM32F7xx_HAL_Driver/Src/stm32f7xx_hal_dma.o
 .text.DMA_CheckFifoParam
                0x08005ab8       0xf8 ./Drivers/STM32F7xx_HAL_Driver/Src/stm32f7xx_hal_dma.o
 .text.HAL_GPIO_Init
                0x08005bb0      0x358 ./Drivers/STM32F7xx_HAL_Driver/Src/stm32f7xx_hal_gpio.o
                0x08005bb0                HAL_GPIO_Init
 .text.HAL_GPIO_ReadPin
                0x08005f08       0x30 ./Drivers/STM32F7xx_HAL_Driver/Src/stm32f7xx_hal_gpio.o
                0x08005f08                HAL_GPIO_ReadPin
 .text.HAL_GPIO_WritePin
                0x08005f38       0x32 ./Drivers/STM32F7xx_HAL_Driver/Src/stm32f7xx_hal_gpio.o
                0x08005f38                HAL_GPIO_WritePin
 .text.HAL_PCD_Init
                0x08005f6a      0x22c ./Drivers/STM32F7xx_HAL_Driver/Src/stm32f7xx_hal_pcd.o
                0x08005f6a                HAL_PCD_Init
 *fill*         0x08006196        0x2 
 .text.HAL_PCDEx_ActivateLPM
                0x08006198       0x48 ./Drivers/STM32F7xx_HAL_Driver/Src/stm32f7xx_hal_pcd_ex.o
                0x08006198                HAL_PCDEx_ActivateLPM
 .text.HAL_PWR_EnableBkUpAccess
                0x080061e0       0x20 ./Drivers/STM32F7xx_HAL_Driver/Src/stm32f7xx_hal_pwr.o
                0x080061e0                HAL_PWR_EnableBkUpAccess
 .text.HAL_PWREx_EnableOverDrive
                0x08006200       0xa0 ./Drivers/STM32F7xx_HAL_Driver/Src/stm32f7xx_hal_pwr_ex.o
                0x08006200                HAL_PWREx_EnableOverDrive
 .text.HAL_RCC_OscConfig
                0x080062a0      0x55c ./Drivers/STM32F7xx_HAL_Driver/Src/stm32f7xx_hal_rcc.o
                0x080062a0                HAL_RCC_OscConfig
 .text.HAL_RCC_ClockConfig
                0x080067fc      0x1d8 ./Drivers/STM32F7xx_HAL_Driver/Src/stm32f7xx_hal_rcc.o
                0x080067fc                HAL_RCC_ClockConfig
 .text.HAL_RCC_GetSysClockFreq
                0x080069d4      0x20c ./Drivers/STM32F7xx_HAL_Driver/Src/stm32f7xx_hal_rcc.o
                0x080069d4                HAL_RCC_GetSysClockFreq
 .text.HAL_RCC_GetHCLKFreq
                0x08006be0       0x18 ./Drivers/STM32F7xx_HAL_Driver/Src/stm32f7xx_hal_rcc.o
                0x08006be0                HAL_RCC_GetHCLKFreq
 .text.HAL_RCC_GetPCLK1Freq
                0x08006bf8       0x28 ./Drivers/STM32F7xx_HAL_Driver/Src/stm32f7xx_hal_rcc.o
                0x08006bf8                HAL_RCC_GetPCLK1Freq
 .text.HAL_RCC_GetPCLK2Freq
                0x08006c20       0x28 ./Drivers/STM32F7xx_HAL_Driver/Src/stm32f7xx_hal_rcc.o
                0x08006c20                HAL_RCC_GetPCLK2Freq
 .text.HAL_RCC_GetClockConfig
                0x08006c48       0x64 ./Drivers/STM32F7xx_HAL_Driver/Src/stm32f7xx_hal_rcc.o
                0x08006c48                HAL_RCC_GetClockConfig
 .text.HAL_RCCEx_PeriphCLKConfig
                0x08006cac      0x850 ./Drivers/STM32F7xx_HAL_Driver/Src/stm32f7xx_hal_rcc_ex.o
                0x08006cac                HAL_RCCEx_PeriphCLKConfig
 .text.HAL_SPI_Init
                0x080074fc      0x156 ./Drivers/STM32F7xx_HAL_Driver/Src/stm32f7xx_hal_spi.o
                0x080074fc                HAL_SPI_Init
 .text.HAL_SPI_Transmit
                0x08007652      0x2ec ./Drivers/STM32F7xx_HAL_Driver/Src/stm32f7xx_hal_spi.o
                0x08007652                HAL_SPI_Transmit
 .text.HAL_SPI_TransmitReceive
                0x0800793e      0x43e ./Drivers/STM32F7xx_HAL_Driver/Src/stm32f7xx_hal_spi.o
                0x0800793e                HAL_SPI_TransmitReceive
 .text.HAL_SPI_Transmit_DMA
                0x08007d7c      0x1dc ./Drivers/STM32F7xx_HAL_Driver/Src/stm32f7xx_hal_spi.o
                0x08007d7c                HAL_SPI_Transmit_DMA
 .text.HAL_SPI_IRQHandler
                0x08007f58      0x200 ./Drivers/STM32F7xx_HAL_Driver/Src/stm32f7xx_hal_spi.o
                0x08007f58                HAL_SPI_IRQHandler
 .text.HAL_SPI_TxHalfCpltCallback
                0x08008158       0x14 ./Drivers/STM32F7xx_HAL_Driver/Src/stm32f7xx_hal_spi.o
                0x08008158                HAL_SPI_TxHalfCpltCallback
 .text.HAL_SPI_ErrorCallback
                0x0800816c       0x14 ./Drivers/STM32F7xx_HAL_Driver/Src/stm32f7xx_hal_spi.o
                0x0800816c                HAL_SPI_ErrorCallback
 .text.SPI_DMATransmitCplt
                0x08008180       0xa8 ./Drivers/STM32F7xx_HAL_Driver/Src/stm32f7xx_hal_spi.o
 .text.SPI_DMAHalfTransmitCplt
                0x08008228       0x1c ./Drivers/STM32F7xx_HAL_Driver/Src/stm32f7xx_hal_spi.o
 .text.SPI_DMAError
                0x08008244       0x40 ./Drivers/STM32F7xx_HAL_Driver/Src/stm32f7xx_hal_spi.o
 .text.SPI_DMAAbortOnError
                0x08008284       0x2a ./Drivers/STM32F7xx_HAL_Driver/Src/stm32f7xx_hal_spi.o
 *fill*         0x080082ae        0x2 
 .text.SPI_WaitFlagStateUntilTimeout
                0x080082b0      0x110 ./Drivers/STM32F7xx_HAL_Driver/Src/stm32f7xx_hal_spi.o
 .text.SPI_WaitFifoStateUntilTimeout
                0x080083c0      0x12c ./Drivers/STM32F7xx_HAL_Driver/Src/stm32f7xx_hal_spi.o
 .text.SPI_EndRxTxTransaction
                0x080084ec       0xd4 ./Drivers/STM32F7xx_HAL_Driver/Src/stm32f7xx_hal_spi.o
 .text.HAL_TIM_Base_Init
                0x080085c0       0xae ./Drivers/STM32F7xx_HAL_Driver/Src/stm32f7xx_hal_tim.o
                0x080085c0                HAL_TIM_Base_Init
 .text.HAL_TIM_Base_MspInit
                0x0800866e       0x14 ./Drivers/STM32F7xx_HAL_Driver/Src/stm32f7xx_hal_tim.o
                0x0800866e                HAL_TIM_Base_MspInit
 *fill*         0x08008682        0x2 
 .text.HAL_TIM_Base_Start_IT
                0x08008684       0xf0 ./Drivers/STM32F7xx_HAL_Driver/Src/stm32f7xx_hal_tim.o
                0x08008684                HAL_TIM_Base_Start_IT
 .text.HAL_TIM_PWM_Init
                0x08008774       0xae ./Drivers/STM32F7xx_HAL_Driver/Src/stm32f7xx_hal_tim.o
                0x08008774                HAL_TIM_PWM_Init
 *fill*         0x08008822        0x2 
 .text.HAL_TIM_PWM_Start
                0x08008824      0x1f4 ./Drivers/STM32F7xx_HAL_Driver/Src/stm32f7xx_hal_tim.o
                0x08008824                HAL_TIM_PWM_Start
 .text.HAL_TIM_IRQHandler
                0x08008a18      0x20e ./Drivers/STM32F7xx_HAL_Driver/Src/stm32f7xx_hal_tim.o
                0x08008a18                HAL_TIM_IRQHandler
 *fill*         0x08008c26        0x2 
 .text.HAL_TIM_PWM_ConfigChannel
                0x08008c28      0x228 ./Drivers/STM32F7xx_HAL_Driver/Src/stm32f7xx_hal_tim.o
                0x08008c28                HAL_TIM_PWM_ConfigChannel
 .text.HAL_TIM_OC_DelayElapsedCallback
                0x08008e50       0x14 ./Drivers/STM32F7xx_HAL_Driver/Src/stm32f7xx_hal_tim.o
                0x08008e50                HAL_TIM_OC_DelayElapsedCallback
 .text.HAL_TIM_IC_CaptureCallback
                0x08008e64       0x14 ./Drivers/STM32F7xx_HAL_Driver/Src/stm32f7xx_hal_tim.o
                0x08008e64                HAL_TIM_IC_CaptureCallback
 .text.HAL_TIM_PWM_PulseFinishedCallback
                0x08008e78       0x14 ./Drivers/STM32F7xx_HAL_Driver/Src/stm32f7xx_hal_tim.o
                0x08008e78                HAL_TIM_PWM_PulseFinishedCallback
 .text.HAL_TIM_TriggerCallback
                0x08008e8c       0x14 ./Drivers/STM32F7xx_HAL_Driver/Src/stm32f7xx_hal_tim.o
                0x08008e8c                HAL_TIM_TriggerCallback
 .text.TIM_Base_SetConfig
                0x08008ea0      0x14c ./Drivers/STM32F7xx_HAL_Driver/Src/stm32f7xx_hal_tim.o
                0x08008ea0                TIM_Base_SetConfig
 .text.TIM_OC1_SetConfig
                0x08008fec       0xe4 ./Drivers/STM32F7xx_HAL_Driver/Src/stm32f7xx_hal_tim.o
 .text.TIM_OC2_SetConfig
                0x080090d0       0xf0 ./Drivers/STM32F7xx_HAL_Driver/Src/stm32f7xx_hal_tim.o
                0x080090d0                TIM_OC2_SetConfig
 .text.TIM_OC3_SetConfig
                0x080091c0       0xec ./Drivers/STM32F7xx_HAL_Driver/Src/stm32f7xx_hal_tim.o
 .text.TIM_OC4_SetConfig
                0x080092ac       0xb0 ./Drivers/STM32F7xx_HAL_Driver/Src/stm32f7xx_hal_tim.o
 .text.TIM_OC5_SetConfig
                0x0800935c       0xa4 ./Drivers/STM32F7xx_HAL_Driver/Src/stm32f7xx_hal_tim.o
 .text.TIM_OC6_SetConfig
                0x08009400       0xa8 ./Drivers/STM32F7xx_HAL_Driver/Src/stm32f7xx_hal_tim.o
 .text.TIM_CCxChannelCmd
                0x080094a8       0x4a ./Drivers/STM32F7xx_HAL_Driver/Src/stm32f7xx_hal_tim.o
                0x080094a8                TIM_CCxChannelCmd
 *fill*         0x080094f2        0x2 
 .text.HAL_TIMEx_MasterConfigSynchronization
                0x080094f4      0x11c ./Drivers/STM32F7xx_HAL_Driver/Src/stm32f7xx_hal_tim_ex.o
                0x080094f4                HAL_TIMEx_MasterConfigSynchronization
 .text.HAL_TIMEx_CommutCallback
                0x08009610       0x14 ./Drivers/STM32F7xx_HAL_Driver/Src/stm32f7xx_hal_tim_ex.o
                0x08009610                HAL_TIMEx_CommutCallback
 .text.HAL_TIMEx_BreakCallback
                0x08009624       0x14 ./Drivers/STM32F7xx_HAL_Driver/Src/stm32f7xx_hal_tim_ex.o
                0x08009624                HAL_TIMEx_BreakCallback
 .text.HAL_TIMEx_Break2Callback
                0x08009638       0x14 ./Drivers/STM32F7xx_HAL_Driver/Src/stm32f7xx_hal_tim_ex.o
                0x08009638                HAL_TIMEx_Break2Callback
 .text.HAL_UART_Init
                0x0800964c       0x9c ./Drivers/STM32F7xx_HAL_Driver/Src/stm32f7xx_hal_uart.o
                0x0800964c                HAL_UART_Init
 .text.HAL_UART_Transmit
                0x080096e8      0x112 ./Drivers/STM32F7xx_HAL_Driver/Src/stm32f7xx_hal_uart.o
                0x080096e8                HAL_UART_Transmit
 .text.HAL_UART_Receive_IT
                0x080097fa       0x88 ./Drivers/STM32F7xx_HAL_Driver/Src/stm32f7xx_hal_uart.o
                0x080097fa                HAL_UART_Receive_IT
 *fill*         0x08009882        0x2 
 .text.HAL_UART_IRQHandler
                0x08009884      0x604 ./Drivers/STM32F7xx_HAL_Driver/Src/stm32f7xx_hal_uart.o
                0x08009884                HAL_UART_IRQHandler
 .text.HAL_UART_TxCpltCallback
                0x08009e88       0x14 ./Drivers/STM32F7xx_HAL_Driver/Src/stm32f7xx_hal_uart.o
                0x08009e88                HAL_UART_TxCpltCallback
 .text.HAL_UART_ErrorCallback
                0x08009e9c       0x14 ./Drivers/STM32F7xx_HAL_Driver/Src/stm32f7xx_hal_uart.o
                0x08009e9c                HAL_UART_ErrorCallback
 .text.HAL_UARTEx_RxEventCallback
                0x08009eb0       0x18 ./Drivers/STM32F7xx_HAL_Driver/Src/stm32f7xx_hal_uart.o
                0x08009eb0                HAL_UARTEx_RxEventCallback
 .text.HAL_UARTEx_WakeupCallback
                0x08009ec8       0x14 ./Drivers/STM32F7xx_HAL_Driver/Src/stm32f7xx_hal_uart.o
                0x08009ec8                HAL_UARTEx_WakeupCallback
 .text.UART_SetConfig
                0x08009edc      0x4c8 ./Drivers/STM32F7xx_HAL_Driver/Src/stm32f7xx_hal_uart.o
                0x08009edc                UART_SetConfig
 .text.UART_AdvFeatureConfig
                0x0800a3a4      0x144 ./Drivers/STM32F7xx_HAL_Driver/Src/stm32f7xx_hal_uart.o
                0x0800a3a4                UART_AdvFeatureConfig
 .text.UART_CheckIdleState
                0x0800a4e8      0x150 ./Drivers/STM32F7xx_HAL_Driver/Src/stm32f7xx_hal_uart.o
                0x0800a4e8                UART_CheckIdleState
 .text.UART_WaitOnFlagUntilTimeout
                0x0800a638       0xda ./Drivers/STM32F7xx_HAL_Driver/Src/stm32f7xx_hal_uart.o
                0x0800a638                UART_WaitOnFlagUntilTimeout
 *fill*         0x0800a712        0x2 
 .text.UART_Start_Receive_IT
                0x0800a714      0x18c ./Drivers/STM32F7xx_HAL_Driver/Src/stm32f7xx_hal_uart.o
                0x0800a714                UART_Start_Receive_IT
 .text.UART_EndRxTransfer
                0x0800a8a0       0xc8 ./Drivers/STM32F7xx_HAL_Driver/Src/stm32f7xx_hal_uart.o
 .text.UART_DMAAbortOnError
                0x0800a968       0x24 ./Drivers/STM32F7xx_HAL_Driver/Src/stm32f7xx_hal_uart.o
 .text.UART_EndTransmit_IT
                0x0800a98c       0x54 ./Drivers/STM32F7xx_HAL_Driver/Src/stm32f7xx_hal_uart.o
 .text.UART_RxISR_8BIT
                0x0800a9e0      0x1a8 ./Drivers/STM32F7xx_HAL_Driver/Src/stm32f7xx_hal_uart.o
 .text.UART_RxISR_16BIT
                0x0800ab88      0x1a8 ./Drivers/STM32F7xx_HAL_Driver/Src/stm32f7xx_hal_uart.o
 .text.USB_CoreInit
                0x0800ad30       0xb4 ./Drivers/STM32F7xx_HAL_Driver/Src/stm32f7xx_ll_usb.o
                0x0800ad30                USB_CoreInit
 .text.USB_DisableGlobalInt
                0x0800ade4       0x22 ./Drivers/STM32F7xx_HAL_Driver/Src/stm32f7xx_ll_usb.o
                0x0800ade4                USB_DisableGlobalInt
 .text.USB_SetCurrentMode
                0x0800ae06       0x98 ./Drivers/STM32F7xx_HAL_Driver/Src/stm32f7xx_ll_usb.o
                0x0800ae06                USB_SetCurrentMode
 *fill*         0x0800ae9e        0x2 
 .text.USB_DevInit
                0x0800aea0      0x2bc ./Drivers/STM32F7xx_HAL_Driver/Src/stm32f7xx_ll_usb.o
                0x0800aea0                USB_DevInit
 .text.USB_FlushTxFifo
                0x0800b15c       0x64 ./Drivers/STM32F7xx_HAL_Driver/Src/stm32f7xx_ll_usb.o
                0x0800b15c                USB_FlushTxFifo
 .text.USB_FlushRxFifo
                0x0800b1c0       0x5c ./Drivers/STM32F7xx_HAL_Driver/Src/stm32f7xx_ll_usb.o
                0x0800b1c0                USB_FlushRxFifo
 .text.USB_SetDevSpeed
                0x0800b21c       0x32 ./Drivers/STM32F7xx_HAL_Driver/Src/stm32f7xx_ll_usb.o
                0x0800b21c                USB_SetDevSpeed
 .text.USB_DevDisconnect
                0x0800b24e       0x42 ./Drivers/STM32F7xx_HAL_Driver/Src/stm32f7xx_ll_usb.o
                0x0800b24e                USB_DevDisconnect
 .text.USB_GetMode
                0x0800b290       0x1c ./Drivers/STM32F7xx_HAL_Driver/Src/stm32f7xx_ll_usb.o
                0x0800b290                USB_GetMode
 .text.USB_CoreReset
                0x0800b2ac       0x70 ./Drivers/STM32F7xx_HAL_Driver/Src/stm32f7xx_ll_usb.o
 .text.MX_FATFS_Init
                0x0800b31c       0x24 ./FATFS/App/fatfs.o
                0x0800b31c                MX_FATFS_Init
 .text.get_fattime
                0x0800b340       0x10 ./FATFS/App/fatfs.o
                0x0800b340                get_fattime
 .text.disk_status
                0x0800b350       0x34 ./Middlewares/Third_Party/FatFs/src/diskio.o
                0x0800b350                disk_status
 .text.disk_initialize
                0x0800b384       0x4c ./Middlewares/Third_Party/FatFs/src/diskio.o
                0x0800b384                disk_initialize
 .text.disk_read
                0x0800b3d0       0x40 ./Middlewares/Third_Party/FatFs/src/diskio.o
                0x0800b3d0                disk_read
 .text.disk_write
                0x0800b410       0x40 ./Middlewares/Third_Party/FatFs/src/diskio.o
                0x0800b410                disk_write
 .text.disk_ioctl
                0x0800b450       0x3c ./Middlewares/Third_Party/FatFs/src/diskio.o
                0x0800b450                disk_ioctl
 .text.ld_word  0x0800b48c       0x32 ./Middlewares/Third_Party/FatFs/src/ff.o
 .text.ld_dword
                0x0800b4be       0x46 ./Middlewares/Third_Party/FatFs/src/ff.o
 .text.st_word  0x0800b504       0x36 ./Middlewares/Third_Party/FatFs/src/ff.o
 .text.st_dword
                0x0800b53a       0x58 ./Middlewares/Third_Party/FatFs/src/ff.o
 .text.mem_cpy  0x0800b592       0x42 ./Middlewares/Third_Party/FatFs/src/ff.o
 .text.mem_set  0x0800b5d4       0x36 ./Middlewares/Third_Party/FatFs/src/ff.o
 .text.mem_cmp  0x0800b60a       0x4e ./Middlewares/Third_Party/FatFs/src/ff.o
 .text.chk_chr  0x0800b658       0x36 ./Middlewares/Third_Party/FatFs/src/ff.o
 .text.lock_fs  0x0800b68e       0x2c ./Middlewares/Third_Party/FatFs/src/ff.o
 .text.unlock_fs
                0x0800b6ba       0x36 ./Middlewares/Third_Party/FatFs/src/ff.o
 .text.chk_lock
                0x0800b6f0       0xb8 ./Middlewares/Third_Party/FatFs/src/ff.o
 .text.enq_lock
                0x0800b7a8       0x44 ./Middlewares/Third_Party/FatFs/src/ff.o
 .text.inc_lock
                0x0800b7ec      0x11c ./Middlewares/Third_Party/FatFs/src/ff.o
 .text.dec_lock
                0x0800b908       0x78 ./Middlewares/Third_Party/FatFs/src/ff.o
 .text.clear_lock
                0x0800b980       0x48 ./Middlewares/Third_Party/FatFs/src/ff.o
 .text.sync_window
                0x0800b9c8       0x88 ./Middlewares/Third_Party/FatFs/src/ff.o
 .text.move_window
                0x0800ba50       0x5a ./Middlewares/Third_Party/FatFs/src/ff.o
 *fill*         0x0800baaa        0x2 
 .text.sync_fs  0x0800baac       0xdc ./Middlewares/Third_Party/FatFs/src/ff.o
 .text.clust2sect
                0x0800bb88       0x3e ./Middlewares/Third_Party/FatFs/src/ff.o
 .text.get_fat  0x0800bbc6      0x14e ./Middlewares/Third_Party/FatFs/src/ff.o
 .text.put_fat  0x0800bd14      0x1d4 ./Middlewares/Third_Party/FatFs/src/ff.o
 .text.remove_chain
                0x0800bee8       0xca ./Middlewares/Third_Party/FatFs/src/ff.o
 .text.create_chain
                0x0800bfb2      0x130 ./Middlewares/Third_Party/FatFs/src/ff.o
 .text.clmt_clust
                0x0800c0e2       0x68 ./Middlewares/Third_Party/FatFs/src/ff.o
 .text.dir_sdi  0x0800c14a       0xf6 ./Middlewares/Third_Party/FatFs/src/ff.o
 .text.dir_next
                0x0800c240      0x18a ./Middlewares/Third_Party/FatFs/src/ff.o
 .text.dir_alloc
                0x0800c3ca       0x8e ./Middlewares/Third_Party/FatFs/src/ff.o
 .text.ld_clust
                0x0800c458       0x3e ./Middlewares/Third_Party/FatFs/src/ff.o
 .text.st_clust
                0x0800c496       0x40 ./Middlewares/Third_Party/FatFs/src/ff.o
 .text.dir_read
                0x0800c4d6       0xba ./Middlewares/Third_Party/FatFs/src/ff.o
 .text.dir_find
                0x0800c590       0xaa ./Middlewares/Third_Party/FatFs/src/ff.o
 .text.dir_register
                0x0800c63a       0x64 ./Middlewares/Third_Party/FatFs/src/ff.o
 .text.dir_remove
                0x0800c69e       0x3c ./Middlewares/Third_Party/FatFs/src/ff.o
 .text.get_fileinfo
                0x0800c6da       0xc0 ./Middlewares/Third_Party/FatFs/src/ff.o
 *fill*         0x0800c79a        0x2 
 .text.create_name
                0x0800c79c      0x194 ./Middlewares/Third_Party/FatFs/src/ff.o
 .text.follow_path
                0x0800c930      0x120 ./Middlewares/Third_Party/FatFs/src/ff.o
 .text.get_ldnumber
                0x0800ca50       0x88 ./Middlewares/Third_Party/FatFs/src/ff.o
 .text.check_fs
                0x0800cad8       0xac ./Middlewares/Third_Party/FatFs/src/ff.o
 .text.find_volume
                0x0800cb84      0x4ac ./Middlewares/Third_Party/FatFs/src/ff.o
 .text.validate
                0x0800d030       0x8e ./Middlewares/Third_Party/FatFs/src/ff.o
 *fill*         0x0800d0be        0x2 
 .text.f_mount  0x0800d0c0       0xc8 ./Middlewares/Third_Party/FatFs/src/ff.o
                0x0800d0c0                f_mount
 .text.f_open   0x0800d188      0x382 ./Middlewares/Third_Party/FatFs/src/ff.o
                0x0800d188                f_open
 .text.f_read   0x0800d50a      0x2dc ./Middlewares/Third_Party/FatFs/src/ff.o
                0x0800d50a                f_read
 .text.f_write  0x0800d7e6      0x348 ./Middlewares/Third_Party/FatFs/src/ff.o
                0x0800d7e6                f_write
 .text.f_sync   0x0800db2e      0x112 ./Middlewares/Third_Party/FatFs/src/ff.o
                0x0800db2e                f_sync
 .text.f_close  0x0800dc40       0x5e ./Middlewares/Third_Party/FatFs/src/ff.o
                0x0800dc40                f_close
 .text.f_opendir
                0x0800dc9e       0xf2 ./Middlewares/Third_Party/FatFs/src/ff.o
                0x0800dc9e                f_opendir
 .text.f_closedir
                0x0800dd90       0x56 ./Middlewares/Third_Party/FatFs/src/ff.o
                0x0800dd90                f_closedir
 .text.f_readdir
                0x0800dde6       0x86 ./Middlewares/Third_Party/FatFs/src/ff.o
                0x0800dde6                f_readdir
 .text.f_getfree
                0x0800de6c      0x178 ./Middlewares/Third_Party/FatFs/src/ff.o
                0x0800de6c                f_getfree
 .text.f_unlink
                0x0800dfe4      0x190 ./Middlewares/Third_Party/FatFs/src/ff.o
                0x0800dfe4                f_unlink
 .text.f_mkdir  0x0800e174      0x236 ./Middlewares/Third_Party/FatFs/src/ff.o
                0x0800e174                f_mkdir
 *fill*         0x0800e3aa        0x2 
 .text.FATFS_LinkDriverEx
                0x0800e3ac       0x98 ./Middlewares/Third_Party/FatFs/src/ff_gen_drv.o
                0x0800e3ac                FATFS_LinkDriverEx
 .text.FATFS_LinkDriver
                0x0800e444       0x1e ./Middlewares/Third_Party/FatFs/src/ff_gen_drv.o
                0x0800e444                FATFS_LinkDriver
 .text.ff_cre_syncobj
                0x0800e462       0x36 ./Middlewares/Third_Party/FatFs/src/option/syscall.o
                0x0800e462                ff_cre_syncobj
 .text.ff_del_syncobj
                0x0800e498       0x18 ./Middlewares/Third_Party/FatFs/src/option/syscall.o
                0x0800e498                ff_del_syncobj
 .text.ff_req_grant
                0x0800e4b0       0x2a ./Middlewares/Third_Party/FatFs/src/option/syscall.o
                0x0800e4b0                ff_req_grant
 .text.ff_rel_grant
                0x0800e4da       0x16 ./Middlewares/Third_Party/FatFs/src/option/syscall.o
                0x0800e4da                ff_rel_grant
 .text.SVC_Setup
                0x0800e4f0        0xe ./Middlewares/Third_Party/FreeRTOS/Source/CMSIS_RTOS_V2/cmsis_os2.o
 *fill*         0x0800e4fe        0x2 
 .text.osKernelInitialize
                0x0800e500       0x68 ./Middlewares/Third_Party/FreeRTOS/Source/CMSIS_RTOS_V2/cmsis_os2.o
                0x0800e500                osKernelInitialize
 .text.osKernelStart
                0x0800e568       0x6c ./Middlewares/Third_Party/FreeRTOS/Source/CMSIS_RTOS_V2/cmsis_os2.o
                0x0800e568                osKernelStart
 .text.osThreadNew
                0x0800e5d4      0x14c ./Middlewares/Third_Party/FreeRTOS/Source/CMSIS_RTOS_V2/cmsis_os2.o
                0x0800e5d4                osThreadNew
 .text.osDelay  0x0800e720       0x5c ./Middlewares/Third_Party/FreeRTOS/Source/CMSIS_RTOS_V2/cmsis_os2.o
                0x0800e720                osDelay
 .text.osSemaphoreNew
                0x0800e77c      0x138 ./Middlewares/Third_Party/FreeRTOS/Source/CMSIS_RTOS_V2/cmsis_os2.o
                0x0800e77c                osSemaphoreNew
 .text.osSemaphoreAcquire
                0x0800e8b4       0xcc ./Middlewares/Third_Party/FreeRTOS/Source/CMSIS_RTOS_V2/cmsis_os2.o
                0x0800e8b4                osSemaphoreAcquire
 .text.osSemaphoreRelease
                0x0800e980       0xb0 ./Middlewares/Third_Party/FreeRTOS/Source/CMSIS_RTOS_V2/cmsis_os2.o
                0x0800e980                osSemaphoreRelease
 .text.osSemaphoreDelete
                0x0800ea30       0x6c ./Middlewares/Third_Party/FreeRTOS/Source/CMSIS_RTOS_V2/cmsis_os2.o
                0x0800ea30                osSemaphoreDelete
 .text.osMessageQueueNew
                0x0800ea9c      0x10c ./Middlewares/Third_Party/FreeRTOS/Source/CMSIS_RTOS_V2/cmsis_os2.o
                0x0800ea9c                osMessageQueueNew
 .text.osMessageQueuePut
                0x0800eba8       0xe8 ./Middlewares/Third_Party/FreeRTOS/Source/CMSIS_RTOS_V2/cmsis_os2.o
                0x0800eba8                osMessageQueuePut
 .text.osMessageQueueGet
                0x0800ec90       0xe4 ./Middlewares/Third_Party/FreeRTOS/Source/CMSIS_RTOS_V2/cmsis_os2.o
                0x0800ec90                osMessageQueueGet
 .text.vApplicationGetIdleTaskMemory
                0x0800ed74       0x34 ./Middlewares/Third_Party/FreeRTOS/Source/CMSIS_RTOS_V2/cmsis_os2.o
                0x0800ed74                vApplicationGetIdleTaskMemory
 .text.vApplicationGetTimerTaskMemory
                0x0800eda8       0x34 ./Middlewares/Third_Party/FreeRTOS/Source/CMSIS_RTOS_V2/cmsis_os2.o
                0x0800eda8                vApplicationGetTimerTaskMemory
 .text.vListInitialise
                0x0800eddc       0x40 ./Middlewares/Third_Party/FreeRTOS/Source/list.o
                0x0800eddc                vListInitialise
 .text.vListInitialiseItem
                0x0800ee1c       0x1a ./Middlewares/Third_Party/FreeRTOS/Source/list.o
                0x0800ee1c                vListInitialiseItem
 .text.vListInsertEnd
                0x0800ee36       0x48 ./Middlewares/Third_Party/FreeRTOS/Source/list.o
                0x0800ee36                vListInsertEnd
 .text.vListInsert
                0x0800ee7e       0x72 ./Middlewares/Third_Party/FreeRTOS/Source/list.o
                0x0800ee7e                vListInsert
 .text.uxListRemove
                0x0800eef0       0x54 ./Middlewares/Third_Party/FreeRTOS/Source/list.o
                0x0800eef0                uxListRemove
 .text.xQueueGenericReset
                0x0800ef44       0xd8 ./Middlewares/Third_Party/FreeRTOS/Source/queue.o
                0x0800ef44                xQueueGenericReset
 .text.xQueueGenericCreateStatic
                0x0800f01c      0x10e ./Middlewares/Third_Party/FreeRTOS/Source/queue.o
                0x0800f01c                xQueueGenericCreateStatic
 .text.xQueueGenericCreate
                0x0800f12a       0x86 ./Middlewares/Third_Party/FreeRTOS/Source/queue.o
                0x0800f12a                xQueueGenericCreate
 .text.prvInitialiseNewQueue
                0x0800f1b0       0x46 ./Middlewares/Third_Party/FreeRTOS/Source/queue.o
 .text.xQueueCreateCountingSemaphoreStatic
                0x0800f1f6       0x7a ./Middlewares/Third_Party/FreeRTOS/Source/queue.o
                0x0800f1f6                xQueueCreateCountingSemaphoreStatic
 .text.xQueueCreateCountingSemaphore
                0x0800f270       0x72 ./Middlewares/Third_Party/FreeRTOS/Source/queue.o
                0x0800f270                xQueueCreateCountingSemaphore
 *fill*         0x0800f2e2        0x2 
 .text.xQueueGenericSend
                0x0800f2e4      0x214 ./Middlewares/Third_Party/FreeRTOS/Source/queue.o
                0x0800f2e4                xQueueGenericSend
 .text.xQueueGenericSendFromISR
                0x0800f4f8      0x146 ./Middlewares/Third_Party/FreeRTOS/Source/queue.o
                0x0800f4f8                xQueueGenericSendFromISR
 .text.xQueueGiveFromISR
                0x0800f63e      0x130 ./Middlewares/Third_Party/FreeRTOS/Source/queue.o
                0x0800f63e                xQueueGiveFromISR
 *fill*         0x0800f76e        0x2 
 .text.xQueueReceive
                0x0800f770      0x1d0 ./Middlewares/Third_Party/FreeRTOS/Source/queue.o
                0x0800f770                xQueueReceive
 .text.xQueueSemaphoreTake
                0x0800f940      0x230 ./Middlewares/Third_Party/FreeRTOS/Source/queue.o
                0x0800f940                xQueueSemaphoreTake
 .text.xQueueReceiveFromISR
                0x0800fb70      0x110 ./Middlewares/Third_Party/FreeRTOS/Source/queue.o
                0x0800fb70                xQueueReceiveFromISR
 .text.vQueueDelete
                0x0800fc80       0x4c ./Middlewares/Third_Party/FreeRTOS/Source/queue.o
                0x0800fc80                vQueueDelete
 .text.prvGetDisinheritPriorityAfterTimeout
                0x0800fccc       0x30 ./Middlewares/Third_Party/FreeRTOS/Source/queue.o
 .text.prvCopyDataToQueue
                0x0800fcfc       0xd4 ./Middlewares/Third_Party/FreeRTOS/Source/queue.o
 .text.prvCopyDataFromQueue
                0x0800fdd0       0x4c ./Middlewares/Third_Party/FreeRTOS/Source/queue.o
 .text.prvUnlockQueue
                0x0800fe1c       0xa4 ./Middlewares/Third_Party/FreeRTOS/Source/queue.o
 .text.prvIsQueueEmpty
                0x0800fec0       0x2c ./Middlewares/Third_Party/FreeRTOS/Source/queue.o
 .text.prvIsQueueFull
                0x0800feec       0x30 ./Middlewares/Third_Party/FreeRTOS/Source/queue.o
 .text.vQueueAddToRegistry
                0x0800ff1c       0x54 ./Middlewares/Third_Party/FreeRTOS/Source/queue.o
                0x0800ff1c                vQueueAddToRegistry
 .text.vQueueUnregisterQueue
                0x0800ff70       0x54 ./Middlewares/Third_Party/FreeRTOS/Source/queue.o
                0x0800ff70                vQueueUnregisterQueue
 .text.vQueueWaitForMessageRestricted
                0x0800ffc4       0x68 ./Middlewares/Third_Party/FreeRTOS/Source/queue.o
                0x0800ffc4                vQueueWaitForMessageRestricted
 .text.xTaskCreateStatic
                0x0801002c       0xcc ./Middlewares/Third_Party/FreeRTOS/Source/tasks.o
                0x0801002c                xTaskCreateStatic
 .text.xTaskCreate
                0x080100f8       0x8a ./Middlewares/Third_Party/FreeRTOS/Source/tasks.o
                0x080100f8                xTaskCreate
 .text.prvInitialiseNewTask
                0x08010182      0x124 ./Middlewares/Third_Party/FreeRTOS/Source/tasks.o
 *fill*         0x080102a6        0x2 
 .text.prvAddNewTaskToReadyList
                0x080102a8       0xe0 ./Middlewares/Third_Party/FreeRTOS/Source/tasks.o
 .text.vTaskDelay
                0x08010388       0x70 ./Middlewares/Third_Party/FreeRTOS/Source/tasks.o
                0x08010388                vTaskDelay
 .text.vTaskSuspend
                0x080103f8       0xf0 ./Middlewares/Third_Party/FreeRTOS/Source/tasks.o
                0x080103f8                vTaskSuspend
 .text.vTaskStartScheduler
                0x080104e8       0xd8 ./Middlewares/Third_Party/FreeRTOS/Source/tasks.o
                0x080104e8                vTaskStartScheduler
 .text.vTaskSuspendAll
                0x080105c0       0x1c ./Middlewares/Third_Party/FreeRTOS/Source/tasks.o
                0x080105c0                vTaskSuspendAll
 .text.xTaskResumeAll
                0x080105dc      0x140 ./Middlewares/Third_Party/FreeRTOS/Source/tasks.o
                0x080105dc                xTaskResumeAll
 .text.xTaskGetTickCount
                0x0801071c       0x20 ./Middlewares/Third_Party/FreeRTOS/Source/tasks.o
                0x0801071c                xTaskGetTickCount
 .text.xTaskIncrementTick
                0x0801073c      0x178 ./Middlewares/Third_Party/FreeRTOS/Source/tasks.o
                0x0801073c                xTaskIncrementTick
 .text.vTaskSwitchContext
                0x080108b4       0xc0 ./Middlewares/Third_Party/FreeRTOS/Source/tasks.o
                0x080108b4                vTaskSwitchContext
 .text.vTaskPlaceOnEventList
                0x08010974       0x50 ./Middlewares/Third_Party/FreeRTOS/Source/tasks.o
                0x08010974                vTaskPlaceOnEventList
 .text.vTaskPlaceOnEventListRestricted
                0x080109c4       0x5c ./Middlewares/Third_Party/FreeRTOS/Source/tasks.o
                0x080109c4                vTaskPlaceOnEventListRestricted
 .text.xTaskRemoveFromEventList
                0x08010a20       0xcc ./Middlewares/Third_Party/FreeRTOS/Source/tasks.o
                0x08010a20                xTaskRemoveFromEventList
 .text.vTaskInternalSetTimeOutState
                0x08010aec       0x2c ./Middlewares/Third_Party/FreeRTOS/Source/tasks.o
                0x08010aec                vTaskInternalSetTimeOutState
 .text.xTaskCheckForTimeOut
                0x08010b18       0xd0 ./Middlewares/Third_Party/FreeRTOS/Source/tasks.o
                0x08010b18                xTaskCheckForTimeOut
 .text.vTaskMissedYield
                0x08010be8       0x18 ./Middlewares/Third_Party/FreeRTOS/Source/tasks.o
                0x08010be8                vTaskMissedYield
 .text.prvIdleTask
                0x08010c00       0x34 ./Middlewares/Third_Party/FreeRTOS/Source/tasks.o
 .text.prvInitialiseTaskLists
                0x08010c34       0x80 ./Middlewares/Third_Party/FreeRTOS/Source/tasks.o
 .text.prvCheckTasksWaitingTermination
                0x08010cb4       0x5c ./Middlewares/Third_Party/FreeRTOS/Source/tasks.o
 .text.prvDeleteTCB
                0x08010d10       0x64 ./Middlewares/Third_Party/FreeRTOS/Source/tasks.o
 .text.prvResetNextTaskUnblockTime
                0x08010d74       0x40 ./Middlewares/Third_Party/FreeRTOS/Source/tasks.o
 .text.xTaskGetSchedulerState
                0x08010db4       0x3c ./Middlewares/Third_Party/FreeRTOS/Source/tasks.o
                0x08010db4                xTaskGetSchedulerState
 .text.xTaskPriorityInherit
                0x08010df0       0xd0 ./Middlewares/Third_Party/FreeRTOS/Source/tasks.o
                0x08010df0                xTaskPriorityInherit
 .text.xTaskPriorityDisinherit
                0x08010ec0       0xe8 ./Middlewares/Third_Party/FreeRTOS/Source/tasks.o
                0x08010ec0                xTaskPriorityDisinherit
 .text.vTaskPriorityDisinheritAfterTimeout
                0x08010fa8      0x110 ./Middlewares/Third_Party/FreeRTOS/Source/tasks.o
                0x08010fa8                vTaskPriorityDisinheritAfterTimeout
 .text.pvTaskIncrementMutexHeldCount
                0x080110b8       0x28 ./Middlewares/Third_Party/FreeRTOS/Source/tasks.o
                0x080110b8                pvTaskIncrementMutexHeldCount
 .text.prvAddCurrentTaskToDelayedList
                0x080110e0       0xa8 ./Middlewares/Third_Party/FreeRTOS/Source/tasks.o
 .text.xTimerCreateTimerTask
                0x08011188       0x98 ./Middlewares/Third_Party/FreeRTOS/Source/timers.o
                0x08011188                xTimerCreateTimerTask
 .text.xTimerGenericCommand
                0x08011220       0xa0 ./Middlewares/Third_Party/FreeRTOS/Source/timers.o
                0x08011220                xTimerGenericCommand
 .text.prvProcessExpiredTimer
                0x080112c0       0xa0 ./Middlewares/Third_Party/FreeRTOS/Source/timers.o
 .text.prvTimerTask
                0x08011360       0x26 ./Middlewares/Third_Party/FreeRTOS/Source/timers.o
 *fill*         0x08011386        0x2 
 .text.prvProcessTimerOrBlockTask
                0x08011388       0x9c ./Middlewares/Third_Party/FreeRTOS/Source/timers.o
 .text.prvGetNextExpireTime
                0x08011424       0x48 ./Middlewares/Third_Party/FreeRTOS/Source/timers.o
 .text.prvSampleTimeNow
                0x0801146c       0x40 ./Middlewares/Third_Party/FreeRTOS/Source/timers.o
 .text.prvInsertTimerInActiveList
                0x080114ac       0x84 ./Middlewares/Third_Party/FreeRTOS/Source/timers.o
 .text.prvProcessReceivedCommands
                0x08011530      0x1d8 ./Middlewares/Third_Party/FreeRTOS/Source/timers.o
 .text.prvSwitchTimerLists
                0x08011708       0xd0 ./Middlewares/Third_Party/FreeRTOS/Source/timers.o
 .text.prvCheckForValidListAndQueue
                0x080117d8       0x80 ./Middlewares/Third_Party/FreeRTOS/Source/timers.o
 .text.pxPortInitialiseStack
                0x08011858       0x68 ./Middlewares/Third_Party/FreeRTOS/Source/portable/GCC/ARM_CM7/r0p1/port.o
                0x08011858                pxPortInitialiseStack
 .text.prvTaskExitError
                0x080118c0       0x64 ./Middlewares/Third_Party/FreeRTOS/Source/portable/GCC/ARM_CM7/r0p1/port.o
 *fill*         0x08011924        0xc 
 .text.SVC_Handler
                0x08011930       0x28 ./Middlewares/Third_Party/FreeRTOS/Source/portable/GCC/ARM_CM7/r0p1/port.o
                0x08011930                SVC_Handler
 .text.prvPortStartFirstTask
                0x08011958       0x28 ./Middlewares/Third_Party/FreeRTOS/Source/portable/GCC/ARM_CM7/r0p1/port.o
 .text.xPortStartScheduler
                0x08011980       0xfc ./Middlewares/Third_Party/FreeRTOS/Source/portable/GCC/ARM_CM7/r0p1/port.o
                0x08011980                xPortStartScheduler
 .text.vPortEnterCritical
                0x08011a7c       0x6c ./Middlewares/Third_Party/FreeRTOS/Source/portable/GCC/ARM_CM7/r0p1/port.o
                0x08011a7c                vPortEnterCritical
 .text.vPortExitCritical
                0x08011ae8       0x58 ./Middlewares/Third_Party/FreeRTOS/Source/portable/GCC/ARM_CM7/r0p1/port.o
                0x08011ae8                vPortExitCritical
 .text.PendSV_Handler
                0x08011b40       0x68 ./Middlewares/Third_Party/FreeRTOS/Source/portable/GCC/ARM_CM7/r0p1/port.o
                0x08011b40                PendSV_Handler
 .text.SysTick_Handler
                0x08011ba8       0x48 ./Middlewares/Third_Party/FreeRTOS/Source/portable/GCC/ARM_CM7/r0p1/port.o
                0x08011ba8                SysTick_Handler
 .text.vPortSetupTimerInterrupt
                0x08011bf0       0x48 ./Middlewares/Third_Party/FreeRTOS/Source/portable/GCC/ARM_CM7/r0p1/port.o
                0x08011bf0                vPortSetupTimerInterrupt
 .text.vPortEnableVFP
                0x08011c38       0x14 ./Middlewares/Third_Party/FreeRTOS/Source/portable/GCC/ARM_CM7/r0p1/port.o
 .text.vPortValidateInterruptPriority
                0x08011c4c       0x8c ./Middlewares/Third_Party/FreeRTOS/Source/portable/GCC/ARM_CM7/r0p1/port.o
                0x08011c4c                vPortValidateInterruptPriority
 .text.pvPortMalloc
                0x08011cd8      0x19c ./Middlewares/Third_Party/FreeRTOS/Source/portable/MemMang/heap_4.o
                0x08011cd8                pvPortMalloc
 .text.vPortFree
                0x08011e74       0xc0 ./Middlewares/Third_Party/FreeRTOS/Source/portable/MemMang/heap_4.o
                0x08011e74                vPortFree
 .text.prvHeapInit
                0x08011f34       0xc4 ./Middlewares/Third_Party/FreeRTOS/Source/portable/MemMang/heap_4.o
 .text.prvInsertBlockIntoFreeList
                0x08011ff8       0xb4 ./Middlewares/Third_Party/FreeRTOS/Source/portable/MemMang/heap_4.o
 .text.atoi     0x080120ac        0x8 C:/ST/STM32CubeIDE_1.19.0/STM32CubeIDE/plugins/com.st.stm32cube.ide.mcu.externaltools.gnu-tools-for-stm32.13.3.rel1.win32_1.0.0.202411081344/tools/bin/../lib/gcc/arm-none-eabi/13.3.1/../../../../arm-none-eabi/lib/thumb/v7e-m+dp/hard\libc_nano.a(libc_a-atoi.o)
                0x080120ac                atoi
 .text._strtol_l.isra.0
                0x080120b4       0xf4 C:/ST/STM32CubeIDE_1.19.0/STM32CubeIDE/plugins/com.st.stm32cube.ide.mcu.externaltools.gnu-tools-for-stm32.13.3.rel1.win32_1.0.0.202411081344/tools/bin/../lib/gcc/arm-none-eabi/13.3.1/../../../../arm-none-eabi/lib/thumb/v7e-m+dp/hard\libc_nano.a(libc_a-strtol.o)
 .text.strtol   0x080121a8       0x14 C:/ST/STM32CubeIDE_1.19.0/STM32CubeIDE/plugins/com.st.stm32cube.ide.mcu.externaltools.gnu-tools-for-stm32.13.3.rel1.win32_1.0.0.202411081344/tools/bin/../lib/gcc/arm-none-eabi/13.3.1/../../../../arm-none-eabi/lib/thumb/v7e-m+dp/hard\libc_nano.a(libc_a-strtol.o)
                0x080121a8                strtol
 .text.__cvt    0x080121bc       0xa8 C:/ST/STM32CubeIDE_1.19.0/STM32CubeIDE/plugins/com.st.stm32cube.ide.mcu.externaltools.gnu-tools-for-stm32.13.3.rel1.win32_1.0.0.202411081344/tools/bin/../lib/gcc/arm-none-eabi/13.3.1/../../../../arm-none-eabi/lib/thumb/v7e-m+dp/hard\libc_nano.a(libc_a-nano-vfprintf_float.o)
                0x080121bc                __cvt
 .text.__exponent
                0x08012264       0x74 C:/ST/STM32CubeIDE_1.19.0/STM32CubeIDE/plugins/com.st.stm32cube.ide.mcu.externaltools.gnu-tools-for-stm32.13.3.rel1.win32_1.0.0.202411081344/tools/bin/../lib/gcc/arm-none-eabi/13.3.1/../../../../arm-none-eabi/lib/thumb/v7e-m+dp/hard\libc_nano.a(libc_a-nano-vfprintf_float.o)
                0x08012264                __exponent
 .text._printf_float
                0x080122d8      0x434 C:/ST/STM32CubeIDE_1.19.0/STM32CubeIDE/plugins/com.st.stm32cube.ide.mcu.externaltools.gnu-tools-for-stm32.13.3.rel1.win32_1.0.0.202411081344/tools/bin/../lib/gcc/arm-none-eabi/13.3.1/../../../../arm-none-eabi/lib/thumb/v7e-m+dp/hard\libc_nano.a(libc_a-nano-vfprintf_float.o)
                0x080122d8                _printf_float
 .text._printf_common
                0x0801270c       0xda C:/ST/STM32CubeIDE_1.19.0/STM32CubeIDE/plugins/com.st.stm32cube.ide.mcu.externaltools.gnu-tools-for-stm32.13.3.rel1.win32_1.0.0.202411081344/tools/bin/../lib/gcc/arm-none-eabi/13.3.1/../../../../arm-none-eabi/lib/thumb/v7e-m+dp/hard\libc_nano.a(libc_a-nano-vfprintf_i.o)
                0x0801270c                _printf_common
 *fill*         0x080127e6        0x2 
 .text._printf_i
                0x080127e8      0x23c C:/ST/STM32CubeIDE_1.19.0/STM32CubeIDE/plugins/com.st.stm32cube.ide.mcu.externaltools.gnu-tools-for-stm32.13.3.rel1.win32_1.0.0.202411081344/tools/bin/../lib/gcc/arm-none-eabi/13.3.1/../../../../arm-none-eabi/lib/thumb/v7e-m+dp/hard\libc_nano.a(libc_a-nano-vfprintf_i.o)
                0x080127e8                _printf_i
 .text.std      0x08012a24       0x6c C:/ST/STM32CubeIDE_1.19.0/STM32CubeIDE/plugins/com.st.stm32cube.ide.mcu.externaltools.gnu-tools-for-stm32.13.3.rel1.win32_1.0.0.202411081344/tools/bin/../lib/gcc/arm-none-eabi/13.3.1/../../../../arm-none-eabi/lib/thumb/v7e-m+dp/hard\libc_nano.a(libc_a-findfp.o)
 .text.stdio_exit_handler
                0x08012a90       0x18 C:/ST/STM32CubeIDE_1.19.0/STM32CubeIDE/plugins/com.st.stm32cube.ide.mcu.externaltools.gnu-tools-for-stm32.13.3.rel1.win32_1.0.0.202411081344/tools/bin/../lib/gcc/arm-none-eabi/13.3.1/../../../../arm-none-eabi/lib/thumb/v7e-m+dp/hard\libc_nano.a(libc_a-findfp.o)
 .text.cleanup_stdio
                0x08012aa8       0x40 C:/ST/STM32CubeIDE_1.19.0/STM32CubeIDE/plugins/com.st.stm32cube.ide.mcu.externaltools.gnu-tools-for-stm32.13.3.rel1.win32_1.0.0.202411081344/tools/bin/../lib/gcc/arm-none-eabi/13.3.1/../../../../arm-none-eabi/lib/thumb/v7e-m+dp/hard\libc_nano.a(libc_a-findfp.o)
 .text.global_stdio_init.part.0
                0x08012ae8       0x3c C:/ST/STM32CubeIDE_1.19.0/STM32CubeIDE/plugins/com.st.stm32cube.ide.mcu.externaltools.gnu-tools-for-stm32.13.3.rel1.win32_1.0.0.202411081344/tools/bin/../lib/gcc/arm-none-eabi/13.3.1/../../../../arm-none-eabi/lib/thumb/v7e-m+dp/hard\libc_nano.a(libc_a-findfp.o)
 .text.__sfp_lock_acquire
                0x08012b24        0xc C:/ST/STM32CubeIDE_1.19.0/STM32CubeIDE/plugins/com.st.stm32cube.ide.mcu.externaltools.gnu-tools-for-stm32.13.3.rel1.win32_1.0.0.202411081344/tools/bin/../lib/gcc/arm-none-eabi/13.3.1/../../../../arm-none-eabi/lib/thumb/v7e-m+dp/hard\libc_nano.a(libc_a-findfp.o)
                0x08012b24                __sfp_lock_acquire
 .text.__sfp_lock_release
                0x08012b30        0xc C:/ST/STM32CubeIDE_1.19.0/STM32CubeIDE/plugins/com.st.stm32cube.ide.mcu.externaltools.gnu-tools-for-stm32.13.3.rel1.win32_1.0.0.202411081344/tools/bin/../lib/gcc/arm-none-eabi/13.3.1/../../../../arm-none-eabi/lib/thumb/v7e-m+dp/hard\libc_nano.a(libc_a-findfp.o)
                0x08012b30                __sfp_lock_release
 .text.__sinit  0x08012b3c       0x30 C:/ST/STM32CubeIDE_1.19.0/STM32CubeIDE/plugins/com.st.stm32cube.ide.mcu.externaltools.gnu-tools-for-stm32.13.3.rel1.win32_1.0.0.202411081344/tools/bin/../lib/gcc/arm-none-eabi/13.3.1/../../../../arm-none-eabi/lib/thumb/v7e-m+dp/hard\libc_nano.a(libc_a-findfp.o)
                0x08012b3c                __sinit
 .text._fwalk_sglue
                0x08012b6c       0x3c C:/ST/STM32CubeIDE_1.19.0/STM32CubeIDE/plugins/com.st.stm32cube.ide.mcu.externaltools.gnu-tools-for-stm32.13.3.rel1.win32_1.0.0.202411081344/tools/bin/../lib/gcc/arm-none-eabi/13.3.1/../../../../arm-none-eabi/lib/thumb/v7e-m+dp/hard\libc_nano.a(libc_a-fwalk.o)
                0x08012b6c                _fwalk_sglue
 .text.snprintf
                0x08012ba8       0x6c C:/ST/STM32CubeIDE_1.19.0/STM32CubeIDE/plugins/com.st.stm32cube.ide.mcu.externaltools.gnu-tools-for-stm32.13.3.rel1.win32_1.0.0.202411081344/tools/bin/../lib/gcc/arm-none-eabi/13.3.1/../../../../arm-none-eabi/lib/thumb/v7e-m+dp/hard\libc_nano.a(libc_a-snprintf.o)
                0x08012ba8                sniprintf
                0x08012ba8                snprintf
 .text.__sread  0x08012c14       0x22 C:/ST/STM32CubeIDE_1.19.0/STM32CubeIDE/plugins/com.st.stm32cube.ide.mcu.externaltools.gnu-tools-for-stm32.13.3.rel1.win32_1.0.0.202411081344/tools/bin/../lib/gcc/arm-none-eabi/13.3.1/../../../../arm-none-eabi/lib/thumb/v7e-m+dp/hard\libc_nano.a(libc_a-stdio.o)
                0x08012c14                __sread
 .text.__swrite
                0x08012c36       0x38 C:/ST/STM32CubeIDE_1.19.0/STM32CubeIDE/plugins/com.st.stm32cube.ide.mcu.externaltools.gnu-tools-for-stm32.13.3.rel1.win32_1.0.0.202411081344/tools/bin/../lib/gcc/arm-none-eabi/13.3.1/../../../../arm-none-eabi/lib/thumb/v7e-m+dp/hard\libc_nano.a(libc_a-stdio.o)
                0x08012c36                __swrite
 .text.__sseek  0x08012c6e       0x24 C:/ST/STM32CubeIDE_1.19.0/STM32CubeIDE/plugins/com.st.stm32cube.ide.mcu.externaltools.gnu-tools-for-stm32.13.3.rel1.win32_1.0.0.202411081344/tools/bin/../lib/gcc/arm-none-eabi/13.3.1/../../../../arm-none-eabi/lib/thumb/v7e-m+dp/hard\libc_nano.a(libc_a-stdio.o)
                0x08012c6e                __sseek
 .text.__sclose
                0x08012c92        0x8 C:/ST/STM32CubeIDE_1.19.0/STM32CubeIDE/plugins/com.st.stm32cube.ide.mcu.externaltools.gnu-tools-for-stm32.13.3.rel1.win32_1.0.0.202411081344/tools/bin/../lib/gcc/arm-none-eabi/13.3.1/../../../../arm-none-eabi/lib/thumb/v7e-m+dp/hard\libc_nano.a(libc_a-stdio.o)
                0x08012c92                __sclose
 .text._vsnprintf_r
                0x08012c9a       0x5c C:/ST/STM32CubeIDE_1.19.0/STM32CubeIDE/plugins/com.st.stm32cube.ide.mcu.externaltools.gnu-tools-for-stm32.13.3.rel1.win32_1.0.0.202411081344/tools/bin/../lib/gcc/arm-none-eabi/13.3.1/../../../../arm-none-eabi/lib/thumb/v7e-m+dp/hard\libc_nano.a(libc_a-vsnprintf.o)
                0x08012c9a                _vsniprintf_r
                0x08012c9a                _vsnprintf_r
 *fill*         0x08012cf6        0x2 
 .text.vsnprintf
                0x08012cf8       0x1c C:/ST/STM32CubeIDE_1.19.0/STM32CubeIDE/plugins/com.st.stm32cube.ide.mcu.externaltools.gnu-tools-for-stm32.13.3.rel1.win32_1.0.0.202411081344/tools/bin/../lib/gcc/arm-none-eabi/13.3.1/../../../../arm-none-eabi/lib/thumb/v7e-m+dp/hard\libc_nano.a(libc_a-vsnprintf.o)
                0x08012cf8                vsniprintf
                0x08012cf8                vsnprintf
 .text.memmove  0x08012d14       0x34 C:/ST/STM32CubeIDE_1.19.0/STM32CubeIDE/plugins/com.st.stm32cube.ide.mcu.externaltools.gnu-tools-for-stm32.13.3.rel1.win32_1.0.0.202411081344/tools/bin/../lib/gcc/arm-none-eabi/13.3.1/../../../../arm-none-eabi/lib/thumb/v7e-m+dp/hard\libc_nano.a(libc_a-memmove.o)
                0x08012d14                memmove
 .text.memset   0x08012d48       0x10 C:/ST/STM32CubeIDE_1.19.0/STM32CubeIDE/plugins/com.st.stm32cube.ide.mcu.externaltools.gnu-tools-for-stm32.13.3.rel1.win32_1.0.0.202411081344/tools/bin/../lib/gcc/arm-none-eabi/13.3.1/../../../../arm-none-eabi/lib/thumb/v7e-m+dp/hard\libc_nano.a(libc_a-memset.o)
                0x08012d48                memset
 .text.strcat   0x08012d58       0x1e C:/ST/STM32CubeIDE_1.19.0/STM32CubeIDE/plugins/com.st.stm32cube.ide.mcu.externaltools.gnu-tools-for-stm32.13.3.rel1.win32_1.0.0.202411081344/tools/bin/../lib/gcc/arm-none-eabi/13.3.1/../../../../arm-none-eabi/lib/thumb/v7e-m+dp/hard\libc_nano.a(libc_a-strcat.o)
                0x08012d58                strcat
 .text.strchr   0x08012d76       0x1a C:/ST/STM32CubeIDE_1.19.0/STM32CubeIDE/plugins/com.st.stm32cube.ide.mcu.externaltools.gnu-tools-for-stm32.13.3.rel1.win32_1.0.0.202411081344/tools/bin/../lib/gcc/arm-none-eabi/13.3.1/../../../../arm-none-eabi/lib/thumb/v7e-m+dp/hard\libc_nano.a(libc_a-strchr.o)
                0x08012d76                strchr
 .text.strncmp  0x08012d90       0x24 C:/ST/STM32CubeIDE_1.19.0/STM32CubeIDE/plugins/com.st.stm32cube.ide.mcu.externaltools.gnu-tools-for-stm32.13.3.rel1.win32_1.0.0.202411081344/tools/bin/../lib/gcc/arm-none-eabi/13.3.1/../../../../arm-none-eabi/lib/thumb/v7e-m+dp/hard\libc_nano.a(libc_a-strncmp.o)
                0x08012d90                strncmp
 .text.strncpy  0x08012db4       0x26 C:/ST/STM32CubeIDE_1.19.0/STM32CubeIDE/plugins/com.st.stm32cube.ide.mcu.externaltools.gnu-tools-for-stm32.13.3.rel1.win32_1.0.0.202411081344/tools/bin/../lib/gcc/arm-none-eabi/13.3.1/../../../../arm-none-eabi/lib/thumb/v7e-m+dp/hard\libc_nano.a(libc_a-strncpy.o)
                0x08012db4                strncpy
 .text.strrchr  0x08012dda       0x2c C:/ST/STM32CubeIDE_1.19.0/STM32CubeIDE/plugins/com.st.stm32cube.ide.mcu.externaltools.gnu-tools-for-stm32.13.3.rel1.win32_1.0.0.202411081344/tools/bin/../lib/gcc/arm-none-eabi/13.3.1/../../../../arm-none-eabi/lib/thumb/v7e-m+dp/hard\libc_nano.a(libc_a-strrchr.o)
                0x08012dda                strrchr
 *fill*         0x08012e06        0x2 
 .text.strtok   0x08012e08       0x68 C:/ST/STM32CubeIDE_1.19.0/STM32CubeIDE/plugins/com.st.stm32cube.ide.mcu.externaltools.gnu-tools-for-stm32.13.3.rel1.win32_1.0.0.202411081344/tools/bin/../lib/gcc/arm-none-eabi/13.3.1/../../../../arm-none-eabi/lib/thumb/v7e-m+dp/hard\libc_nano.a(libc_a-strtok.o)
                0x08012e08                strtok
 .text.__strtok_r
                0x08012e70       0x50 C:/ST/STM32CubeIDE_1.19.0/STM32CubeIDE/plugins/com.st.stm32cube.ide.mcu.externaltools.gnu-tools-for-stm32.13.3.rel1.win32_1.0.0.202411081344/tools/bin/../lib/gcc/arm-none-eabi/13.3.1/../../../../arm-none-eabi/lib/thumb/v7e-m+dp/hard\libc_nano.a(libc_a-strtok_r.o)
                0x08012e70                __strtok_r
 .text._localeconv_r
                0x08012ec0        0x8 C:/ST/STM32CubeIDE_1.19.0/STM32CubeIDE/plugins/com.st.stm32cube.ide.mcu.externaltools.gnu-tools-for-stm32.13.3.rel1.win32_1.0.0.202411081344/tools/bin/../lib/gcc/arm-none-eabi/13.3.1/../../../../arm-none-eabi/lib/thumb/v7e-m+dp/hard\libc_nano.a(libc_a-localeconv.o)
                0x08012ec0                _localeconv_r
 .text._close_r
                0x08012ec8       0x20 C:/ST/STM32CubeIDE_1.19.0/STM32CubeIDE/plugins/com.st.stm32cube.ide.mcu.externaltools.gnu-tools-for-stm32.13.3.rel1.win32_1.0.0.202411081344/tools/bin/../lib/gcc/arm-none-eabi/13.3.1/../../../../arm-none-eabi/lib/thumb/v7e-m+dp/hard\libc_nano.a(libc_a-closer.o)
                0x08012ec8                _close_r
 .text._lseek_r
                0x08012ee8       0x24 C:/ST/STM32CubeIDE_1.19.0/STM32CubeIDE/plugins/com.st.stm32cube.ide.mcu.externaltools.gnu-tools-for-stm32.13.3.rel1.win32_1.0.0.202411081344/tools/bin/../lib/gcc/arm-none-eabi/13.3.1/../../../../arm-none-eabi/lib/thumb/v7e-m+dp/hard\libc_nano.a(libc_a-lseekr.o)
                0x08012ee8                _lseek_r
 .text._read_r  0x08012f0c       0x24 C:/ST/STM32CubeIDE_1.19.0/STM32CubeIDE/plugins/com.st.stm32cube.ide.mcu.externaltools.gnu-tools-for-stm32.13.3.rel1.win32_1.0.0.202411081344/tools/bin/../lib/gcc/arm-none-eabi/13.3.1/../../../../arm-none-eabi/lib/thumb/v7e-m+dp/hard\libc_nano.a(libc_a-readr.o)
                0x08012f0c                _read_r
 .text._write_r
                0x08012f30       0x24 C:/ST/STM32CubeIDE_1.19.0/STM32CubeIDE/plugins/com.st.stm32cube.ide.mcu.externaltools.gnu-tools-for-stm32.13.3.rel1.win32_1.0.0.202411081344/tools/bin/../lib/gcc/arm-none-eabi/13.3.1/../../../../arm-none-eabi/lib/thumb/v7e-m+dp/hard\libc_nano.a(libc_a-writer.o)
                0x08012f30                _write_r
 .text.__errno  0x08012f54        0xc C:/ST/STM32CubeIDE_1.19.0/STM32CubeIDE/plugins/com.st.stm32cube.ide.mcu.externaltools.gnu-tools-for-stm32.13.3.rel1.win32_1.0.0.202411081344/tools/bin/../lib/gcc/arm-none-eabi/13.3.1/../../../../arm-none-eabi/lib/thumb/v7e-m+dp/hard\libc_nano.a(libc_a-errno.o)
                0x08012f54                __errno
 .text.__libc_init_array
                0x08012f60       0x48 C:/ST/STM32CubeIDE_1.19.0/STM32CubeIDE/plugins/com.st.stm32cube.ide.mcu.externaltools.gnu-tools-for-stm32.13.3.rel1.win32_1.0.0.202411081344/tools/bin/../lib/gcc/arm-none-eabi/13.3.1/../../../../arm-none-eabi/lib/thumb/v7e-m+dp/hard\libc_nano.a(libc_a-init.o)
                0x08012f60                __libc_init_array
 .text.__retarget_lock_init_recursive
                0x08012fa8        0x2 C:/ST/STM32CubeIDE_1.19.0/STM32CubeIDE/plugins/com.st.stm32cube.ide.mcu.externaltools.gnu-tools-for-stm32.13.3.rel1.win32_1.0.0.202411081344/tools/bin/../lib/gcc/arm-none-eabi/13.3.1/../../../../arm-none-eabi/lib/thumb/v7e-m+dp/hard\libc_nano.a(libc_a-lock.o)
                0x08012fa8                __retarget_lock_init_recursive
 .text.__retarget_lock_acquire_recursive
                0x08012faa        0x2 C:/ST/STM32CubeIDE_1.19.0/STM32CubeIDE/plugins/com.st.stm32cube.ide.mcu.externaltools.gnu-tools-for-stm32.13.3.rel1.win32_1.0.0.202411081344/tools/bin/../lib/gcc/arm-none-eabi/13.3.1/../../../../arm-none-eabi/lib/thumb/v7e-m+dp/hard\libc_nano.a(libc_a-lock.o)
                0x08012faa                __retarget_lock_acquire_recursive
 .text.__retarget_lock_release_recursive
                0x08012fac        0x2 C:/ST/STM32CubeIDE_1.19.0/STM32CubeIDE/plugins/com.st.stm32cube.ide.mcu.externaltools.gnu-tools-for-stm32.13.3.rel1.win32_1.0.0.202411081344/tools/bin/../lib/gcc/arm-none-eabi/13.3.1/../../../../arm-none-eabi/lib/thumb/v7e-m+dp/hard\libc_nano.a(libc_a-lock.o)
                0x08012fac                __retarget_lock_release_recursive
 .text.memcpy   0x08012fae       0x1c C:/ST/STM32CubeIDE_1.19.0/STM32CubeIDE/plugins/com.st.stm32cube.ide.mcu.externaltools.gnu-tools-for-stm32.13.3.rel1.win32_1.0.0.202411081344/tools/bin/../lib/gcc/arm-none-eabi/13.3.1/../../../../arm-none-eabi/lib/thumb/v7e-m+dp/hard\libc_nano.a(libc_a-memcpy-stub.o)
                0x08012fae                memcpy
 *fill*         0x08012fca        0x2 
 .text.__assert_func
                0x08012fcc       0x3c C:/ST/STM32CubeIDE_1.19.0/STM32CubeIDE/plugins/com.st.stm32cube.ide.mcu.externaltools.gnu-tools-for-stm32.13.3.rel1.win32_1.0.0.202411081344/tools/bin/../lib/gcc/arm-none-eabi/13.3.1/../../../../arm-none-eabi/lib/thumb/v7e-m+dp/hard\libc_nano.a(libc_a-assert.o)
                0x08012fcc                __assert_func
 .text.quorem   0x08013008      0x110 C:/ST/STM32CubeIDE_1.19.0/STM32CubeIDE/plugins/com.st.stm32cube.ide.mcu.externaltools.gnu-tools-for-stm32.13.3.rel1.win32_1.0.0.202411081344/tools/bin/../lib/gcc/arm-none-eabi/13.3.1/../../../../arm-none-eabi/lib/thumb/v7e-m+dp/hard\libc_nano.a(libc_a-dtoa.o)
 .text._dtoa_r  0x08013118      0xabc C:/ST/STM32CubeIDE_1.19.0/STM32CubeIDE/plugins/com.st.stm32cube.ide.mcu.externaltools.gnu-tools-for-stm32.13.3.rel1.win32_1.0.0.202411081344/tools/bin/../lib/gcc/arm-none-eabi/13.3.1/../../../../arm-none-eabi/lib/thumb/v7e-m+dp/hard\libc_nano.a(libc_a-dtoa.o)
                0x08013118                _dtoa_r
 .text._free_r  0x08013bd4       0x94 C:/ST/STM32CubeIDE_1.19.0/STM32CubeIDE/plugins/com.st.stm32cube.ide.mcu.externaltools.gnu-tools-for-stm32.13.3.rel1.win32_1.0.0.202411081344/tools/bin/../lib/gcc/arm-none-eabi/13.3.1/../../../../arm-none-eabi/lib/thumb/v7e-m+dp/hard\libc_nano.a(libc_a-freer.o)
                0x08013bd4                _free_r
 .text.malloc   0x08013c68       0x10 C:/ST/STM32CubeIDE_1.19.0/STM32CubeIDE/plugins/com.st.stm32cube.ide.mcu.externaltools.gnu-tools-for-stm32.13.3.rel1.win32_1.0.0.202411081344/tools/bin/../lib/gcc/arm-none-eabi/13.3.1/../../../../arm-none-eabi/lib/thumb/v7e-m+dp/hard\libc_nano.a(libc_a-malloc.o)
                0x08013c68                malloc
 .text.sbrk_aligned
                0x08013c78       0x44 C:/ST/STM32CubeIDE_1.19.0/STM32CubeIDE/plugins/com.st.stm32cube.ide.mcu.externaltools.gnu-tools-for-stm32.13.3.rel1.win32_1.0.0.202411081344/tools/bin/../lib/gcc/arm-none-eabi/13.3.1/../../../../arm-none-eabi/lib/thumb/v7e-m+dp/hard\libc_nano.a(libc_a-mallocr.o)
 .text._malloc_r
                0x08013cbc      0x100 C:/ST/STM32CubeIDE_1.19.0/STM32CubeIDE/plugins/com.st.stm32cube.ide.mcu.externaltools.gnu-tools-for-stm32.13.3.rel1.win32_1.0.0.202411081344/tools/bin/../lib/gcc/arm-none-eabi/13.3.1/../../../../arm-none-eabi/lib/thumb/v7e-m+dp/hard\libc_nano.a(libc_a-mallocr.o)
                0x08013cbc                _malloc_r
 .text.__malloc_lock
                0x08013dbc        0xc C:/ST/STM32CubeIDE_1.19.0/STM32CubeIDE/plugins/com.st.stm32cube.ide.mcu.externaltools.gnu-tools-for-stm32.13.3.rel1.win32_1.0.0.202411081344/tools/bin/../lib/gcc/arm-none-eabi/13.3.1/../../../../arm-none-eabi/lib/thumb/v7e-m+dp/hard\libc_nano.a(libc_a-mlock.o)
                0x08013dbc                __malloc_lock
 .text.__malloc_unlock
                0x08013dc8        0xc C:/ST/STM32CubeIDE_1.19.0/STM32CubeIDE/plugins/com.st.stm32cube.ide.mcu.externaltools.gnu-tools-for-stm32.13.3.rel1.win32_1.0.0.202411081344/tools/bin/../lib/gcc/arm-none-eabi/13.3.1/../../../../arm-none-eabi/lib/thumb/v7e-m+dp/hard\libc_nano.a(libc_a-mlock.o)
                0x08013dc8                __malloc_unlock
 .text._Balloc  0x08013dd4       0x80 C:/ST/STM32CubeIDE_1.19.0/STM32CubeIDE/plugins/com.st.stm32cube.ide.mcu.externaltools.gnu-tools-for-stm32.13.3.rel1.win32_1.0.0.202411081344/tools/bin/../lib/gcc/arm-none-eabi/13.3.1/../../../../arm-none-eabi/lib/thumb/v7e-m+dp/hard\libc_nano.a(libc_a-mprec.o)
                0x08013dd4                _Balloc
 .text._Bfree   0x08013e54       0x44 C:/ST/STM32CubeIDE_1.19.0/STM32CubeIDE/plugins/com.st.stm32cube.ide.mcu.externaltools.gnu-tools-for-stm32.13.3.rel1.win32_1.0.0.202411081344/tools/bin/../lib/gcc/arm-none-eabi/13.3.1/../../../../arm-none-eabi/lib/thumb/v7e-m+dp/hard\libc_nano.a(libc_a-mprec.o)
                0x08013e54                _Bfree
 .text.__multadd
                0x08013e98       0x8c C:/ST/STM32CubeIDE_1.19.0/STM32CubeIDE/plugins/com.st.stm32cube.ide.mcu.externaltools.gnu-tools-for-stm32.13.3.rel1.win32_1.0.0.202411081344/tools/bin/../lib/gcc/arm-none-eabi/13.3.1/../../../../arm-none-eabi/lib/thumb/v7e-m+dp/hard\libc_nano.a(libc_a-mprec.o)
                0x08013e98                __multadd
 .text.__hi0bits
                0x08013f24       0x3e C:/ST/STM32CubeIDE_1.19.0/STM32CubeIDE/plugins/com.st.stm32cube.ide.mcu.externaltools.gnu-tools-for-stm32.13.3.rel1.win32_1.0.0.202411081344/tools/bin/../lib/gcc/arm-none-eabi/13.3.1/../../../../arm-none-eabi/lib/thumb/v7e-m+dp/hard\libc_nano.a(libc_a-mprec.o)
                0x08013f24                __hi0bits
 .text.__lo0bits
                0x08013f62       0x5a C:/ST/STM32CubeIDE_1.19.0/STM32CubeIDE/plugins/com.st.stm32cube.ide.mcu.externaltools.gnu-tools-for-stm32.13.3.rel1.win32_1.0.0.202411081344/tools/bin/../lib/gcc/arm-none-eabi/13.3.1/../../../../arm-none-eabi/lib/thumb/v7e-m+dp/hard\libc_nano.a(libc_a-mprec.o)
                0x08013f62                __lo0bits
 .text.__i2b    0x08013fbc       0x2c C:/ST/STM32CubeIDE_1.19.0/STM32CubeIDE/plugins/com.st.stm32cube.ide.mcu.externaltools.gnu-tools-for-stm32.13.3.rel1.win32_1.0.0.202411081344/tools/bin/../lib/gcc/arm-none-eabi/13.3.1/../../../../arm-none-eabi/lib/thumb/v7e-m+dp/hard\libc_nano.a(libc_a-mprec.o)
                0x08013fbc                __i2b
 .text.__multiply
                0x08013fe8      0x144 C:/ST/STM32CubeIDE_1.19.0/STM32CubeIDE/plugins/com.st.stm32cube.ide.mcu.externaltools.gnu-tools-for-stm32.13.3.rel1.win32_1.0.0.202411081344/tools/bin/../lib/gcc/arm-none-eabi/13.3.1/../../../../arm-none-eabi/lib/thumb/v7e-m+dp/hard\libc_nano.a(libc_a-mprec.o)
                0x08013fe8                __multiply
 .text.__pow5mult