../Core/Src/main.c:126:5:main	8	static
../Core/Src/main.c:218:6:SystemClock_Config	88	static
../Core/Src/main.c:276:13:MX_ETH_Init	8	static
../Core/Src/main.c:325:13:MX_USART3_UART_Init	8	static
../Core/Src/main.c:360:13:MX_USB_OTG_FS_PCD_Init	8	static
../Core/Src/main.c:395:13:MX_GPIO_Init	56	static
../Core/Src/main.c:458:6:StartDefaultTask	16	static
../Core/Src/main.c:476:6:LED1_Flash_Start	16	static
../Core/Src/main.c:495:6:LED2_Flash_Start	16	static
../Core/Src/main.c:514:6:LED3_Flash_Start	16	static
../Core/Src/main.c:534:6:HAL_TIM_PeriodElapsedCallback	16	static
../Core/Src/main.c:552:6:Error_Handler	4	static,ignoring_inline_asm
