Archive member included to satisfy reference by file (symbol)

H:/STM/IDE/STM32CubeIDE/plugins/com.st.stm32cube.ide.mcu.externaltools.gnu-tools-for-stm32.13.3.rel1.win32_1.0.100.202509120712/tools/bin/../lib/gcc/arm-none-eabi/13.3.1/../../../../arm-none-eabi/lib/thumb/v7e-m+dp/hard\libc_nano.a(libc_a-exit.o)
                              H:/STM/IDE/STM32CubeIDE/plugins/com.st.stm32cube.ide.mcu.externaltools.gnu-tools-for-stm32.13.3.rel1.win32_1.0.100.202509120712/tools/bin/../lib/gcc/arm-none-eabi/13.3.1/../../../../arm-none-eabi/lib/thumb/v7e-m+dp/hard/crt0.o (exit)
H:/STM/IDE/STM32CubeIDE/plugins/com.st.stm32cube.ide.mcu.externaltools.gnu-tools-for-stm32.13.3.rel1.win32_1.0.100.202509120712/tools/bin/../lib/gcc/arm-none-eabi/13.3.1/../../../../arm-none-eabi/lib/thumb/v7e-m+dp/hard\libc_nano.a(libc_a-findfp.o)
                              ./Middlewares/Third_Party/FreeRTOS/Source/tasks.o (__sf)
H:/STM/IDE/STM32CubeIDE/plugins/com.st.stm32cube.ide.mcu.externaltools.gnu-tools-for-stm32.13.3.rel1.win32_1.0.100.202509120712/tools/bin/../lib/gcc/arm-none-eabi/13.3.1/../../../../arm-none-eabi/lib/thumb/v7e-m+dp/hard\libc_nano.a(libc_a-fwalk.o)
                              H:/STM/IDE/STM32CubeIDE/plugins/com.st.stm32cube.ide.mcu.externaltools.gnu-tools-for-stm32.13.3.rel1.win32_1.0.100.202509120712/tools/bin/../lib/gcc/arm-none-eabi/13.3.1/../../../../arm-none-eabi/lib/thumb/v7e-m+dp/hard\libc_nano.a(libc_a-findfp.o) (_fwalk_sglue)
H:/STM/IDE/STM32CubeIDE/plugins/com.st.stm32cube.ide.mcu.externaltools.gnu-tools-for-stm32.13.3.rel1.win32_1.0.100.202509120712/tools/bin/../lib/gcc/arm-none-eabi/13.3.1/../../../../arm-none-eabi/lib/thumb/v7e-m+dp/hard\libc_nano.a(libc_a-stdio.o)
                              H:/STM/IDE/STM32CubeIDE/plugins/com.st.stm32cube.ide.mcu.externaltools.gnu-tools-for-stm32.13.3.rel1.win32_1.0.100.202509120712/tools/bin/../lib/gcc/arm-none-eabi/13.3.1/../../../../arm-none-eabi/lib/thumb/v7e-m+dp/hard\libc_nano.a(libc_a-findfp.o) (__sread)
H:/STM/IDE/STM32CubeIDE/plugins/com.st.stm32cube.ide.mcu.externaltools.gnu-tools-for-stm32.13.3.rel1.win32_1.0.100.202509120712/tools/bin/../lib/gcc/arm-none-eabi/13.3.1/../../../../arm-none-eabi/lib/thumb/v7e-m+dp/hard\libc_nano.a(libc_a-memset.o)
                              H:/STM/IDE/STM32CubeIDE/plugins/com.st.stm32cube.ide.mcu.externaltools.gnu-tools-for-stm32.13.3.rel1.win32_1.0.100.202509120712/tools/bin/../lib/gcc/arm-none-eabi/13.3.1/../../../../arm-none-eabi/lib/thumb/v7e-m+dp/hard/crt0.o (memset)
H:/STM/IDE/STM32CubeIDE/plugins/com.st.stm32cube.ide.mcu.externaltools.gnu-tools-for-stm32.13.3.rel1.win32_1.0.100.202509120712/tools/bin/../lib/gcc/arm-none-eabi/13.3.1/../../../../arm-none-eabi/lib/thumb/v7e-m+dp/hard\libc_nano.a(libc_a-closer.o)
                              H:/STM/IDE/STM32CubeIDE/plugins/com.st.stm32cube.ide.mcu.externaltools.gnu-tools-for-stm32.13.3.rel1.win32_1.0.100.202509120712/tools/bin/../lib/gcc/arm-none-eabi/13.3.1/../../../../arm-none-eabi/lib/thumb/v7e-m+dp/hard\libc_nano.a(libc_a-stdio.o) (_close_r)
H:/STM/IDE/STM32CubeIDE/plugins/com.st.stm32cube.ide.mcu.externaltools.gnu-tools-for-stm32.13.3.rel1.win32_1.0.100.202509120712/tools/bin/../lib/gcc/arm-none-eabi/13.3.1/../../../../arm-none-eabi/lib/thumb/v7e-m+dp/hard\libc_nano.a(libc_a-reent.o)
                              ./Middlewares/Third_Party/FreeRTOS/Source/tasks.o (_reclaim_reent)
H:/STM/IDE/STM32CubeIDE/plugins/com.st.stm32cube.ide.mcu.externaltools.gnu-tools-for-stm32.13.3.rel1.win32_1.0.100.202509120712/tools/bin/../lib/gcc/arm-none-eabi/13.3.1/../../../../arm-none-eabi/lib/thumb/v7e-m+dp/hard\libc_nano.a(libc_a-impure.o)
                              ./Middlewares/Third_Party/FreeRTOS/Source/tasks.o (_impure_ptr)
H:/STM/IDE/STM32CubeIDE/plugins/com.st.stm32cube.ide.mcu.externaltools.gnu-tools-for-stm32.13.3.rel1.win32_1.0.100.202509120712/tools/bin/../lib/gcc/arm-none-eabi/13.3.1/../../../../arm-none-eabi/lib/thumb/v7e-m+dp/hard\libc_nano.a(libc_a-lseekr.o)
                              H:/STM/IDE/STM32CubeIDE/plugins/com.st.stm32cube.ide.mcu.externaltools.gnu-tools-for-stm32.13.3.rel1.win32_1.0.100.202509120712/tools/bin/../lib/gcc/arm-none-eabi/13.3.1/../../../../arm-none-eabi/lib/thumb/v7e-m+dp/hard\libc_nano.a(libc_a-stdio.o) (_lseek_r)
H:/STM/IDE/STM32CubeIDE/plugins/com.st.stm32cube.ide.mcu.externaltools.gnu-tools-for-stm32.13.3.rel1.win32_1.0.100.202509120712/tools/bin/../lib/gcc/arm-none-eabi/13.3.1/../../../../arm-none-eabi/lib/thumb/v7e-m+dp/hard\libc_nano.a(libc_a-readr.o)
                              H:/STM/IDE/STM32CubeIDE/plugins/com.st.stm32cube.ide.mcu.externaltools.gnu-tools-for-stm32.13.3.rel1.win32_1.0.100.202509120712/tools/bin/../lib/gcc/arm-none-eabi/13.3.1/../../../../arm-none-eabi/lib/thumb/v7e-m+dp/hard\libc_nano.a(libc_a-stdio.o) (_read_r)
[...]
Memory Configuration

Name             Origin             Length             Attributes
RAM              0x20000000         0x00080000         xrw
FLASH            0x08000000         0x00200000         xr
*default*        0x00000000         0xffffffff

Linker script and memory map

LOAD H:/STM/IDE/STM32CubeIDE/plugins/com.st.stm32cube.ide.mcu.externaltools.gnu-tools-for-stm32.13.3.rel1.win32_1.0.100.202509120712/tools/bin/../lib/gcc/arm-none-eabi/13.3.1/thumb/v7e-m+dp/hard/crti.o
LOAD H:/STM/IDE/STM32CubeIDE/plugins/com.st.stm32cube.ide.mcu.externaltools.gnu-tools-for-stm32.13.3.rel1.win32_1.0.100.202509120712/tools/bin/../lib/gcc/arm-none-eabi/13.3.1/thumb/v7e-m+dp/hard/crtbegin.o
LOAD H:/STM/IDE/STM32CubeIDE/plugins/com.st.stm32cube.ide.mcu.externaltools.gnu-tools-for-stm32.13.3.rel1.win32_1.0.100.202509120712/tools/bin/../lib/gcc/arm-none-eabi/13.3.1/../../../../arm-none-eabi/lib/thumb/v7e-m+dp/hard/crt0.o
LOAD ./Core/Src/freertos.o
LOAD ./Core/Src/main.o
LOAD ./Core/Src/stm32f7xx_hal_msp.o
LOAD ./Core/Src/stm32f7xx_hal_timebase_tim.o
LOAD ./Core/Src/stm32f7xx_it.o
LOAD ./Core/Src/syscalls.o
LOAD ./Core/Src/sysmem.o
LOAD ./Core/Src/system_stm32f7xx.o
LOAD ./Core/Startup/startup_stm32f767zitx.o
LOAD ./Drivers/STM32F7xx_HAL_Driver/Src/stm32f7xx_hal.o
LOAD ./Drivers/STM32F7xx_HAL_Driver/Src/stm32f7xx_hal_cortex.o
LOAD ./Drivers/STM32F7xx_HAL_Driver/Src/stm32f7xx_hal_dma.o
LOAD ./Drivers/STM32F7xx_HAL_Driver/Src/stm32f7xx_hal_dma_ex.o
LOAD ./Drivers/STM32F7xx_HAL_Driver/Src/stm32f7xx_hal_eth.o
LOAD ./Drivers/STM32F7xx_HAL_Driver/Src/stm32f7xx_hal_exti.o
LOAD ./Drivers/STM32F7xx_HAL_Driver/Src/stm32f7xx_hal_flash.o
LOAD ./Drivers/STM32F7xx_HAL_Driver/Src/stm32f7xx_hal_flash_ex.o
LOAD ./Drivers/STM32F7xx_HAL_Driver/Src/stm32f7xx_hal_gpio.o
LOAD ./Drivers/STM32F7xx_HAL_Driver/Src/stm32f7xx_hal_i2c.o
LOAD ./Drivers/STM32F7xx_HAL_Driver/Src/stm32f7xx_hal_i2c_ex.o
LOAD ./Drivers/STM32F7xx_HAL_Driver/Src/stm32f7xx_hal_pcd.o
LOAD ./Drivers/STM32F7xx_HAL_Driver/Src/stm32f7xx_hal_pcd_ex.o
LOAD ./Drivers/STM32F7xx_HAL_Driver/Src/stm32f7xx_hal_pwr.o
LOAD ./Drivers/STM32F7xx_HAL_Driver/Src/stm32f7xx_hal_pwr_ex.o
LOAD ./Drivers/STM32F7xx_HAL_Driver/Src/stm32f7xx_hal_rcc.o
LOAD ./Drivers/STM32F7xx_HAL_Driver/Src/stm32f7xx_hal_rcc_ex.o
LOAD ./Drivers/STM32F7xx_HAL_Driver/Src/stm32f7xx_hal_tim.o
LOAD ./Drivers/STM32F7xx_HAL_Driver/Src/stm32f7xx_hal_tim_ex.o
LOAD ./Drivers/STM32F7xx_HAL_Driver/Src/stm32f7xx_hal_uart.o
LOAD ./Drivers/STM32F7xx_HAL_Driver/Src/stm32f7xx_hal_uart_ex.o
LOAD ./Drivers/STM32F7xx_HAL_Driver/Src/stm32f7xx_ll_usb.o
LOAD ./Middlewares/Third_Party/FreeRTOS/Source/CMSIS_RTOS_V2/cmsis_os2.o
LOAD ./Middlewares/Third_Party/FreeRTOS/Source/croutine.o
LOAD ./Middlewares/Third_Party/FreeRTOS/Source/event_groups.o
LOAD ./Middlewares/Third_Party/FreeRTOS/Source/list.o
LOAD ./Middlewares/Third_Party/FreeRTOS/Source/queue.o
LOAD ./Middlewares/Third_Party/FreeRTOS/Source/stream_buffer.o
LOAD ./Middlewares/Third_Party/FreeRTOS/Source/tasks.o
LOAD ./Middlewares/Third_Party/FreeRTOS/Source/timers.o
LOAD ./Middlewares/Third_Party/FreeRTOS/Source/portable/GCC/ARM_CM7/r0p1/port.o
LOAD ./Middlewares/Third_Party/FreeRTOS/Source/portable/MemMang/heap_4.o
START GROUP
LOAD H:/STM/IDE/STM32CubeIDE/plugins/com.st.stm32cube.ide.mcu.externaltools.gnu-tools-for-stm32.13.3.rel1.win32_1.0.100.202509120712/tools/bin/../lib/gcc/arm-none-eabi/13.3.1/../../../../arm-none-eabi/lib/thumb/v7e-m+dp/hard\libc_nano.a
LOAD H:/STM/IDE/STM32CubeIDE/plugins/com.st.stm32cube.ide.mcu.externaltools.gnu-tools-for-stm32.13.3.rel1.win32_1.0.100.202509120712/tools/bin/../lib/gcc/arm-none-eabi/13.3.1/../../../../arm-none-eabi/lib/thumb/v7e-m+dp/hard\libm.a
END GROUP
START GROUP
LOAD H:/STM/IDE/STM32CubeIDE/plugins/com.st.stm32cube.ide.mcu.externaltools.gnu-tools-for-stm32.13.3.rel1.win32_1.0.100.202509120712/tools/bin/../lib/gcc/arm-none-eabi/13.3.1/thumb/v7e-m+dp/hard\libgcc.a
LOAD H:/STM/IDE/STM32CubeIDE/plugins/com.st.stm32cube.ide.mcu.externaltools.gnu-tools-for-stm32.13.3.rel1.win32_1.0.100.202509120712/tools/bin/../lib/gcc/arm-none-eabi/13.3.1/../../../../arm-none-eabi/lib/thumb/v7e-m+dp/hard\libc_nano.a
END GROUP
START GROUP
LOAD H:/STM/IDE/STM32CubeIDE/plugins/com.st.stm32cube.ide.mcu.externaltools.gnu-tools-for-stm32.13.3.rel1.win32_1.0.100.202509120712/tools/bin/../lib/gcc/arm-none-eabi/13.3.1/thumb/v7e-m+dp/hard\libgcc.a
LOAD H:/STM/IDE/STM32CubeIDE/plugins/com.st.stm32cube.ide.mcu.externaltools.gnu-tools-for-stm32.13.3.rel1.win32_1.0.100.202509120712/tools/bin/../lib/gcc/arm-none-eabi/13.3.1/../../../../arm-none-eabi/lib/thumb/v7e-m+dp/hard\libc_nano.a
LOAD H:/STM/IDE/STM32CubeIDE/plugins/com.st.stm32cube.ide.mcu.externaltools.gnu-tools-for-stm32.13.3.rel1.win32_1.0.100.202509120712/tools/bin/../lib/gcc/arm-none-eabi/13.3.1/../../../../arm-none-eabi/lib/thumb/v7e-m+dp/hard\libnosys.a
END GROUP
START GROUP
LOAD H:/STM/IDE/STM32CubeIDE/plugins/com.st.stm32cube.ide.mcu.externaltools.gnu-tools-for-stm32.13.3.rel1.win32_1.0.100.202509120712/tools/bin/../lib/gcc/arm-none-eabi/13.3.1/thumb/v7e-m+dp/hard\libgcc.a
LOAD H:/STM/IDE/STM32CubeIDE/plugins/com.st.stm32cube.ide.mcu.externaltools.gnu-tools-for-stm32.13.3.rel1.win32_1.0.100.202509120712/tools/bin/../lib/gcc/arm-none-eabi/13.3.1/../../../../arm-none-eabi/lib/thumb/v7e-m+dp/hard\libc_nano.a
LOAD H:/STM/IDE/STM32CubeIDE/plugins/com.st.stm32cube.ide.mcu.externaltools.gnu-tools-for-stm32.13.3.rel1.win32_1.0.100.202509120712/tools/bin/../lib/gcc/arm-none-eabi/13.3.1/../../../../arm-none-eabi/lib/thumb/v7e-m+dp/hard\libnosys.a
END GROUP
LOAD H:/STM/IDE/STM32CubeIDE/plugins/com.st.stm32cube.ide.mcu.externaltools.gnu-tools-for-stm32.13.3.rel1.win32_1.0.100.202509120712/tools/bin/../lib/gcc/arm-none-eabi/13.3.1/thumb/v7e-m+dp/hard/crtend.o
LOAD H:/STM/IDE/STM32CubeIDE/plugins/com.st.stm32cube.ide.mcu.externaltools.gnu-tools-for-stm32.13.3.rel1.win32_1.0.100.202509120712/tools/bin/../lib/gcc/arm-none-eabi/13.3.1/thumb/v7e-m+dp/hard/crtn.o
                0x20080000                        _estack = (ORIGIN (RAM) + LENGTH (RAM))
                0x00000200                        _Min_Heap_Size = 0x200
                0x00000400                        _Min_Stack_Size = 0x400

.isr_vector     0x08000000      0x1f8
                0x08000000                        . = ALIGN (0x4)
 *(.isr_vector)
 .isr_vector    0x08000000      0x1f8 ./Core/Startup/startup_stm32f767zitx.o
                0x08000000                g_pfnVectors
                0x080001f8                        . = ALIGN (0x4)

.text           0x08000200     0x7324
                0x08000200                        . = ALIGN (0x4)
 *(.text)
 .text          0x08000200       0x40 H:/STM/IDE/STM32CubeIDE/plugins/com.st.stm32cube.ide.mcu.externaltools.gnu-tools-for-stm32.13.3.rel1.win32_1.0.100.202509120712/tools/bin/../lib/gcc/arm-none-eabi/13.3.1/thumb/v7e-m+dp/hard/crtbegin.o
 .text          0x08000240       0x30 H:/STM/IDE/STM32CubeIDE/plugins/com.st.stm32cube.ide.mcu.externaltools.gnu-tools-for-stm32.13.3.rel1.win32_1.0.100.202509120712/tools/bin/../lib/gcc/arm-none-eabi/13.3.1/thumb/v7e-m+dp/hard\libgcc.a(_aeabi_uldivmod.o)
                0x08000240                __aeabi_uldivmod
 .text          0x08000270      0x2f8 H:/STM/IDE/STM32CubeIDE/plugins/com.st.stm32cube.ide.mcu.externaltools.gnu-tools-for-stm32.13.3.rel1.win32_1.0.100.202509120712/tools/bin/../lib/gcc/arm-none-eabi/13.3.1/thumb/v7e-m+dp/hard\libgcc.a(_udivmoddi4.o)
                0x08000270                __udivmoddi4
 .text          0x08000568        0x4 H:/STM/IDE/STM32CubeIDE/plugins/com.st.stm32cube.ide.mcu.externaltools.gnu-tools-for-stm32.13.3.rel1.win32_1.0.100.202509120712/tools/bin/../lib/gcc/arm-none-eabi/13.3.1/thumb/v7e-m+dp/hard\libgcc.a(_dvmd_tls.o)
                0x08000568                __aeabi_idiv0
                0x08000568                __aeabi_ldiv0
 *(.text*)
 .text.main     0x0800056c       0x98 ./Core/Src/main.o
                0x0800056c                main
 .text.SystemClock_Config
                0x08000604       0xe0 ./Core/Src/main.o
                0x08000604                SystemClock_Config
 .text.MX_ETH_Init
                0x080006e4       0x9c ./Core/Src/main.o
 .text.MX_USART3_UART_Init
                0x08000780       0x60 ./Core/Src/main.o
 .text.MX_USB_OTG_FS_PCD_Init
                0x080007e0       0x5c ./Core/Src/main.o
 .text.MX_GPIO_Init
                0x0800083c      0x144 ./Core/Src/main.o
 .text.StartDefaultTask
                0x08000980       0x10 ./Core/Src/main.o
                0x08000980                StartDefaultTask
 .text.LED1_Flash_Start
                0x08000990       0x20 ./Core/Src/main.o
                0x08000990                LED1_Flash_Start
 .text.LED2_Flash_Start
                0x080009b0       0x20 ./Core/Src/main.o
                0x080009b0                LED2_Flash_Start
 .text.LED3_Flash_Start
                0x080009d0       0x24 ./Core/Src/main.o
                0x080009d0                LED3_Flash_Start
 .text.HAL_TIM_PeriodElapsedCallback
                0x080009f4       0x24 ./Core/Src/main.o
                0x080009f4                HAL_TIM_PeriodElapsedCallback
 .text.Error_Handler
                0x08000a18        0xc ./Core/Src/main.o
                0x08000a18                Error_Handler
 .text.HAL_MspInit
                0x08000a24       0x50 ./Core/Src/stm32f7xx_hal_msp.o
                0x08000a24                HAL_MspInit
 .text.HAL_ETH_MspInit
                0x08000a74      0x170 ./Core/Src/stm32f7xx_hal_msp.o
                0x08000a74                HAL_ETH_MspInit
 .text.HAL_UART_MspInit
                0x08000be4       0xc0 ./Core/Src/stm32f7xx_hal_msp.o
                0x08000be4                HAL_UART_MspInit
 .text.HAL_PCD_MspInit
                0x08000ca4       0xf4 ./Core/Src/stm32f7xx_hal_msp.o
                0x08000ca4                HAL_PCD_MspInit
 .text.HAL_InitTick
                0x08000d98       0xf4 ./Core/Src/stm32f7xx_hal_timebase_tim.o
                0x08000d98                HAL_InitTick
 .text.NMI_Handler
                0x08000e8c        0x8 ./Core/Src/stm32f7xx_it.o
                0x08000e8c                NMI_Handler
 .text.HardFault_Handler
                0x08000e94        0x8 ./Core/Src/stm32f7xx_it.o
                0x08000e94                HardFault_Handler
 .text.MemManage_Handler
                0x08000e9c        0x8 ./Core/Src/stm32f7xx_it.o
                0x08000e9c                MemManage_Handler
 .text.BusFault_Handler
                0x08000ea4        0x8 ./Core/Src/stm32f7xx_it.o
                0x08000ea4                BusFault_Handler
 .text.UsageFault_Handler
                0x08000eac        0x8 ./Core/Src/stm32f7xx_it.o
                0x08000eac                UsageFault_Handler
 .text.DebugMon_Handler
                0x08000eb4        0xe ./Core/Src/stm32f7xx_it.o
                0x08000eb4                DebugMon_Handler
 *fill*         0x08000ec2        0x2 
 .text.TIM7_IRQHandler
                0x08000ec4       0x14 ./Core/Src/stm32f7xx_it.o
                0x08000ec4                TIM7_IRQHandler
 .text.SystemInit
                0x08000ed8       0x24 ./Core/Src/system_stm32f7xx.o
                0x08000ed8                SystemInit
 .text.Reset_Handler
                0x08000efc       0x50 ./Core/Startup/startup_stm32f767zitx.o
                0x08000efc                Reset_Handler
 .text.Default_Handler
                0x08000f4c        0x2 ./Core/Startup/startup_stm32f767zitx.o
                0x08000f4c                RTC_Alarm_IRQHandler
                0x08000f4c                EXTI2_IRQHandler
                0x08000f4c                TIM8_CC_IRQHandler
                0x08000f4c                UART8_IRQHandler
                0x08000f4c                SPI4_IRQHandler
                0x08000f4c                TIM1_CC_IRQHandler
                0x08000f4c                DMA2_Stream5_IRQHandler
                0x08000f4c                JPEG_IRQHandler
                0x08000f4c                DMA1_Stream5_IRQHandler
                0x08000f4c                CAN3_RX1_IRQHandler
                0x08000f4c                PVD_IRQHandler
                0x08000f4c                TAMP_STAMP_IRQHandler
                0x08000f4c                CAN2_RX1_IRQHandler
                0x08000f4c                EXTI3_IRQHandler
                0x08000f4c                TIM8_TRG_COM_TIM14_IRQHandler
                0x08000f4c                DFSDM1_FLT1_IRQHandler
                0x08000f4c                TIM1_UP_TIM10_IRQHandler
                0x08000f4c                TIM8_UP_TIM13_IRQHandler
                0x08000f4c                I2C3_ER_IRQHandler
                0x08000f4c                DFSDM1_FLT2_IRQHandler
                0x08000f4c                EXTI0_IRQHandler
                0x08000f4c                I2C2_EV_IRQHandler
                0x08000f4c                DMA1_Stream2_IRQHandler
                0x08000f4c                CAN1_RX0_IRQHandler
                0x08000f4c                FPU_IRQHandler
                0x08000f4c                OTG_HS_WKUP_IRQHandler
                0x08000f4c                CAN3_SCE_IRQHandler
                0x08000f4c                LTDC_ER_IRQHandler
                0x08000f4c                CAN2_SCE_IRQHandler
                0x08000f4c                DMA2_Stream2_IRQHandler
                0x08000f4c                SPI1_IRQHandler
                0x08000f4c                TIM6_DAC_IRQHandler
                0x08000f4c                TIM1_BRK_TIM9_IRQHandler
                0x08000f4c                DCMI_IRQHandler
                0x08000f4c                CAN2_RX0_IRQHandler
                0x08000f4c                DMA2_Stream3_IRQHandler
                0x08000f4c                SAI2_IRQHandler
                0x08000f4c                DFSDM1_FLT3_IRQHandler
                0x08000f4c                USART6_IRQHandler
                0x08000f4c                CAN3_RX0_IRQHandler
                0x08000f4c                USART3_IRQHandler
                0x08000f4c                CAN1_RX1_IRQHandler
                0x08000f4c                UART5_IRQHandler
                0x08000f4c                DMA2_Stream0_IRQHandler
                0x08000f4c                TIM4_IRQHandler
                0x08000f4c                QUADSPI_IRQHandler
                0x08000f4c                I2C1_EV_IRQHandler
                0x08000f4c                DMA1_Stream6_IRQHandler
                0x08000f4c                DMA1_Stream1_IRQHandler
                0x08000f4c                UART4_IRQHandler
                0x08000f4c                TIM3_IRQHandler
                0x08000f4c                RCC_IRQHandler
                0x08000f4c                TIM8_BRK_TIM12_IRQHandler
                0x08000f4c                Default_Handler
                0x08000f4c                CEC_IRQHandler
                0x08000f4c                EXTI15_10_IRQHandler
                0x08000f4c                ADC_IRQHandler
                0x08000f4c                DMA1_Stream7_IRQHandler
                0x08000f4c                SPI5_IRQHandler
                0x08000f4c                SDMMC1_IRQHandler
                0x08000f4c                CAN2_TX_IRQHandler
                0x08000f4c                TIM5_IRQHandler
                0x08000f4c                DMA2_Stream7_IRQHandler
                0x08000f4c                I2C3_EV_IRQHandler
                0x08000f4c                EXTI9_5_IRQHandler
                0x08000f4c                RTC_WKUP_IRQHandler
                0x08000f4c                LTDC_IRQHandler
                0x08000f4c                ETH_WKUP_IRQHandler
                0x08000f4c                SPDIF_RX_IRQHandler
                0x08000f4c                SPI2_IRQHandler
                0x08000f4c                OTG_HS_EP1_IN_IRQHandler
                0x08000f4c                DMA1_Stream0_IRQHandler
                0x08000f4c                CAN1_TX_IRQHandler
                0x08000f4c                EXTI4_IRQHandler
                0x08000f4c                RNG_IRQHandler
                0x08000f4c                ETH_IRQHandler
                0x08000f4c                OTG_HS_EP1_OUT_IRQHandler
                0x08000f4c                WWDG_IRQHandler
                0x08000f4c                SPI6_IRQHandler
                0x08000f4c                MDIOS_IRQHandler
                0x08000f4c                I2C4_EV_IRQHandler
                0x08000f4c                CAN3_TX_IRQHandler
                0x08000f4c                TIM2_IRQHandler
                0x08000f4c                OTG_FS_WKUP_IRQHandler
                0x08000f4c                TIM1_TRG_COM_TIM11_IRQHandler
                0x08000f4c                OTG_HS_IRQHandler
                0x08000f4c                DMA2D_IRQHandler
                0x08000f4c                EXTI1_IRQHandler
                0x08000f4c                SDMMC2_IRQHandler
                0x08000f4c                UART7_IRQHandler
                0x08000f4c                USART2_IRQHandler
                0x08000f4c                DFSDM1_FLT0_IRQHandler
                0x08000f4c                I2C2_ER_IRQHandler
                0x08000f4c                DMA2_Stream1_IRQHandler
                0x08000f4c                CAN1_SCE_IRQHandler
                0x08000f4c                FLASH_IRQHandler
                0x08000f4c                DMA2_Stream4_IRQHandler
                0x08000f4c                USART1_IRQHandler
                0x08000f4c                OTG_FS_IRQHandler
                0x08000f4c                SPI3_IRQHandler
                0x08000f4c                DMA1_Stream4_IRQHandler
                0x08000f4c                I2C1_ER_IRQHandler
                0x08000f4c                FMC_IRQHandler
                0x08000f4c                LPTIM1_IRQHandler
                0x08000f4c                I2C4_ER_IRQHandler
                0x08000f4c                DMA2_Stream6_IRQHandler
                0x08000f4c                SAI1_IRQHandler
                0x08000f4c                DMA1_Stream3_IRQHandler
 .text.HAL_Init
                0x08000f4e       0x1a ./Drivers/STM32F7xx_HAL_Driver/Src/stm32f7xx_hal.o
                0x08000f4e                HAL_Init
 .text.HAL_IncTick
                0x08000f68       0x28 ./Drivers/STM32F7xx_HAL_Driver/Src/stm32f7xx_hal.o
                0x08000f68                HAL_IncTick
 .text.HAL_GetTick
                0x08000f90       0x18 ./Drivers/STM32F7xx_HAL_Driver/Src/stm32f7xx_hal.o
                0x08000f90                HAL_GetTick
 .text.HAL_Delay
                0x08000fa8       0x48 ./Drivers/STM32F7xx_HAL_Driver/Src/stm32f7xx_hal.o
                0x08000fa8                HAL_Delay
 .text.__NVIC_SetPriorityGrouping
                0x08000ff0       0x48 ./Drivers/STM32F7xx_HAL_Driver/Src/stm32f7xx_hal_cortex.o
 .text.__NVIC_GetPriorityGrouping
                0x08001038       0x1c ./Drivers/STM32F7xx_HAL_Driver/Src/stm32f7xx_hal_cortex.o
 .text.__NVIC_EnableIRQ
                0x08001054       0x3c ./Drivers/STM32F7xx_HAL_Driver/Src/stm32f7xx_hal_cortex.o
 .text.__NVIC_SetPriority
                0x08001090       0x54 ./Drivers/STM32F7xx_HAL_Driver/Src/stm32f7xx_hal_cortex.o
 .text.NVIC_EncodePriority
                0x080010e4       0x66 ./Drivers/STM32F7xx_HAL_Driver/Src/stm32f7xx_hal_cortex.o
 .text.HAL_NVIC_SetPriorityGrouping
                0x0800114a       0x16 ./Drivers/STM32F7xx_HAL_Driver/Src/stm32f7xx_hal_cortex.o
                0x0800114a                HAL_NVIC_SetPriorityGrouping
 .text.HAL_NVIC_SetPriority
                0x08001160       0x38 ./Drivers/STM32F7xx_HAL_Driver/Src/stm32f7xx_hal_cortex.o
                0x08001160                HAL_NVIC_SetPriority
 .text.HAL_NVIC_EnableIRQ
                0x08001198       0x1c ./Drivers/STM32F7xx_HAL_Driver/Src/stm32f7xx_hal_cortex.o
                0x08001198                HAL_NVIC_EnableIRQ
 .text.HAL_ETH_Init
                0x080011b4      0x134 ./Drivers/STM32F7xx_HAL_Driver/Src/stm32f7xx_hal_eth.o
                0x080011b4                HAL_ETH_Init
 .text.ETH_SetMACConfig
                0x080012e8      0x168 ./Drivers/STM32F7xx_HAL_Driver/Src/stm32f7xx_hal_eth.o
 .text.ETH_SetDMAConfig
                0x08001450      0x114 ./Drivers/STM32F7xx_HAL_Driver/Src/stm32f7xx_hal_eth.o
 .text.ETH_MACDMAConfig
                0x08001564       0xea ./Drivers/STM32F7xx_HAL_Driver/Src/stm32f7xx_hal_eth.o
 *fill*         0x0800164e        0x2 
 .text.ETH_MACAddressConfig
                0x08001650       0x70 ./Drivers/STM32F7xx_HAL_Driver/Src/stm32f7xx_hal_eth.o
 .text.ETH_DMATxDescListInit
                0x080016c0       0xb2 ./Drivers/STM32F7xx_HAL_Driver/Src/stm32f7xx_hal_eth.o
 .text.ETH_DMARxDescListInit
                0x08001772       0xde ./Drivers/STM32F7xx_HAL_Driver/Src/stm32f7xx_hal_eth.o
 .text.HAL_GPIO_Init
                0x08001850      0x358 ./Drivers/STM32F7xx_HAL_Driver/Src/stm32f7xx_hal_gpio.o
                0x08001850                HAL_GPIO_Init
 .text.HAL_GPIO_WritePin
                0x08001ba8       0x32 ./Drivers/STM32F7xx_HAL_Driver/Src/stm32f7xx_hal_gpio.o
                0x08001ba8                HAL_GPIO_WritePin
 .text.HAL_GPIO_TogglePin
                0x08001bda       0x34 ./Drivers/STM32F7xx_HAL_Driver/Src/stm32f7xx_hal_gpio.o
                0x08001bda                HAL_GPIO_TogglePin
 .text.HAL_PCD_Init
                0x08001c0e      0x22c ./Drivers/STM32F7xx_HAL_Driver/Src/stm32f7xx_hal_pcd.o
                0x08001c0e                HAL_PCD_Init
 *fill*         0x08001e3a        0x2 
 .text.HAL_PCDEx_ActivateLPM
                0x08001e3c       0x48 ./Drivers/STM32F7xx_HAL_Driver/Src/stm32f7xx_hal_pcd_ex.o
                0x08001e3c                HAL_PCDEx_ActivateLPM
 .text.HAL_PWR_EnableBkUpAccess
                0x08001e84       0x20 ./Drivers/STM32F7xx_HAL_Driver/Src/stm32f7xx_hal_pwr.o
                0x08001e84                HAL_PWR_EnableBkUpAccess
 .text.HAL_PWREx_EnableOverDrive
                0x08001ea4       0xa0 ./Drivers/STM32F7xx_HAL_Driver/Src/stm32f7xx_hal_pwr_ex.o
                0x08001ea4                HAL_PWREx_EnableOverDrive
 .text.HAL_RCC_OscConfig
                0x08001f44      0x55c ./Drivers/STM32F7xx_HAL_Driver/Src/stm32f7xx_hal_rcc.o
                0x08001f44                HAL_RCC_OscConfig
 .text.HAL_RCC_ClockConfig
                0x080024a0      0x1d8 ./Drivers/STM32F7xx_HAL_Driver/Src/stm32f7xx_hal_rcc.o
                0x080024a0                HAL_RCC_ClockConfig
 .text.HAL_RCC_GetSysClockFreq
                0x08002678      0x20c ./Drivers/STM32F7xx_HAL_Driver/Src/stm32f7xx_hal_rcc.o
                0x08002678                HAL_RCC_GetSysClockFreq
 .text.HAL_RCC_GetHCLKFreq
                0x08002884       0x18 ./Drivers/STM32F7xx_HAL_Driver/Src/stm32f7xx_hal_rcc.o
                0x08002884                HAL_RCC_GetHCLKFreq
 .text.HAL_RCC_GetPCLK1Freq
                0x0800289c       0x28 ./Drivers/STM32F7xx_HAL_Driver/Src/stm32f7xx_hal_rcc.o
                0x0800289c                HAL_RCC_GetPCLK1Freq
 .text.HAL_RCC_GetPCLK2Freq
                0x080028c4       0x28 ./Drivers/STM32F7xx_HAL_Driver/Src/stm32f7xx_hal_rcc.o
                0x080028c4                HAL_RCC_GetPCLK2Freq
 .text.HAL_RCC_GetClockConfig
                0x080028ec       0x64 ./Drivers/STM32F7xx_HAL_Driver/Src/stm32f7xx_hal_rcc.o
                0x080028ec                HAL_RCC_GetClockConfig
 .text.HAL_RCCEx_PeriphCLKConfig
                0x08002950      0x850 ./Drivers/STM32F7xx_HAL_Driver/Src/stm32f7xx_hal_rcc_ex.o
                0x08002950                HAL_RCCEx_PeriphCLKConfig
 .text.HAL_TIM_Base_Init
                0x080031a0       0xae ./Drivers/STM32F7xx_HAL_Driver/Src/stm32f7xx_hal_tim.o
                0x080031a0                HAL_TIM_Base_Init
 .text.HAL_TIM_Base_MspInit
                0x0800324e       0x14 ./Drivers/STM32F7xx_HAL_Driver/Src/stm32f7xx_hal_tim.o
                0x0800324e                HAL_TIM_Base_MspInit
 *fill*         0x08003262        0x2 
 .text.HAL_TIM_Base_Start_IT
                0x08003264       0xf0 ./Drivers/STM32F7xx_HAL_Driver/Src/stm32f7xx_hal_tim.o
                0x08003264                HAL_TIM_Base_Start_IT
 .text.HAL_TIM_IRQHandler
                0x08003354      0x20e ./Drivers/STM32F7xx_HAL_Driver/Src/stm32f7xx_hal_tim.o
                0x08003354                HAL_TIM_IRQHandler
 .text.HAL_TIM_OC_DelayElapsedCallback
                0x08003562       0x14 ./Drivers/STM32F7xx_HAL_Driver/Src/stm32f7xx_hal_tim.o
                0x08003562                HAL_TIM_OC_DelayElapsedCallback
 .text.HAL_TIM_IC_CaptureCallback
                0x08003576       0x14 ./Drivers/STM32F7xx_HAL_Driver/Src/stm32f7xx_hal_tim.o
                0x08003576                HAL_TIM_IC_CaptureCallback
 .text.HAL_TIM_PWM_PulseFinishedCallback
                0x0800358a       0x14 ./Drivers/STM32F7xx_HAL_Driver/Src/stm32f7xx_hal_tim.o
                0x0800358a                HAL_TIM_PWM_PulseFinishedCallback
 .text.HAL_TIM_TriggerCallback
                0x0800359e       0x14 ./Drivers/STM32F7xx_HAL_Driver/Src/stm32f7xx_hal_tim.o
                0x0800359e                HAL_TIM_TriggerCallback
 *fill*         0x080035b2        0x2 
 .text.TIM_Base_SetConfig
                0x080035b4      0x14c ./Drivers/STM32F7xx_HAL_Driver/Src/stm32f7xx_hal_tim.o
                0x080035b4                TIM_Base_SetConfig
 .text.HAL_TIMEx_CommutCallback
                0x08003700       0x14 ./Drivers/STM32F7xx_HAL_Driver/Src/stm32f7xx_hal_tim_ex.o
                0x08003700                HAL_TIMEx_CommutCallback
 .text.HAL_TIMEx_BreakCallback
                0x08003714       0x14 ./Drivers/STM32F7xx_HAL_Driver/Src/stm32f7xx_hal_tim_ex.o
                0x08003714                HAL_TIMEx_BreakCallback
 .text.HAL_TIMEx_Break2Callback
                0x08003728       0x14 ./Drivers/STM32F7xx_HAL_Driver/Src/stm32f7xx_hal_tim_ex.o
                0x08003728                HAL_TIMEx_Break2Callback
 .text.HAL_UART_Init
                0x0800373c       0x9c ./Drivers/STM32F7xx_HAL_Driver/Src/stm32f7xx_hal_uart.o
                0x0800373c                HAL_UART_Init
 .text.UART_SetConfig
                0x080037d8      0x4c8 ./Drivers/STM32F7xx_HAL_Driver/Src/stm32f7xx_hal_uart.o
                0x080037d8                UART_SetConfig
 .text.UART_AdvFeatureConfig
                0x08003ca0      0x144 ./Drivers/STM32F7xx_HAL_Driver/Src/stm32f7xx_hal_uart.o
                0x08003ca0                UART_AdvFeatureConfig
 .text.UART_CheckIdleState
                0x08003de4      0x150 ./Drivers/STM32F7xx_HAL_Driver/Src/stm32f7xx_hal_uart.o
                0x08003de4                UART_CheckIdleState
 .text.UART_WaitOnFlagUntilTimeout
                0x08003f34       0xda ./Drivers/STM32F7xx_HAL_Driver/Src/stm32f7xx_hal_uart.o
                0x08003f34                UART_WaitOnFlagUntilTimeout
 .text.UART_EndRxTransfer
                0x0800400e       0xc8 ./Drivers/STM32F7xx_HAL_Driver/Src/stm32f7xx_hal_uart.o
 *fill*         0x080040d6        0x2 
 .text.USB_CoreInit
                0x080040d8       0xb4 ./Drivers/STM32F7xx_HAL_Driver/Src/stm32f7xx_ll_usb.o
                0x080040d8                USB_CoreInit
 .text.USB_DisableGlobalInt
                0x0800418c       0x22 ./Drivers/STM32F7xx_HAL_Driver/Src/stm32f7xx_ll_usb.o
                0x0800418c                USB_DisableGlobalInt
 .text.USB_SetCurrentMode
                0x080041ae       0x98 ./Drivers/STM32F7xx_HAL_Driver/Src/stm32f7xx_ll_usb.o
                0x080041ae                USB_SetCurrentMode
 *fill*         0x08004246        0x2 
 .text.USB_DevInit
                0x08004248      0x2bc ./Drivers/STM32F7xx_HAL_Driver/Src/stm32f7xx_ll_usb.o
                0x08004248                USB_DevInit
 .text.USB_FlushTxFifo
                0x08004504       0x64 ./Drivers/STM32F7xx_HAL_Driver/Src/stm32f7xx_ll_usb.o
                0x08004504                USB_FlushTxFifo
 .text.USB_FlushRxFifo
                0x08004568       0x5c ./Drivers/STM32F7xx_HAL_Driver/Src/stm32f7xx_ll_usb.o
                0x08004568                USB_FlushRxFifo
 .text.USB_SetDevSpeed
                0x080045c4       0x32 ./Drivers/STM32F7xx_HAL_Driver/Src/stm32f7xx_ll_usb.o
                0x080045c4                USB_SetDevSpeed
 .text.USB_DevDisconnect
                0x080045f6       0x42 ./Drivers/STM32F7xx_HAL_Driver/Src/stm32f7xx_ll_usb.o
                0x080045f6                USB_DevDisconnect
 .text.USB_GetMode
                0x08004638       0x1c ./Drivers/STM32F7xx_HAL_Driver/Src/stm32f7xx_ll_usb.o
                0x08004638                USB_GetMode
 .text.USB_CoreReset
                0x08004654       0x70 ./Drivers/STM32F7xx_HAL_Driver/Src/stm32f7xx_ll_usb.o
 .text.SVC_Setup
                0x080046c4        0xe ./Middlewares/Third_Party/FreeRTOS/Source/CMSIS_RTOS_V2/cmsis_os2.o
 *fill*         0x080046d2        0x2 
 .text.osKernelInitialize
                0x080046d4       0x68 ./Middlewares/Third_Party/FreeRTOS/Source/CMSIS_RTOS_V2/cmsis_os2.o
                0x080046d4                osKernelInitialize
 .text.osKernelStart
                0x0800473c       0x6c ./Middlewares/Third_Party/FreeRTOS/Source/CMSIS_RTOS_V2/cmsis_os2.o
                0x0800473c                osKernelStart
 .text.osThreadNew
                0x080047a8      0x14c ./Middlewares/Third_Party/FreeRTOS/Source/CMSIS_RTOS_V2/cmsis_os2.o
                0x080047a8                osThreadNew
 .text.osDelay  0x080048f4       0x5c ./Middlewares/Third_Party/FreeRTOS/Source/CMSIS_RTOS_V2/cmsis_os2.o
                0x080048f4                osDelay
 .text.vApplicationGetIdleTaskMemory
                0x08004950       0x34 ./Middlewares/Third_Party/FreeRTOS/Source/CMSIS_RTOS_V2/cmsis_os2.o
                0x08004950                vApplicationGetIdleTaskMemory
 .text.vApplicationGetTimerTaskMemory
                0x08004984       0x34 ./Middlewares/Third_Party/FreeRTOS/Source/CMSIS_RTOS_V2/cmsis_os2.o
                0x08004984                vApplicationGetTimerTaskMemory
 .text.vListInitialise
                0x080049b8       0x40 ./Middlewares/Third_Party/FreeRTOS/Source/list.o
                0x080049b8                vListInitialise
 .text.vListInitialiseItem
                0x080049f8       0x1a ./Middlewares/Third_Party/FreeRTOS/Source/list.o
                0x080049f8                vListInitialiseItem
 .text.vListInsertEnd
                0x08004a12       0x48 ./Middlewares/Third_Party/FreeRTOS/Source/list.o
                0x08004a12                vListInsertEnd
 .text.vListInsert
                0x08004a5a       0x72 ./Middlewares/Third_Party/FreeRTOS/Source/list.o
                0x08004a5a                vListInsert
 .text.uxListRemove
                0x08004acc       0x54 ./Middlewares/Third_Party/FreeRTOS/Source/list.o
                0x08004acc                uxListRemove
 .text.xQueueGenericReset
                0x08004b20       0xd8 ./Middlewares/Third_Party/FreeRTOS/Source/queue.o
                0x08004b20                xQueueGenericReset
 .text.xQueueGenericCreateStatic
                0x08004bf8      0x10e ./Middlewares/Third_Party/FreeRTOS/Source/queue.o
                0x08004bf8                xQueueGenericCreateStatic
 .text.prvInitialiseNewQueue
                0x08004d06       0x46 ./Middlewares/Third_Party/FreeRTOS/Source/queue.o
 .text.xQueueGenericSend
                0x08004d4c      0x214 ./Middlewares/Third_Party/FreeRTOS/Source/queue.o
                0x08004d4c                xQueueGenericSend
 .text.xQueueGenericSendFromISR
                0x08004f60      0x146 ./Middlewares/Third_Party/FreeRTOS/Source/queue.o
                0x08004f60                xQueueGenericSendFromISR
 *fill*         0x080050a6        0x2 
 .text.xQueueReceive
                0x080050a8      0x1d0 ./Middlewares/Third_Party/FreeRTOS/Source/queue.o
                0x080050a8                xQueueReceive
 .text.prvCopyDataToQueue
                0x08005278       0xd4 ./Middlewares/Third_Party/FreeRTOS/Source/queue.o
 .text.prvCopyDataFromQueue
                0x0800534c       0x4c ./Middlewares/Third_Party/FreeRTOS/Source/queue.o
 .text.prvUnlockQueue
                0x08005398       0xa4 ./Middlewares/Third_Party/FreeRTOS/Source/queue.o
 .text.prvIsQueueEmpty
                0x0800543c       0x2c ./Middlewares/Third_Party/FreeRTOS/Source/queue.o
 .text.prvIsQueueFull
                0x08005468       0x30 ./Middlewares/Third_Party/FreeRTOS/Source/queue.o
 .text.vQueueAddToRegistry
                0x08005498       0x54 ./Middlewares/Third_Party/FreeRTOS/Source/queue.o
                0x08005498                vQueueAddToRegistry
 .text.vQueueWaitForMessageRestricted
                0x080054ec       0x68 ./Middlewares/Third_Party/FreeRTOS/Source/queue.o
                0x080054ec                vQueueWaitForMessageRestricted
 .text.xTaskCreateStatic
                0x08005554       0xcc ./Middlewares/Third_Party/FreeRTOS/Source/tasks.o
                0x08005554                xTaskCreateStatic
 .text.xTaskCreate
                0x08005620       0x8a ./Middlewares/Third_Party/FreeRTOS/Source/tasks.o
                0x08005620                xTaskCreate
 *fill*         0x080056aa        0x2 
 .text.prvInitialiseNewTask
                0x080056ac      0x154 ./Middlewares/Third_Party/FreeRTOS/Source/tasks.o
 .text.prvAddNewTaskToReadyList
                0x08005800       0xe0 ./Middlewares/Third_Party/FreeRTOS/Source/tasks.o
 .text.vTaskDelay
                0x080058e0       0x70 ./Middlewares/Third_Party/FreeRTOS/Source/tasks.o
                0x080058e0                vTaskDelay
 .text.vTaskStartScheduler
                0x08005950       0xe8 ./Middlewares/Third_Party/FreeRTOS/Source/tasks.o
                0x08005950                vTaskStartScheduler
 .text.vTaskSuspendAll
                0x08005a38       0x1c ./Middlewares/Third_Party/FreeRTOS/Source/tasks.o
                0x08005a38                vTaskSuspendAll
 .text.xTaskResumeAll
                0x08005a54      0x140 ./Middlewares/Third_Party/FreeRTOS/Source/tasks.o
                0x08005a54                xTaskResumeAll
 .text.xTaskGetTickCount
                0x08005b94       0x20 ./Middlewares/Third_Party/FreeRTOS/Source/tasks.o
                0x08005b94                xTaskGetTickCount
 .text.xTaskIncrementTick
                0x08005bb4      0x178 ./Middlewares/Third_Party/FreeRTOS/Source/tasks.o
                0x08005bb4                xTaskIncrementTick
 .text.vTaskSwitchContext
                0x08005d2c       0xd0 ./Middlewares/Third_Party/FreeRTOS/Source/tasks.o
                0x08005d2c                vTaskSwitchContext
 .text.vTaskPlaceOnEventList
                0x08005dfc       0x50 ./Middlewares/Third_Party/FreeRTOS/Source/tasks.o
                0x08005dfc                vTaskPlaceOnEventList
 .text.vTaskPlaceOnEventListRestricted
                0x08005e4c       0x5c ./Middlewares/Third_Party/FreeRTOS/Source/tasks.o
                0x08005e4c                vTaskPlaceOnEventListRestricted
 .text.xTaskRemoveFromEventList
                0x08005ea8       0xcc ./Middlewares/Third_Party/FreeRTOS/Source/tasks.o
                0x08005ea8                xTaskRemoveFromEventList
 .text.vTaskInternalSetTimeOutState
                0x08005f74       0x2c ./Middlewares/Third_Party/FreeRTOS/Source/tasks.o
                0x08005f74                vTaskInternalSetTimeOutState
 .text.xTaskCheckForTimeOut
                0x08005fa0       0xd0 ./Middlewares/Third_Party/FreeRTOS/Source/tasks.o
                0x08005fa0                xTaskCheckForTimeOut
 .text.vTaskMissedYield
                0x08006070       0x18 ./Middlewares/Third_Party/FreeRTOS/Source/tasks.o
                0x08006070                vTaskMissedYield
 .text.prvIdleTask
                0x08006088       0x30 ./Middlewares/Third_Party/FreeRTOS/Source/tasks.o
 .text.prvInitialiseTaskLists
                0x080060b8       0x80 ./Middlewares/Third_Party/FreeRTOS/Source/tasks.o
 .text.prvCheckTasksWaitingTermination
                0x08006138       0x5c ./Middlewares/Third_Party/FreeRTOS/Source/tasks.o
 .text.prvDeleteTCB
                0x08006194       0x6e ./Middlewares/Third_Party/FreeRTOS/Source/tasks.o
 *fill*         0x08006202        0x2 
 .text.prvResetNextTaskUnblockTime
                0x08006204       0x40 ./Middlewares/Third_Party/FreeRTOS/Source/tasks.o
 .text.xTaskGetSchedulerState
                0x08006244       0x3c ./Middlewares/Third_Party/FreeRTOS/Source/tasks.o
                0x08006244                xTaskGetSchedulerState
 .text.xTaskPriorityDisinherit
                0x08006280       0xe8 ./Middlewares/Third_Party/FreeRTOS/Source/tasks.o
                0x08006280                xTaskPriorityDisinherit
 .text.prvAddCurrentTaskToDelayedList
                0x08006368       0xa8 ./Middlewares/Third_Party/FreeRTOS/Source/tasks.o
 .text.xTimerCreateTimerTask
                0x08006410       0x98 ./Middlewares/Third_Party/FreeRTOS/Source/timers.o
                0x08006410                xTimerCreateTimerTask
 .text.xTimerGenericCommand
                0x080064a8       0xa0 ./Middlewares/Third_Party/FreeRTOS/Source/timers.o
                0x080064a8                xTimerGenericCommand
 .text.prvProcessExpiredTimer
                0x08006548       0xa0 ./Middlewares/Third_Party/FreeRTOS/Source/timers.o
 .text.prvTimerTask
                0x080065e8       0x26 ./Middlewares/Third_Party/FreeRTOS/Source/timers.o
 *fill*         0x0800660e        0x2 
 .text.prvProcessTimerOrBlockTask
                0x08006610       0x9c ./Middlewares/Third_Party/FreeRTOS/Source/timers.o
 .text.prvGetNextExpireTime
                0x080066ac       0x48 ./Middlewares/Third_Party/FreeRTOS/Source/timers.o
 .text.prvSampleTimeNow
                0x080066f4       0x40 ./Middlewares/Third_Party/FreeRTOS/Source/timers.o
 .text.prvInsertTimerInActiveList
                0x08006734       0x84 ./Middlewares/Third_Party/FreeRTOS/Source/timers.o
 .text.prvProcessReceivedCommands
                0x080067b8      0x1d8 ./Middlewares/Third_Party/FreeRTOS/Source/timers.o
 .text.prvSwitchTimerLists
                0x08006990       0xd0 ./Middlewares/Third_Party/FreeRTOS/Source/timers.o
 .text.prvCheckForValidListAndQueue
                0x08006a60       0x80 ./Middlewares/Third_Party/FreeRTOS/Source/timers.o
 .text.pxPortInitialiseStack
                0x08006ae0       0x68 ./Middlewares/Third_Party/FreeRTOS/Source/portable/GCC/ARM_CM7/r0p1/port.o
                0x08006ae0                pxPortInitialiseStack
 .text.prvTaskExitError
                0x08006b48       0x64 ./Middlewares/Third_Party/FreeRTOS/Source/portable/GCC/ARM_CM7/r0p1/port.o
 *fill*         0x08006bac        0x4 
 .text.SVC_Handler
                0x08006bb0       0x28 ./Middlewares/Third_Party/FreeRTOS/Source/portable/GCC/ARM_CM7/r0p1/port.o
                0x08006bb0                SVC_Handler
 .text.prvPortStartFirstTask
                0x08006bd8       0x28 ./Middlewares/Third_Party/FreeRTOS/Source/portable/GCC/ARM_CM7/r0p1/port.o
 .text.xPortStartScheduler
                0x08006c00       0xfc ./Middlewares/Third_Party/FreeRTOS/Source/portable/GCC/ARM_CM7/r0p1/port.o
                0x08006c00                xPortStartScheduler
 .text.vPortEnterCritical
                0x08006cfc       0x6c ./Middlewares/Third_Party/FreeRTOS/Source/portable/GCC/ARM_CM7/r0p1/port.o
                0x08006cfc                vPortEnterCritical
 .text.vPortExitCritical
                0x08006d68       0x58 ./Middlewares/Third_Party/FreeRTOS/Source/portable/GCC/ARM_CM7/r0p1/port.o
                0x08006d68                vPortExitCritical
 .text.PendSV_Handler
                0x08006dc0       0x68 ./Middlewares/Third_Party/FreeRTOS/Source/portable/GCC/ARM_CM7/r0p1/port.o
                0x08006dc0                PendSV_Handler
 .text.SysTick_Handler
                0x08006e28       0x48 ./Middlewares/Third_Party/FreeRTOS/Source/portable/GCC/ARM_CM7/r0p1/port.o
                0x08006e28                SysTick_Handler
 .text.vPortSetupTimerInterrupt
                0x08006e70       0x48 ./Middlewares/Third_Party/FreeRTOS/Source/portable/GCC/ARM_CM7/r0p1/port.o
                0x08006e70                vPortSetupTimerInterrupt
 .text.vPortEnableVFP
                0x08006eb8       0x14 ./Middlewares/Third_Party/FreeRTOS/Source/portable/GCC/ARM_CM7/r0p1/port.o
 .text.vPortValidateInterruptPriority
                0x08006ecc       0x8c ./Middlewares/Third_Party/FreeRTOS/Source/portable/GCC/ARM_CM7/r0p1/port.o
                0x08006ecc                vPortValidateInterruptPriority
 .text.pvPortMalloc
                0x08006f58      0x19c ./Middlewares/Third_Party/FreeRTOS/Source/portable/MemMang/heap_4.o
                0x08006f58                pvPortMalloc
 .text.vPortFree
                0x080070f4       0xc0 ./Middlewares/Third_Party/FreeRTOS/Source/portable/MemMang/heap_4.o
                0x080070f4                vPortFree
 .text.prvHeapInit
                0x080071b4       0xc4 ./Middlewares/Third_Party/FreeRTOS/Source/portable/MemMang/heap_4.o
 .text.prvInsertBlockIntoFreeList
                0x08007278       0xb4 ./Middlewares/Third_Party/FreeRTOS/Source/portable/MemMang/heap_4.o
 .text.memset   0x0800732c       0x10 H:/STM/IDE/STM32CubeIDE/plugins/com.st.stm32cube.ide.mcu.externaltools.gnu-tools-for-stm32.13.3.rel1.win32_1.0.100.202509120712/tools/bin/../lib/gcc/arm-none-eabi/13.3.1/../../../../arm-none-eabi/lib/thumb/v7e-m+dp/hard\libc_nano.a(libc_a-memset.o)
                0x0800732c                memset
 .text._reclaim_reent
                0x0800733c       0xbc H:/STM/IDE/STM32CubeIDE/plugins/com.st.stm32cube.ide.mcu.externaltools.gnu-tools-for-stm32.13.3.rel1.win32_1.0.100.202509120712/tools/bin/../lib/gcc/arm-none-eabi/13.3.1/../../../../arm-none-eabi/lib/thumb/v7e-m+dp/hard\libc_nano.a(libc_a-reent.o)
                0x0800733c                _reclaim_reent
 .text.__libc_init_array
                0x080073f8       0x48 H:/STM/IDE/STM32CubeIDE/plugins/com.st.stm32cube.ide.mcu.externaltools.gnu-tools-for-stm32.13.3.rel1.win32_1.0.100.202509120712/tools/bin/../lib/gcc/arm-none-eabi/13.3.1/../../../../arm-none-eabi/lib/thumb/v7e-m+dp/hard\libc_nano.a(libc_a-init.o)
                0x080073f8                __libc_init_array
 .text.__retarget_lock_acquire_recursive
                0x08007440        0x2 H:/STM/IDE/STM32CubeIDE/plugins/com.st.stm32cube.ide.mcu.externaltools.gnu-tools-for-stm32.13.3.rel1.win32_1.0.100.202509120712/tools/bin/../lib/gcc/arm-none-eabi/13.3.1/../../../../arm-none-eabi/lib/thumb/v7e-m+dp/hard\libc_nano.a(libc_a-lock.o)
                0x08007440                __retarget_lock_acquire_recursive
 .text.__retarget_lock_release_recursive
                0x08007442        0x2 H:/STM/IDE/STM32CubeIDE/plugins/com.st.stm32cube.ide.mcu.externaltools.gnu-tools-for-stm32.13.3.rel1.win32_1.0.100.202509120712/tools/bin/../lib/gcc/arm-none-eabi/13.3.1/../../../../arm-none-eabi/lib/thumb/v7e-m+dp/hard\libc_nano.a(libc_a-lock.o)
                0x08007442                __retarget_lock_release_recursive
 .text.memcpy   0x08007444       0x1c H:/STM/IDE/STM32CubeIDE/plugins/com.st.stm32cube.ide.mcu.externaltools.gnu-tools-for-stm32.13.3.rel1.win32_1.0.100.202509120712/tools/bin/../lib/gcc/arm-none-eabi/13.3.1/../../../../arm-none-eabi/lib/thumb/v7e-m+dp/hard\libc_nano.a(libc_a-memcpy-stub.o)
                0x08007444                memcpy
 .text._free_r  0x08007460       0x94 H:/STM/IDE/STM32CubeIDE/plugins/com.st.stm32cube.ide.mcu.externaltools.gnu-tools-for-stm32.13.3.rel1.win32_1.0.100.202509120712/tools/bin/../lib/gcc/arm-none-eabi/13.3.1/../../../../arm-none-eabi/lib/thumb/v7e-m+dp/hard\libc_nano.a(libc_a-freer.o)
                0x08007460                _free_r
 .text.__malloc_lock
                0x080074f4        0xc H:/STM/IDE/STM32CubeIDE/plugins/com.st.stm32cube.ide.mcu.externaltools.gnu-tools-for-stm32.13.3.rel1.win32_1.0.100.202509120712/tools/bin/../lib/gcc/arm-none-eabi/13.3.1/../../../../arm-none-eabi/lib/thumb/v7e-m+dp/hard\libc_nano.a(libc_a-mlock.o)
                0x080074f4                __malloc_lock
 .text.__malloc_unlock
                0x08007500        0xc H:/STM/IDE/STM32CubeIDE/plugins/com.st.stm32cube.ide.mcu.externaltools.gnu-tools-for-stm32.13.3.rel1.win32_1.0.100.202509120712/tools/bin/../lib/gcc/arm-none-eabi/13.3.1/../../../../arm-none-eabi/lib/thumb/v7e-m+dp/hard\libc_nano.a(libc_a-mlock.o)
                0x08007500                __malloc_unlock
 *(.glue_7)
 .glue_7        0x0800750c        0x0 linker stubs
 *(.glue_7t)
 .glue_7t       0x0800750c        0x0 linker stubs
 *(.eh_frame)
 .eh_frame      0x0800750c        0x0 H:/STM/IDE/STM32CubeIDE/plugins/com.st.stm32cube.ide.mcu.externaltools.gnu-tools-for-stm32.13.3.rel1.win32_1.0.100.202509120712/tools/bin/../lib/gcc/arm-none-eabi/13.3.1/thumb/v7e-m+dp/hard/crtbegin.o
 *(.init)
 .init          0x0800750c        0x4 H:/STM/IDE/STM32CubeIDE/plugins/com.st.stm32cube.ide.mcu.externaltools.gnu-tools-for-stm32.13.3.rel1.win32_1.0.100.202509120712/tools/bin/../lib/gcc/arm-none-eabi/13.3.1/thumb/v7e-m+dp/hard/crti.o
                0x0800750c                _init
 .init          0x08007510        0x8 H:/STM/IDE/STM32CubeIDE/plugins/com.st.stm32cube.ide.mcu.externaltools.gnu-tools-for-stm32.13.3.rel1.win32_1.0.100.202509120712/tools/bin/../lib/gcc/arm-none-eabi/13.3.1/thumb/v7e-m+dp/hard/crtn.o
 *(.fini)
 .fini          0x08007518        0x4 H:/STM/IDE/STM32CubeIDE/plugins/com.st.stm32cube.ide.mcu.externaltools.gnu-tools-for-stm32.13.3.rel1.win32_1.0.100.202509120712/tools/bin/../lib/gcc/arm-none-eabi/13.3.1/thumb/v7e-m+dp/hard/crti.o
                0x08007518                _fini
 .fini          0x0800751c        0x8 H:/STM/IDE/STM32CubeIDE/plugins/com.st.stm32cube.ide.mcu.externaltools.gnu-tools-for-stm32.13.3.rel1.win32_1.0.100.202509120712/tools/bin/../lib/gcc/arm-none-eabi/13.3.1/thumb/v7e-m+dp/hard/crtn.o
                0x08007524                        . = ALIGN (0x4)
                0x08007524                        _etext = .

.vfp11_veneer   0x08007524        0x0
 .vfp11_veneer  0x08007524        0x0 linker stubs

.v4_bx          0x08007524        0x0
 .v4_bx         0x08007524        0x0 linker stubs

.iplt           0x08007524        0x0
 .iplt          0x08007524        0x0 H:/STM/IDE/STM32CubeIDE/plugins/com.st.stm32cube.ide.mcu.externaltools.gnu-tools-for-stm32.13.3.rel1.win32_1.0.100.202509120712/tools/bin/../lib/gcc/arm-none-eabi/13.3.1/thumb/v7e-m+dp/hard/crtbegin.o

.rodata         0x08007524       0xf0
                0x08007524                        . = ALIGN (0x4)
 *(.rodata)
 .rodata        0x08007524       0x2f ./Core/Src/main.o
 *fill*         0x08007553        0x1 
 .rodata        0x08007554        0x5 ./Middlewares/Third_Party/FreeRTOS/Source/tasks.o
 *fill*         0x08007559        0x3 
 .rodata        0x0800755c        0xd ./Middlewares/Third_Party/FreeRTOS/Source/timers.o
 *(.rodata*)
 *fill*         0x08007569        0x3 
 .rodata.defaultTask_attributes
                0x0800756c       0x24 ./Core/Src/main.o
                0x0800756c                defaultTask_attributes
 .rodata.LED1_Flash_attributes
                0x08007590       0x24 ./Core/Src/main.o
                0x08007590                LED1_Flash_attributes
 .rodata.LED2_Flash_attributes
                0x080075b4       0x24 ./Core/Src/main.o
                0x080075b4                LED2_Flash_attributes
 .rodata.LED3_Flash_attributes
                0x080075d8       0x24 ./Core/Src/main.o
                0x080075d8                LED3_Flash_attributes
 .rodata.AHBPrescTable
                0x080075fc       0x10 ./Core/Src/system_stm32f7xx.o
                0x080075fc                AHBPrescTable
 .rodata.APBPrescTable
                0x0800760c        0x8 ./Core/Src/system_stm32f7xx.o
                0x0800760c                APBPrescTable
                0x08007614                        . = ALIGN (0x4)

.ARM.extab      0x08007614        0x0
                0x08007614                        . = ALIGN (0x4)
 *(.ARM.extab* .gnu.linkonce.armextab.*)
                0x08007614                        . = ALIGN (0x4)

.ARM            0x08007614        0x8
                0x08007614                        . = ALIGN (0x4)
                0x08007614                        __exidx_start = .
 *(.ARM.exidx*)
 .ARM.exidx     0x08007614        0x8 H:/STM/IDE/STM32CubeIDE/plugins/com.st.stm32cube.ide.mcu.externaltools.gnu-tools-for-stm32.13.3.rel1.win32_1.0.100.202509120712/tools/bin/../lib/gcc/arm-none-eabi/13.3.1/thumb/v7e-m+dp/hard\libgcc.a(_udivmoddi4.o)
                0x0800761c                        __exidx_end = .
                0x0800761c                        . = ALIGN (0x4)

.preinit_array  0x0800761c        0x0
                0x0800761c                        . = ALIGN (0x4)
                0x0800761c                        PROVIDE (__preinit_array_start = .)
 *(.preinit_array*)
                0x0800761c                        PROVIDE (__preinit_array_end = .)
                0x0800761c                        . = ALIGN (0x4)

.init_array     0x0800761c        0x4
                0x0800761c                        . = ALIGN (0x4)
                0x0800761c                        PROVIDE (__init_array_start = .)
 *(SORT_BY_NAME(.init_array.*))
 *(.init_array*)
 .init_array    0x0800761c        0x4 H:/STM/IDE/STM32CubeIDE/plugins/com.st.stm32cube.ide.mcu.externaltools.gnu-tools-for-stm32.13.3.rel1.win32_1.0.100.202509120712/tools/bin/../lib/gcc/arm-none-eabi/13.3.1/thumb/v7e-m+dp/hard/crtbegin.o
                0x08007620                        PROVIDE (__init_array_end = .)
                0x08007620                        . = ALIGN (0x4)

.fini_array     0x08007620        0x4
                0x08007620                        . = ALIGN (0x4)
                [!provide]                        PROVIDE (__fini_array_start = .)
 *(SORT_BY_NAME(.fini_array.*))
 *(.fini_array*)
 .fini_array    0x08007620        0x4 H:/STM/IDE/STM32CubeIDE/plugins/com.st.stm32cube.ide.mcu.externaltools.gnu-tools-for-stm32.13.3.rel1.win32_1.0.100.202509120712/tools/bin/../lib/gcc/arm-none-eabi/13.3.1/thumb/v7e-m+dp/hard/crtbegin.o
                [!provide]                        PROVIDE (__fini_array_end = .)
                0x08007624                        . = ALIGN (0x4)
                0x08007624                        _sidata = LOADADDR (.data)

.rel.dyn        0x08007624        0x0
 .rel.iplt      0x08007624        0x0 H:/STM/IDE/STM32CubeIDE/plugins/com.st.stm32cube.ide.mcu.externaltools.gnu-tools-for-stm32.13.3.rel1.win32_1.0.100.202509120712/tools/bin/../lib/gcc/arm-none-eabi/13.3.1/thumb/v7e-m+dp/hard/crtbegin.o

.data           0x20000000       0x60 load address 0x08007624
                0x20000000                        . = ALIGN (0x4)
                0x20000000                        _sdata = .
 *(.data)
 *(.data*)
 .data.SystemCoreClock
                0x20000000        0x4 ./Core/Src/system_stm32f7xx.o
                0x20000000                SystemCoreClock
 .data.uwTickPrio
                0x20000004        0x4 ./Drivers/STM32F7xx_HAL_Driver/Src/stm32f7xx_hal.o
                0x20000004                uwTickPrio
 .data.uwTickFreq
                0x20000008        0x1 ./Drivers/STM32F7xx_HAL_Driver/Src/stm32f7xx_hal.o
                0x20000008                uwTickFreq
 *fill*         0x20000009        0x3 
 .data.uxCriticalNesting
                0x2000000c        0x4 ./Middlewares/Third_Party/FreeRTOS/Source/portable/GCC/ARM_CM7/r0p1/port.o
 .data._impure_ptr
                0x20000010        0x4 H:/STM/IDE/STM32CubeIDE/plugins/com.st.stm32cube.ide.mcu.externaltools.gnu-tools-for-stm32.13.3.rel1.win32_1.0.100.202509120712/tools/bin/../lib/gcc/arm-none-eabi/13.3.1/../../../../arm-none-eabi/lib/thumb/v7e-m+dp/hard\libc_nano.a(libc_a-impure.o)
                0x20000010                _impure_ptr
 .data._impure_data
                0x20000014       0x4c H:/STM/IDE/STM32CubeIDE/plugins/com.st.stm32cube.ide.mcu.externaltools.gnu-tools-for-stm32.13.3.rel1.win32_1.0.100.202509120712/tools/bin/../lib/gcc/arm-none-eabi/13.3.1/../../../../arm-none-eabi/lib/thumb/v7e-m+dp/hard\libc_nano.a(libc_a-impure.o)
                0x20000014                _impure_data
 *(.RamFunc)
 *(.RamFunc*)
                0x20000060                        . = ALIGN (0x4)
                0x20000060                        _edata = .

.igot.plt       0x20000060        0x0 load address 0x08007684
 .igot.plt      0x20000060        0x0 H:/STM/IDE/STM32CubeIDE/plugins/com.st.stm32cube.ide.mcu.externaltools.gnu-tools-for-stm32.13.3.rel1.win32_1.0.100.202509120712/tools/bin/../lib/gcc/arm-none-eabi/13.3.1/thumb/v7e-m+dp/hard/crtbegin.o

.RxDecripSection
                0x20000060       0xa0 load address 0x08007684
 .RxDecripSection
                0x20000060       0xa0 ./Core/Src/main.o
                0x20000060                DMARxDscrTab

.TxDecripSection
                0x20000100       0xa0 load address 0x08007724
 .TxDecripSection
                0x20000100       0xa0 ./Core/Src/main.o
                0x20000100                DMATxDscrTab
                0x200001a0                        . = ALIGN (0x4)

.bss            0x200001a0     0x520c load address 0x080077c4
                0x200001a0                        _sbss = .
                0x200001a0                        __bss_start__ = _sbss
 *(.bss)
 .bss           0x200001a0       0x1c H:/STM/IDE/STM32CubeIDE/plugins/com.st.stm32cube.ide.mcu.externaltools.gnu-tools-for-stm32.13.3.rel1.win32_1.0.100.202509120712/tools/bin/../lib/gcc/arm-none-eabi/13.3.1/thumb/v7e-m+dp/hard/crtbegin.o
 *(.bss*)
 .bss.TxConfig  0x200001bc       0x38 ./Core/Src/main.o
                0x200001bc                TxConfig
 .bss.heth      0x200001f4       0xb0 ./Core/Src/main.o
                0x200001f4                heth
 .bss.huart3    0x200002a4       0x88 ./Core/Src/main.o
                0x200002a4                huart3
 .bss.hpcd_USB_OTG_FS
                0x2000032c      0x4e0 ./Core/Src/main.o
                0x2000032c                hpcd_USB_OTG_FS
 .bss.defaultTaskHandle
                0x2000080c        0x4 ./Core/Src/main.o
                0x2000080c                defaultTaskHandle
 .bss.LED1_FlashHandle
                0x20000810        0x4 ./Core/Src/main.o
                0x20000810                LED1_FlashHandle
 .bss.LED2_FlashHandle
                0x20000814        0x4 ./Core/Src/main.o
                0x20000814                LED2_FlashHandle
 .bss.LED3_FlashHandle
                0x20000818        0x4 ./Core/Src/main.o
                0x20000818                LED3_FlashHandle
 .bss.MACAddr.0
                0x2000081c        0x6 ./Core/Src/main.o
 *fill*         0x20000822        0x2 
 .bss.htim7     0x20000824       0x4c ./Core/Src/stm32f7xx_hal_timebase_tim.o
                0x20000824                htim7
 .bss.uwTick    0x20000870        0x4 ./Drivers/STM32F7xx_HAL_Driver/Src/stm32f7xx_hal.o
                0x20000870                uwTick
 .bss.KernelState
                0x20000874        0x4 ./Middlewares/Third_Party/FreeRTOS/Source/CMSIS_RTOS_V2/cmsis_os2.o
 .bss.Idle_TCB  0x20000878       0xb4 ./Middlewares/Third_Party/FreeRTOS/Source/CMSIS_RTOS_V2/cmsis_os2.o
 .bss.Idle_Stack
                0x2000092c      0x200 ./Middlewares/Third_Party/FreeRTOS/Source/CMSIS_RTOS_V2/cmsis_os2.o
 .bss.Timer_TCB
                0x20000b2c       0xb4 ./Middlewares/Third_Party/FreeRTOS/Source/CMSIS_RTOS_V2/cmsis_os2.o
 .bss.Timer_Stack
                0x20000be0      0x400 ./Middlewares/Third_Party/FreeRTOS/Source/CMSIS_RTOS_V2/cmsis_os2.o
 .bss.xQueueRegistry
                0x20000fe0       0x40 ./Middlewares/Third_Party/FreeRTOS/Source/queue.o
                0x20000fe0                xQueueRegistry
 .bss.pxCurrentTCB
                0x20001020        0x4 ./Middlewares/Third_Party/FreeRTOS/Source/tasks.o
                0x20001020                pxCurrentTCB
 .bss.pxReadyTasksLists
                0x20001024      0x460 ./Middlewares/Third_Party/FreeRTOS/Source/tasks.o
 .bss.xDelayedTaskList1
                0x20001484       0x14 ./Middlewares/Third_Party/FreeRTOS/Source/tasks.o
 .bss.xDelayedTaskList2
                0x20001498       0x14 ./Middlewares/Third_Party/FreeRTOS/Source/tasks.o
 .bss.pxDelayedTaskList
                0x200014ac        0x4 ./Middlewares/Third_Party/FreeRTOS/Source/tasks.o
 .bss.pxOverflowDelayedTaskList
                0x200014b0        0x4 ./Middlewares/Third_Party/FreeRTOS/Source/tasks.o
 .bss.xPendingReadyList
                0x200014b4       0x14 ./Middlewares/Third_Party/FreeRTOS/Source/tasks.o
 .bss.xTasksWaitingTermination
                0x200014c8       0x14 ./Middlewares/Third_Party/FreeRTOS/Source/tasks.o
 .bss.uxDeletedTasksWaitingCleanUp
                0x200014dc        0x4 ./Middlewares/Third_Party/FreeRTOS/Source/tasks.o
 .bss.xSuspendedTaskList
                0x200014e0       0x14 ./Middlewares/Third_Party/FreeRTOS/Source/tasks.o
 .bss.uxCurrentNumberOfTasks
                0x200014f4        0x4 ./Middlewares/Third_Party/FreeRTOS/Source/tasks.o
 .bss.xTickCount
                0x200014f8        0x4 ./Middlewares/Third_Party/FreeRTOS/Source/tasks.o
 .bss.uxTopReadyPriority
                0x200014fc        0x4 ./Middlewares/Third_Party/FreeRTOS/Source/tasks.o
 .bss.xSchedulerRunning
                0x20001500        0x4 ./Middlewares/Third_Party/FreeRTOS/Source/tasks.o
 .bss.uxPendedTicks
                0x20001504        0x4 ./Middlewares/Third_Party/FreeRTOS/Source/tasks.o
 .bss.xYieldPending
                0x20001508        0x4 ./Middlewares/Third_Party/FreeRTOS/Source/tasks.o
 .bss.xNumOfOverflows
                0x2000150c        0x4 ./Middlewares/Third_Party/FreeRTOS/Source/tasks.o
 .bss.uxTaskNumber
                0x20001510        0x4 ./Middlewares/Third_Party/FreeRTOS/Source/tasks.o
 .bss.xNextTaskUnblockTime
                0x20001514        0x4 ./Middlewares/Third_Party/FreeRTOS/Source/tasks.o
 .bss.xIdleTaskHandle
                0x20001518        0x4 ./Middlewares/Third_Party/FreeRTOS/Source/tasks.o
 .bss.uxSchedulerSuspended
                0x2000151c        0x4 ./Middlewares/Third_Party/FreeRTOS/Source/tasks.o
 .bss.xActiveTimerList1
                0x20001520       0x14 ./Middlewares/Third_Party/FreeRTOS/Source/timers.o
 .bss.xActiveTimerList2
                0x20001534       0x14 ./Middlewares/Third_Party/FreeRTOS/Source/timers.o
 .bss.pxCurrentTimerList
                0x20001548        0x4 ./Middlewares/Third_Party/FreeRTOS/Source/timers.o
 .bss.pxOverflowTimerList
                0x2000154c        0x4 ./Middlewares/Third_Party/FreeRTOS/Source/timers.o
 .bss.xTimerQueue
                0x20001550        0x4 ./Middlewares/Third_Party/FreeRTOS/Source/timers.o
 .bss.xTimerTaskHandle
                0x20001554        0x4 ./Middlewares/Third_Party/FreeRTOS/Source/timers.o
 .bss.xLastTime.2
                0x20001558        0x4 ./Middlewares/Third_Party/FreeRTOS/Source/timers.o
 .bss.ucStaticTimerQueueStorage.1
                0x2000155c       0xa0 ./Middlewares/Third_Party/FreeRTOS/Source/timers.o
 .bss.xStaticTimerQueue.0
                0x200015fc       0x50 ./Middlewares/Third_Party/FreeRTOS/Source/timers.o
 .bss.ucMaxSysCallPriority
                0x2000164c        0x1 ./Middlewares/Third_Party/FreeRTOS/Source/portable/GCC/ARM_CM7/r0p1/port.o
 *fill*         0x2000164d        0x3 
 .bss.ulMaxPRIGROUPValue
                0x20001650        0x4 ./Middlewares/Third_Party/FreeRTOS/Source/portable/GCC/ARM_CM7/r0p1/port.o
 .bss.ucHeap    0x20001654     0x3c00 ./Middlewares/Third_Party/FreeRTOS/Source/portable/MemMang/heap_4.o
 .bss.xStart    0x20005254        0x8 ./Middlewares/Third_Party/FreeRTOS/Source/portable/MemMang/heap_4.o
 .bss.pxEnd     0x2000525c        0x4 ./Middlewares/Third_Party/FreeRTOS/Source/portable/MemMang/heap_4.o
 .bss.xFreeBytesRemaining
                0x20005260        0x4 ./Middlewares/Third_Party/FreeRTOS/Source/portable/MemMang/heap_4.o
 .bss.xMinimumEverFreeBytesRemaining
                0x20005264        0x4 ./Middlewares/Third_Party/FreeRTOS/Source/portable/MemMang/heap_4.o
 .bss.xBlockAllocatedBit
                0x20005268        0x4 ./Middlewares/Third_Party/FreeRTOS/Source/portable/MemMang/heap_4.o
 .bss.__sf      0x2000526c      0x138 H:/STM/IDE/STM32CubeIDE/plugins/com.st.stm32cube.ide.mcu.externaltools.gnu-tools-for-stm32.13.3.rel1.win32_1.0.100.202509120712/tools/bin/../lib/gcc/arm-none-eabi/13.3.1/../../../../arm-none-eabi/lib/thumb/v7e-m+dp/hard\libc_nano.a(libc_a-findfp.o)
                0x2000526c                __sf
 .bss.__lock___malloc_recursive_mutex
                0x200053a4        0x1 H:/STM/IDE/STM32CubeIDE/plugins/com.st.stm32cube.ide.mcu.externaltools.gnu-tools-for-stm32.13.3.rel1.win32_1.0.100.202509120712/tools/bin/../lib/gcc/arm-none-eabi/13.3.1/../../../../arm-none-eabi/lib/thumb/v7e-m+dp/hard\libc_nano.a(libc_a-lock.o)
                0x200053a4                __lock___malloc_recursive_mutex
 *fill*         0x200053a5        0x3 
 .bss.__malloc_free_list
                0x200053a8        0x4 H:/STM/IDE/STM32CubeIDE/plugins/com.st.stm32cube.ide.mcu.externaltools.gnu-tools-for-stm32.13.3.rel1.win32_1.0.100.202509120712/tools/bin/../lib/gcc/arm-none-eabi/13.3.1/../../../../arm-none-eabi/lib/thumb/v7e-m+dp/hard\libc_nano.a(libc_a-mallocr.o)
                0x200053a8                __malloc_free_list
 *(COMMON)
                0x200053ac                        . = ALIGN (0x4)
                0x200053ac                        _ebss = .
                0x200053ac                        __bss_end__ = _ebss

._user_heap_stack
                0x200053ac      0x604 load address 0x080077c4
                0x200053b0                        . = ALIGN (0x8)
 *fill*         0x200053ac        0x4 
                [!provide]                        PROVIDE (end = .)
                0x200053b0                        PROVIDE (_end = .)
                0x200055b0                        . = (. + _Min_Heap_Size)
 *fill*         0x200053b0      0x200 
                0x200059b0                        . = (. + _Min_Stack_Size)
 *fill*         0x200055b0      0x400 
                0x200059b0                        . = ALIGN (0x8)

/DISCARD/
 libc.a(*)
 libm.a(*)
 libgcc.a(*)

.ARM.attributes
                0x00000000       0x2e
 *(.ARM.attributes)
 .ARM.attributes
                0x00000000       0x20 H:/STM/IDE/STM32CubeIDE/plugins/com.st.stm32cube.ide.mcu.externaltools.gnu-tools-for-stm32.13.3.rel1.win32_1.0.100.202509120712/tools/bin/../lib/gcc/arm-none-eabi/13.3.1/thumb/v7e-m+dp/hard/crti.o
 .ARM.attributes
                0x00000020       0x32 H:/STM/IDE/STM32CubeIDE/plugins/com.st.stm32cube.ide.mcu.externaltools.gnu-tools-for-stm32.13.3.rel1.win32_1.0.100.202509120712/tools/bin/../lib/gcc/arm-none-eabi/13.3.1/thumb/v7e-m+dp/hard/crtbegin.o
 .ARM.attributes
                0x00000052       0x32 ./Core/Src/main.o
 .ARM.attributes
                0x00000084       0x32 ./Core/Src/stm32f7xx_hal_msp.o
 .ARM.attributes
                0x000000b6       0x32 ./Core/Src/stm32f7xx_hal_timebase_tim.o
 .ARM.attributes
                0x000000e8       0x32 ./Core/Src/stm32f7xx_it.o
 .ARM.attributes
                0x0000011a       0x32 ./Core/Src/system_stm32f7xx.o
 .ARM.attributes
                0x0000014c       0x21 ./Core/Startup/startup_stm32f767zitx.o
 .ARM.attributes
                0x0000016d       0x32 ./Drivers/STM32F7xx_HAL_Driver/Src/stm32f7xx_hal.o
 .ARM.attributes
                0x0000019f       0x32 ./Drivers/STM32F7xx_HAL_Driver/Src/stm32f7xx_hal_cortex.o
 .ARM.attributes
                0x000001d1       0x32 ./Drivers/STM32F7xx_HAL_Driver/Src/stm32f7xx_hal_eth.o
 .ARM.attributes
                0x00000203       0x32 ./Drivers/STM32F7xx_HAL_Driver/Src/stm32f7xx_hal_gpio.o
 .ARM.attributes
                0x00000235       0x32 ./Drivers/STM32F7xx_HAL_Driver/Src/stm32f7xx_hal_pcd.o
 .ARM.attributes
                0x00000267       0x32 ./Drivers/STM32F7xx_HAL_Driver/Src/stm32f7xx_hal_pcd_ex.o
 .ARM.attributes
                0x00000299       0x32 ./Drivers/STM32F7xx_HAL_Driver/Src/stm32f7xx_hal_pwr.o
 .ARM.attributes
                0x000002cb       0x32 ./Drivers/STM32F7xx_HAL_Driver/Src/stm32f7xx_hal_pwr_ex.o
 .ARM.attributes
                0x000002fd       0x32 ./Drivers/STM32F7xx_HAL_Driver/Src/stm32f7xx_hal_rcc.o
 .ARM.attributes
                0x0000032f       0x32 ./Drivers/STM32F7xx_HAL_Driver/Src/stm32f7xx_hal_rcc_ex.o
 .ARM.attributes
                0x00000361       0x32 ./Drivers/STM32F7xx_HAL_Driver/Src/stm32f7xx_hal_tim.o
 .ARM.attributes
                0x00000393       0x32 ./Drivers/STM32F7xx_HAL_Driver/Src/stm32f7xx_hal_tim_ex.o
 .ARM.attributes
                0x000003c5       0x32 ./Drivers/STM32F7xx_HAL_Driver/Src/stm32f7xx_hal_uart.o
 .ARM.attributes
                0x000003f7       0x32 ./Drivers/STM32F7xx_HAL_Driver/Src/stm32f7xx_ll_usb.o
 .ARM.attributes
                0x00000429       0x32 ./Middlewares/Third_Party/FreeRTOS/Source/CMSIS_RTOS_V2/cmsis_os2.o
 .ARM.attributes
                0x0000045b       0x32 ./Middlewares/Third_Party/FreeRTOS/Source/list.o
 .ARM.attributes
                0x0000048d       0x32 ./Middlewares/Third_Party/FreeRTOS/Source/queue.o
 .ARM.attributes
                0x000004bf       0x32 ./Middlewares/Third_Party/FreeRTOS/Source/tasks.o
 .ARM.attributes
                0x000004f1       0x32 ./Middlewares/Third_Party/FreeRTOS/Source/timers.o
 .ARM.attributes
                0x00000523       0x32 ./Middlewares/Third_Party/FreeRTOS/Source/portable/GCC/ARM_CM7/r0p1/port.o
 .ARM.attributes
                0x00000555       0x32 ./Middlewares/Third_Party/FreeRTOS/Source/portable/MemMang/heap_4.o
 .ARM.attributes
                0x00000587       0x32 H:/STM/IDE/STM32CubeIDE/plugins/com.st.stm32cube.ide.mcu.externaltools.gnu-tools-for-stm32.13.3.rel1.win32_1.0.100.202509120712/tools/bin/../lib/gcc/arm-none-eabi/13.3.1/../../../../arm-none-eabi/lib/thumb/v7e-m+dp/hard\libc_nano.a(libc_a-findfp.o)
 .ARM.attributes
                0x000005b9       0x32 H:/STM/IDE/STM32CubeIDE/plugins/com.st.stm32cube.ide.mcu.externaltools.gnu-tools-for-stm32.13.3.rel1.win32_1.0.100.202509120712/tools/bin/../lib/gcc/arm-none-eabi/13.3.1/../../../../arm-none-eabi/lib/thumb/v7e-m+dp/hard\libc_nano.a(libc_a-memset.o)
 .ARM.attributes
                0x000005eb       0x32 H:/STM/IDE/STM32CubeIDE/plugins/com.st.stm32cube.ide.mcu.externaltools.gnu-tools-for-stm32.13.3.rel1.win32_1.0.100.202509120712/tools/bin/../lib/gcc/arm-none-eabi/13.3.1/../../../../arm-none-eabi/lib/thumb/v7e-m+dp/hard\libc_nano.a(libc_a-reent.o)
 .ARM.attributes
                0x0000061d       0x32 H:/STM/IDE/STM32CubeIDE/plugins/com.st.stm32cube.ide.mcu.externaltools.gnu-tools-for-stm32.13.3.rel1.win32_1.0.100.202509120712/tools/bin/../lib/gcc/arm-none-eabi/13.3.1/../../../../arm-none-eabi/lib/thumb/v7e-m+dp/hard\libc_nano.a(libc_a-impure.o)
 .ARM.attributes
                0x0000064f       0x32 H:/STM/IDE/STM32CubeIDE/plugins/com.st.stm32cube.ide.mcu.externaltools.gnu-tools-for-stm32.13.3.rel1.win32_1.0.100.202509120712/tools/bin/../lib/gcc/arm-none-eabi/13.3.1/../../../../arm-none-eabi/lib/thumb/v7e-m+dp/hard\libc_nano.a(libc_a-init.o)
 .ARM.attributes
                0x00000681       0x32 H:/STM/IDE/STM32CubeIDE/plugins/com.st.stm32cube.ide.mcu.externaltools.gnu-tools-for-stm32.13.3.rel1.win32_1.0.100.202509120712/tools/bin/../lib/gcc/arm-none-eabi/13.3.1/../../../../arm-none-eabi/lib/thumb/v7e-m+dp/hard\libc_nano.a(libc_a-lock.o)
 .ARM.attributes
                0x000006b3       0x32 H:/STM/IDE/STM32CubeIDE/plugins/com.st.stm32cube.ide.mcu.externaltools.gnu-tools-for-stm32.13.3.rel1.win32_1.0.100.202509120712/tools/bin/../lib/gcc/arm-none-eabi/13.3.1/../../../../arm-none-eabi/lib/thumb/v7e-m+dp/hard\libc_nano.a(libc_a-memcpy-stub.o)
 .ARM.attributes
                0x000006e5       0x32 H:/STM/IDE/STM32CubeIDE/plugins/com.st.stm32cube.ide.mcu.externaltools.gnu-tools-for-stm32.13.3.rel1.win32_1.0.100.202509120712/tools/bin/../lib/gcc/arm-none-eabi/13.3.1/../../../../arm-none-eabi/lib/thumb/v7e-m+dp/hard\libc_nano.a(libc_a-freer.o)
 .ARM.attributes
                0x00000717       0x32 H:/STM/IDE/STM32CubeIDE/plugins/com.st.stm32cube.ide.mcu.externaltools.gnu-tools-for-stm32.13.3.rel1.win32_1.0.100.202509120712/tools/bin/../lib/gcc/arm-none-eabi/13.3.1/../../../../arm-none-eabi/lib/thumb/v7e-m+dp/hard\libc_nano.a(libc_a-mallocr.o)
 .ARM.attributes
                0x00000749       0x32 H:/STM/IDE/STM32CubeIDE/plugins/com.st.stm32cube.ide.mcu.externaltools.gnu-tools-for-stm32.13.3.rel1.win32_1.0.100.202509120712/tools/bin/../lib/gcc/arm-none-eabi/13.3.1/../../../../arm-none-eabi/lib/thumb/v7e-m+dp/hard\libc_nano.a(libc_a-mlock.o)
 .ARM.attributes
                0x0000077b       0x20 H:/STM/IDE/STM32CubeIDE/plugins/com.st.stm32cube.ide.mcu.externaltools.gnu-tools-for-stm32.13.3.rel1.win32_1.0.100.202509120712/tools/bin/../lib/gcc/arm-none-eabi/13.3.1/thumb/v7e-m+dp/hard\libgcc.a(_aeabi_uldivmod.o)
 .ARM.attributes
                0x0000079b       0x32 H:/STM/IDE/STM32CubeIDE/plugins/com.st.stm32cube.ide.mcu.externaltools.gnu-tools-for-stm32.13.3.rel1.win32_1.0.100.202509120712/tools/bin/../lib/gcc/arm-none-eabi/13.3.1/thumb/v7e-m+dp/hard\libgcc.a(_udivmoddi4.o)
 .ARM.attributes
                0x000007cd       0x20 H:/STM/IDE/STM32CubeIDE/plugins/com.st.stm32cube.ide.mcu.externaltools.gnu-tools-for-stm32.13.3.rel1.win32_1.0.100.202509120712/tools/bin/../lib/gcc/arm-none-eabi/13.3.1/thumb/v7e-m+dp/hard\libgcc.a(_dvmd_tls.o)
 .ARM.attributes
                0x000007ed       0x20 H:/STM/IDE/STM32CubeIDE/plugins/com.st.stm32cube.ide.mcu.externaltools.gnu-tools-for-stm32.13.3.rel1.win32_1.0.100.202509120712/tools/bin/../lib/gcc/arm-none-eabi/13.3.1/thumb/v7e-m+dp/hard/crtn.o
OUTPUT(STM32F767_RTOS.elf elf32-littlearm)
LOAD linker stubs
LOAD H:/STM/IDE/STM32CubeIDE/plugins/com.st.stm32cube.ide.mcu.externaltools.gnu-tools-for-stm32.13.3.rel1.win32_1.0.100.202509120712/tools/bin/../lib/gcc/arm-none-eabi/13.3.1/../../../../arm-none-eabi/lib/thumb/v7e-m+dp/hard\libc.a
LOAD H:/STM/IDE/STM32CubeIDE/plugins/com.st.stm32cube.ide.mcu.externaltools.gnu-tools-for-stm32.13.3.rel1.win32_1.0.100.202509120712/tools/bin/../lib/gcc/arm-none-eabi/13.3.1/../../../../arm-none-eabi/lib/thumb/v7e-m+dp/hard\libm.a
LOAD H:/STM/IDE/STM32CubeIDE/plugins/com.st.stm32cube.ide.mcu.externaltools.gnu-tools-for-stm32.13.3.rel1.win32_1.0.100.202509120712/tools/bin/../lib/gcc/arm-none-eabi/13.3.1/thumb/v7e-m+dp/hard\libgcc.a

.debug_info     0x00000000    0x220af
 .debug_info    0x00000000     0x2466 ./Core/Src/main.o
 .debug_info    0x00002466     0x1e8a ./Core/Src/stm32f7xx_hal_msp.o
 .debug_info    0x000042f0      0xd1d ./Core/Src/stm32f7xx_hal_timebase_tim.o
 .debug_info    0x0000500d      0x70e ./Core/Src/stm32f7xx_it.o
 .debug_info    0x0000571b      0x6ed ./Core/Src/system_stm32f7xx.o
 .debug_info    0x00005e08       0x30 ./Core/Startup/startup_stm32f767zitx.o
 .debug_info    0x00005e38      0xa4c ./Drivers/STM32F7xx_HAL_Driver/Src/stm32f7xx_hal.o
 .debug_info    0x00006884      0xfc0 ./Drivers/STM32F7xx_HAL_Driver/Src/stm32f7xx_hal_cortex.o
 .debug_info    0x00007844     0x21b6 ./Drivers/STM32F7xx_HAL_Driver/Src/stm32f7xx_hal_eth.o
 .debug_info    0x000099fa      0x6f3 ./Drivers/STM32F7xx_HAL_Driver/Src/stm32f7xx_hal_gpio.o
 .debug_info    0x0000a0ed     0x1599 ./Drivers/STM32F7xx_HAL_Driver/Src/stm32f7xx_hal_pcd.o
 .debug_info    0x0000b686      0x7a3 ./Drivers/STM32F7xx_HAL_Driver/Src/stm32f7xx_hal_pcd_ex.o
 .debug_info    0x0000be29      0x90e ./Drivers/STM32F7xx_HAL_Driver/Src/stm32f7xx_hal_pwr.o
 .debug_info    0x0000c737      0x8cd ./Drivers/STM32F7xx_HAL_Driver/Src/stm32f7xx_hal_pwr_ex.o
 .debug_info    0x0000d004      0x94b ./Drivers/STM32F7xx_HAL_Driver/Src/stm32f7xx_hal_rcc.o
 .debug_info    0x0000d94f      0x6e1 ./Drivers/STM32F7xx_HAL_Driver/Src/stm32f7xx_hal_rcc_ex.o
 .debug_info    0x0000e030     0x2ad5 ./Drivers/STM32F7xx_HAL_Driver/Src/stm32f7xx_hal_tim.o
 .debug_info    0x00010b05     0x16bb ./Drivers/STM32F7xx_HAL_Driver/Src/stm32f7xx_hal_tim_ex.o
 .debug_info    0x000121c0     0x3b13 ./Drivers/STM32F7xx_HAL_Driver/Src/stm32f7xx_hal_uart.o
 .debug_info    0x00015cd3     0x19fc ./Drivers/STM32F7xx_HAL_Driver/Src/stm32f7xx_ll_usb.o
 .debug_info    0x000176cf     0x4058 ./Middlewares/Third_Party/FreeRTOS/Source/CMSIS_RTOS_V2/cmsis_os2.o
 .debug_info    0x0001b727      0x2af ./Middlewares/Third_Party/FreeRTOS/Source/list.o
 .debug_info    0x0001b9d6     0x1b68 ./Middlewares/Third_Party/FreeRTOS/Source/queue.o
 .debug_info    0x0001d53e     0x2818 ./Middlewares/Third_Party/FreeRTOS/Source/tasks.o
 .debug_info    0x0001fd56     0x1aef ./Middlewares/Third_Party/FreeRTOS/Source/timers.o
 .debug_info    0x00021845      0x4a7 ./Middlewares/Third_Party/FreeRTOS/Source/portable/GCC/ARM_CM7/r0p1/port.o
 .debug_info    0x00021cec      0x3c3 ./Middlewares/Third_Party/FreeRTOS/Source/portable/MemMang/heap_4.o

.debug_abbrev   0x00000000     0x4195
 .debug_abbrev  0x00000000      0x34d ./Core/Src/main.o
 .debug_abbrev  0x0000034d      0x29a ./Core/Src/stm32f7xx_hal_msp.o
 .debug_abbrev  0x000005e7      0x1f4 ./Core/Src/stm32f7xx_hal_timebase_tim.o
 .debug_abbrev  0x000007db      0x17d ./Core/Src/stm32f7xx_it.o
 .debug_abbrev  0x00000958      0x13b ./Core/Src/system_stm32f7xx.o
 .debug_abbrev  0x00000a93       0x24 ./Core/Startup/startup_stm32f767zitx.o
 .debug_abbrev  0x00000ab7      0x213 ./Drivers/STM32F7xx_HAL_Driver/Src/stm32f7xx_hal.o
 .debug_abbrev  0x00000cca      0x31e ./Drivers/STM32F7xx_HAL_Driver/Src/stm32f7xx_hal_cortex.o
 .debug_abbrev  0x00000fe8      0x35a ./Drivers/STM32F7xx_HAL_Driver/Src/stm32f7xx_hal_eth.o
 .debug_abbrev  0x00001342      0x1d4 ./Drivers/STM32F7xx_HAL_Driver/Src/stm32f7xx_hal_gpio.o
 .debug_abbrev  0x00001516      0x2ee ./Drivers/STM32F7xx_HAL_Driver/Src/stm32f7xx_hal_pcd.o
 .debug_abbrev  0x00001804      0x1ca ./Drivers/STM32F7xx_HAL_Driver/Src/stm32f7xx_hal_pcd_ex.o
 .debug_abbrev  0x000019ce      0x1c5 ./Drivers/STM32F7xx_HAL_Driver/Src/stm32f7xx_hal_pwr.o
 .debug_abbrev  0x00001b93      0x1d5 ./Drivers/STM32F7xx_HAL_Driver/Src/stm32f7xx_hal_pwr_ex.o
 .debug_abbrev  0x00001d68      0x2de ./Drivers/STM32F7xx_HAL_Driver/Src/stm32f7xx_hal_rcc.o
 .debug_abbrev  0x00002046      0x1c9 ./Drivers/STM32F7xx_HAL_Driver/Src/stm32f7xx_hal_rcc_ex.o
 .debug_abbrev  0x0000220f      0x278 ./Drivers/STM32F7xx_HAL_Driver/Src/stm32f7xx_hal_tim.o
 .debug_abbrev  0x00002487      0x283 ./Drivers/STM32F7xx_HAL_Driver/Src/stm32f7xx_hal_tim_ex.o
 .debug_abbrev  0x0000270a      0x2e6 ./Drivers/STM32F7xx_HAL_Driver/Src/stm32f7xx_hal_uart.o
 .debug_abbrev  0x000029f0      0x293 ./Drivers/STM32F7xx_HAL_Driver/Src/stm32f7xx_ll_usb.o
 .debug_abbrev  0x00002c83      0x48d ./Middlewares/Third_Party/FreeRTOS/Source/CMSIS_RTOS_V2/cmsis_os2.o
 .debug_abbrev  0x00003110       0xf5 ./Middlewares/Third_Party/FreeRTOS/Source/list.o
 .debug_abbrev  0x00003205      0x3b6 ./Middlewares/Third_Party/FreeRTOS/Source/queue.o
 .debug_abbrev  0x000035bb      0x3fe ./Middlewares/Third_Party/FreeRTOS/Source/tasks.o
 .debug_abbrev  0x000039b9      0x368 ./Middlewares/Third_Party/FreeRTOS/Source/timers.o
 .debug_abbrev  0x00003d21      0x26f ./Middlewares/Third_Party/FreeRTOS/Source/portable/GCC/ARM_CM7/r0p1/port.o
 .debug_abbrev  0x00003f90      0x205 ./Middlewares/Third_Party/FreeRTOS/Source/portable/MemMang/heap_4.o

.debug_aranges  0x00000000     0x1a38
 .debug_aranges
                0x00000000       0x78 ./Core/Src/main.o
 .debug_aranges
                0x00000078       0x50 ./Core/Src/stm32f7xx_hal_msp.o
 .debug_aranges
                0x000000c8       0x30 ./Core/Src/stm32f7xx_hal_timebase_tim.o
 .debug_aranges
                0x000000f8       0x50 ./Core/Src/stm32f7xx_it.o
 .debug_aranges
                0x00000148       0x28 ./Core/Src/system_stm32f7xx.o
 .debug_aranges
                0x00000170       0x28 ./Core/Startup/startup_stm32f767zitx.o
 .debug_aranges
                0x00000198      0x110 ./Drivers/STM32F7xx_HAL_Driver/Src/stm32f7xx_hal.o
 .debug_aranges
                0x000002a8      0x128 ./Drivers/STM32F7xx_HAL_Driver/Src/stm32f7xx_hal_cortex.o
 .debug_aranges
                0x000003d0      0x1e8 ./Drivers/STM32F7xx_HAL_Driver/Src/stm32f7xx_hal_eth.o
 .debug_aranges
                0x000005b8       0x58 ./Drivers/STM32F7xx_HAL_Driver/Src/stm32f7xx_hal_gpio.o
 .debug_aranges
                0x00000610      0x148 ./Drivers/STM32F7xx_HAL_Driver/Src/stm32f7xx_hal_pcd.o
 .debug_aranges
                0x00000758       0x48 ./Drivers/STM32F7xx_HAL_Driver/Src/stm32f7xx_hal_pcd_ex.o
 .debug_aranges
                0x000007a0       0xa0 ./Drivers/STM32F7xx_HAL_Driver/Src/stm32f7xx_hal_pwr.o
 .debug_aranges
                0x00000840       0x80 ./Drivers/STM32F7xx_HAL_Driver/Src/stm32f7xx_hal_pwr_ex.o
 .debug_aranges
                0x000008c0       0x88 ./Drivers/STM32F7xx_HAL_Driver/Src/stm32f7xx_hal_rcc.o
 .debug_aranges
                0x00000948       0x50 ./Drivers/STM32F7xx_HAL_Driver/Src/stm32f7xx_hal_rcc_ex.o
 .debug_aranges
                0x00000998      0x3e0 ./Drivers/STM32F7xx_HAL_Driver/Src/stm32f7xx_hal_tim.o
 .debug_aranges
                0x00000d78      0x180 ./Drivers/STM32F7xx_HAL_Driver/Src/stm32f7xx_hal_tim_ex.o
 .debug_aranges
                0x00000ef8      0x230 ./Drivers/STM32F7xx_HAL_Driver/Src/stm32f7xx_hal_uart.o
 .debug_aranges
                0x00001128      0x1a0 ./Drivers/STM32F7xx_HAL_Driver/Src/stm32f7xx_ll_usb.o
 .debug_aranges
                0x000012c8      0x228 ./Middlewares/Third_Party/FreeRTOS/Source/CMSIS_RTOS_V2/cmsis_os2.o
 .debug_aranges
                0x000014f0       0x40 ./Middlewares/Third_Party/FreeRTOS/Source/list.o
 .debug_aranges
                0x00001530      0x158 ./Middlewares/Third_Party/FreeRTOS/Source/queue.o
 .debug_aranges
                0x00001688      0x1f8 ./Middlewares/Third_Party/FreeRTOS/Source/tasks.o
 .debug_aranges
                0x00001880       0xe8 ./Middlewares/Third_Party/FreeRTOS/Source/timers.o
 .debug_aranges
                0x00001968       0x80 ./Middlewares/Third_Party/FreeRTOS/Source/portable/GCC/ARM_CM7/r0p1/port.o
 .debug_aranges
                0x000019e8       0x50 ./Middlewares/Third_Party/FreeRTOS/Source/portable/MemMang/heap_4.o

.debug_rnglists
                0x00000000     0x1472
 .debug_rnglists
                0x00000000       0x59 ./Core/Src/main.o
 .debug_rnglists
                0x00000059       0x3a ./Core/Src/stm32f7xx_hal_msp.o
 .debug_rnglists
                0x00000093       0x20 ./Core/Src/stm32f7xx_hal_timebase_tim.o
 .debug_rnglists
                0x000000b3       0x37 ./Core/Src/stm32f7xx_it.o
 .debug_rnglists
                0x000000ea       0x1a ./Core/Src/system_stm32f7xx.o
 .debug_rnglists
                0x00000104       0x19 ./Core/Startup/startup_stm32f767zitx.o
 .debug_rnglists
                0x0000011d       0xc7 ./Drivers/STM32F7xx_HAL_Driver/Src/stm32f7xx_hal.o
 .debug_rnglists
                0x000001e4       0xda ./Drivers/STM32F7xx_HAL_Driver/Src/stm32f7xx_hal_cortex.o
 .debug_rnglists
                0x000002be      0x183 ./Drivers/STM32F7xx_HAL_Driver/Src/stm32f7xx_hal_eth.o
 .debug_rnglists
                0x00000441       0x3f ./Drivers/STM32F7xx_HAL_Driver/Src/stm32f7xx_hal_gpio.o
 .debug_rnglists
                0x00000480       0xfa ./Drivers/STM32F7xx_HAL_Driver/Src/stm32f7xx_hal_pcd.o
 .debug_rnglists
                0x0000057a       0x32 ./Drivers/STM32F7xx_HAL_Driver/Src/stm32f7xx_hal_pcd_ex.o
 .debug_rnglists
                0x000005ac       0x74 ./Drivers/STM32F7xx_HAL_Driver/Src/stm32f7xx_hal_pwr.o
 .debug_rnglists
                0x00000620       0x5f ./Drivers/STM32F7xx_HAL_Driver/Src/stm32f7xx_hal_pwr_ex.o
 .debug_rnglists
                0x0000067f       0x67 ./Drivers/STM32F7xx_HAL_Driver/Src/stm32f7xx_hal_rcc.o
 .debug_rnglists
                0x000006e6       0x3c ./Drivers/STM32F7xx_HAL_Driver/Src/stm32f7xx_hal_rcc_ex.o
 .debug_rnglists
                0x00000722      0x328 ./Drivers/STM32F7xx_HAL_Driver/Src/stm32f7xx_hal_tim.o
 .debug_rnglists
                0x00000a4a      0x138 ./Drivers/STM32F7xx_HAL_Driver/Src/stm32f7xx_hal_tim_ex.o
 .debug_rnglists
                0x00000b82      0x1e0 ./Drivers/STM32F7xx_HAL_Driver/Src/stm32f7xx_hal_uart.o
 .debug_rnglists
                0x00000d62      0x147 ./Drivers/STM32F7xx_HAL_Driver/Src/stm32f7xx_ll_usb.o
 .debug_rnglists
                0x00000ea9      0x1b5 ./Middlewares/Third_Party/FreeRTOS/Source/CMSIS_RTOS_V2/cmsis_os2.o
 .debug_rnglists
                0x0000105e       0x2b ./Middlewares/Third_Party/FreeRTOS/Source/list.o
 .debug_rnglists
                0x00001089      0x10a ./Middlewares/Third_Party/FreeRTOS/Source/queue.o
 .debug_rnglists
                0x00001193      0x195 ./Middlewares/Third_Party/FreeRTOS/Source/tasks.o
 .debug_rnglists
                0x00001328       0xb2 ./Middlewares/Third_Party/FreeRTOS/Source/timers.o
 .debug_rnglists
                0x000013da       0x5d ./Middlewares/Third_Party/FreeRTOS/Source/portable/GCC/ARM_CM7/r0p1/port.o
 .debug_rnglists
                0x00001437       0x3b ./Middlewares/Third_Party/FreeRTOS/Source/portable/MemMang/heap_4.o

.debug_macro    0x00000000     0x407b
 .debug_macro   0x00000000      0x390 ./Core/Src/main.o
 .debug_macro   0x00000390       0x63 ./Core/Src/main.o
 .debug_macro   0x000003f3       0x10 ./Core/Src/main.o
 .debug_macro   0x00000403       0x20 ./Core/Src/main.o
 .debug_macro   0x00000423      0x13d ./Core/Src/main.o
 .debug_macro   0x00000560       0x16 ./Core/Src/main.o
 .debug_macro   0x00000576       0x66 ./Core/Src/main.o
 .debug_macro   0x000005dc       0x74 ./Core/Src/main.o
 .debug_macro   0x00000650       0xdd ./Core/Src/main.o
 .debug_macro   0x0000072d      0x220 ./Core/Src/stm32f7xx_hal_msp.o
 .debug_macro   0x0000094d      0x211 ./Core/Src/stm32f7xx_hal_timebase_tim.o
 .debug_macro   0x00000b5e      0x22a ./Core/Src/stm32f7xx_it.o
 .debug_macro   0x00000d88      0x211 ./Core/Src/system_stm32f7xx.o
 .debug_macro   0x00000f99      0x235 ./Drivers/STM32F7xx_HAL_Driver/Src/stm32f7xx_hal.o
 .debug_macro   0x000011ce      0x211 ./Drivers/STM32F7xx_HAL_Driver/Src/stm32f7xx_hal_cortex.o
 .debug_macro   0x000013df      0x2eb ./Drivers/STM32F7xx_HAL_Driver/Src/stm32f7xx_hal_eth.o
 .debug_macro   0x000016ca      0x217 ./Drivers/STM32F7xx_HAL_Driver/Src/stm32f7xx_hal_gpio.o
 .debug_macro   0x000018e1      0x21d ./Drivers/STM32F7xx_HAL_Driver/Src/stm32f7xx_hal_pcd.o
 .debug_macro   0x00001afe      0x211 ./Drivers/STM32F7xx_HAL_Driver/Src/stm32f7xx_hal_pcd_ex.o
 .debug_macro   0x00001d0f      0x22f ./Drivers/STM32F7xx_HAL_Driver/Src/stm32f7xx_hal_pwr.o
 .debug_macro   0x00001f3e      0x229 ./Drivers/STM32F7xx_HAL_Driver/Src/stm32f7xx_hal_pwr_ex.o
 .debug_macro   0x00002167      0x235 ./Drivers/STM32F7xx_HAL_Driver/Src/stm32f7xx_hal_rcc.o
 .debug_macro   0x0000239c      0x211 ./Drivers/STM32F7xx_HAL_Driver/Src/stm32f7xx_hal_rcc_ex.o
 .debug_macro   0x000025ad      0x212 ./Drivers/STM32F7xx_HAL_Driver/Src/stm32f7xx_hal_tim.o
 .debug_macro   0x000027bf      0x211 ./Drivers/STM32F7xx_HAL_Driver/Src/stm32f7xx_hal_tim_ex.o
 .debug_macro   0x000029d0      0x22e ./Drivers/STM32F7xx_HAL_Driver/Src/stm32f7xx_hal_uart.o
 .debug_macro   0x00002bfe      0x211 ./Drivers/STM32F7xx_HAL_Driver/Src/stm32f7xx_ll_usb.o
 .debug_macro   0x00002e0f      0x259 ./Middlewares/Third_Party/FreeRTOS/Source/CMSIS_RTOS_V2/cmsis_os2.o
 .debug_macro   0x00003068       0x10 ./Middlewares/Third_Party/FreeRTOS/Source/CMSIS_RTOS_V2/cmsis_os2.o
 .debug_macro   0x00003078       0xd3 ./Middlewares/Third_Party/FreeRTOS/Source/CMSIS_RTOS_V2/cmsis_os2.o
 .debug_macro   0x0000314b       0x91 ./Middlewares/Third_Party/FreeRTOS/Source/CMSIS_RTOS_V2/cmsis_os2.o
 .debug_macro   0x000031dc       0x8d ./Middlewares/Third_Party/FreeRTOS/Source/CMSIS_RTOS_V2/cmsis_os2.o
 .debug_macro   0x00003269       0x9a ./Middlewares/Third_Party/FreeRTOS/Source/CMSIS_RTOS_V2/cmsis_os2.o
 .debug_macro   0x00003303      0x199 ./Middlewares/Third_Party/FreeRTOS/Source/list.o
 .debug_macro   0x0000349c      0x228 ./Middlewares/Third_Party/FreeRTOS/Source/queue.o
 .debug_macro   0x000036c4       0x16 ./Middlewares/Third_Party/FreeRTOS/Source/queue.o
 .debug_macro   0x000036da       0x87 ./Middlewares/Third_Party/FreeRTOS/Source/queue.o
 .debug_macro   0x00003761      0x291 ./Middlewares/Third_Party/FreeRTOS/Source/tasks.o
 .debug_macro   0x000039f2       0x10 ./Middlewares/Third_Party/FreeRTOS/Source/tasks.o
 .debug_macro   0x00003a02      0x1ee ./Middlewares/Third_Party/FreeRTOS/Source/timers.o
 .debug_macro   0x00003bf0       0x97 ./Middlewares/Third_Party/FreeRTOS/Source/timers.o
 .debug_macro   0x00003c87      0x234 ./Middlewares/Third_Party/FreeRTOS/Source/portable/GCC/ARM_CM7/r0p1/port.o
 .debug_macro   0x00003ebb      0x1c0 ./Middlewares/Third_Party/FreeRTOS/Source/portable/MemMang/heap_4.o

.debug_line     0x00000000    0x1e4a4
 .debug_line    0x00000000      0xcb7 ./Core/Src/main.o
 .debug_line    0x00000cb7      0x8fa ./Core/Src/stm32f7xx_hal_msp.o
 .debug_line    0x000015b1      0x819 ./Core/Src/stm32f7xx_hal_timebase_tim.o
 .debug_line    0x00001dca      0x824 ./Core/Src/stm32f7xx_it.o
 .debug_line    0x000025ee      0x80f ./Core/Src/system_stm32f7xx.o
 .debug_line    0x00002dfd       0x7a ./Core/Startup/startup_stm32f767zitx.o
 .debug_line    0x00002e77      0xaf2 ./Drivers/STM32F7xx_HAL_Driver/Src/stm32f7xx_hal.o
 .debug_line    0x00003969      0xd42 ./Drivers/STM32F7xx_HAL_Driver/Src/stm32f7xx_hal_cortex.o
 .debug_line    0x000046ab     0x1aa2 ./Drivers/STM32F7xx_HAL_Driver/Src/stm32f7xx_hal_eth.o
 .debug_line    0x0000614d      0xc1c ./Drivers/STM32F7xx_HAL_Driver/Src/stm32f7xx_hal_gpio.o
 .debug_line    0x00006d69     0x1496 ./Drivers/STM32F7xx_HAL_Driver/Src/stm32f7xx_hal_pcd.o
 .debug_line    0x000081ff      0x8ad ./Drivers/STM32F7xx_HAL_Driver/Src/stm32f7xx_hal_pcd_ex.o
 .debug_line    0x00008aac      0x9c2 ./Drivers/STM32F7xx_HAL_Driver/Src/stm32f7xx_hal_pwr.o
 .debug_line    0x0000946e      0xa92 ./Drivers/STM32F7xx_HAL_Driver/Src/stm32f7xx_hal_pwr_ex.o
 .debug_line    0x00009f00      0xff9 ./Drivers/STM32F7xx_HAL_Driver/Src/stm32f7xx_hal_rcc.o
 .debug_line    0x0000aef9      0xf45 ./Drivers/STM32F7xx_HAL_Driver/Src/stm32f7xx_hal_rcc_ex.o
 .debug_line    0x0000be3e     0x3d5d ./Drivers/STM32F7xx_HAL_Driver/Src/stm32f7xx_hal_tim.o
 .debug_line    0x0000fb9b     0x1bc8 ./Drivers/STM32F7xx_HAL_Driver/Src/stm32f7xx_hal_tim_ex.o
 .debug_line    0x00011763     0x2dae ./Drivers/STM32F7xx_HAL_Driver/Src/stm32f7xx_hal_uart.o
 .debug_line    0x00014511     0x1da3 ./Drivers/STM32F7xx_HAL_Driver/Src/stm32f7xx_ll_usb.o
 .debug_line    0x000162b4     0x2792 ./Middlewares/Third_Party/FreeRTOS/Source/CMSIS_RTOS_V2/cmsis_os2.o
 .debug_line    0x00018a46      0x75a ./Middlewares/Third_Party/FreeRTOS/Source/list.o
 .debug_line    0x000191a0     0x1726 ./Middlewares/Third_Party/FreeRTOS/Source/queue.o
 .debug_line    0x0001a8c6     0x1c4d ./Middlewares/Third_Party/FreeRTOS/Source/tasks.o
 .debug_line    0x0001c513      0xd80 ./Middlewares/Third_Party/FreeRTOS/Source/timers.o
 .debug_line    0x0001d293      0x8fc ./Middlewares/Third_Party/FreeRTOS/Source/portable/GCC/ARM_CM7/r0p1/port.o
 .debug_line    0x0001db8f      0x915 ./Middlewares/Third_Party/FreeRTOS/Source/portable/MemMang/heap_4.o

.debug_str      0x00000000   0x10db10
 .debug_str     0x00000000   0x10db10 ./Core/Src/main.o
                             0x10303d (size before relaxing)
 .debug_str     0x0010db10        0x0 ./Core/Src/stm32f7xx_hal_msp.o
                              0xfb32a (size before relaxing)
 .debug_str     0x0010db10        0x0 ./Core/Src/stm32f7xx_hal_timebase_tim.o
                              0xfa3a7 (size before relaxing)
 .debug_str     0x0010db10        0x0 ./Core/Src/stm32f7xx_it.o
                              0xfa027 (size before relaxing)
 .debug_str     0x0010db10        0x0 ./Core/Src/system_stm32f7xx.o
                              0xf97e6 (size before relaxing)
 .debug_str     0x0010db10        0x0 ./Core/Startup/startup_stm32f767zitx.o
                                 0x83 (size before relaxing)
 .debug_str     0x0010db10        0x0 ./Drivers/STM32F7xx_HAL_Driver/Src/stm32f7xx_hal.o
                              0xfa226 (size before relaxing)
 .debug_str     0x0010db10        0x0 ./Drivers/STM32F7xx_HAL_Driver/Src/stm32f7xx_hal_cortex.o
                              0xfa208 (size before relaxing)
 .debug_str     0x0010db10        0x0 ./Drivers/STM32F7xx_HAL_Driver/Src/stm32f7xx_hal_eth.o
                              0xfb022 (size before relaxing)
 .debug_str     0x0010db10        0x0 ./Drivers/STM32F7xx_HAL_Driver/Src/stm32f7xx_hal_gpio.o
                              0xf98a4 (size before relaxing)
 .debug_str     0x0010db10        0x0 ./Drivers/STM32F7xx_HAL_Driver/Src/stm32f7xx_hal_pcd.o
                              0xfa21f (size before relaxing)
 .debug_str     0x0010db10        0x0 ./Drivers/STM32F7xx_HAL_Driver/Src/stm32f7xx_hal_pcd_ex.o
                              0xf9b21 (size before relaxing)
 .debug_str     0x0010db10        0x0 ./Drivers/STM32F7xx_HAL_Driver/Src/stm32f7xx_hal_pwr.o
                              0xf9a87 (size before relaxing)
 .debug_str     0x0010db10        0x0 ./Drivers/STM32F7xx_HAL_Driver/Src/stm32f7xx_hal_pwr_ex.o
                              0xf9a55 (size before relaxing)
 .debug_str     0x0010db10        0x0 ./Drivers/STM32F7xx_HAL_Driver/Src/stm32f7xx_hal_rcc.o
                              0xf9b61 (size before relaxing)
 .debug_str     0x0010db10        0x0 ./Drivers/STM32F7xx_HAL_Driver/Src/stm32f7xx_hal_rcc_ex.o
                              0xf9ac4 (size before relaxing)
 .debug_str     0x0010db10        0x0 ./Drivers/STM32F7xx_HAL_Driver/Src/stm32f7xx_hal_tim.o
                              0xfab09 (size before relaxing)
 .debug_str     0x0010db10        0x0 ./Drivers/STM32F7xx_HAL_Driver/Src/stm32f7xx_hal_tim_ex.o
                              0xfa40f (size before relaxing)
 .debug_str     0x0010db10        0x0 ./Drivers/STM32F7xx_HAL_Driver/Src/stm32f7xx_hal_uart.o
                              0xfa4af (size before relaxing)
 .debug_str     0x0010db10        0x0 ./Drivers/STM32F7xx_HAL_Driver/Src/stm32f7xx_ll_usb.o
                              0xfa0fc (size before relaxing)
 .debug_str     0x0010db10        0x0 ./Middlewares/Third_Party/FreeRTOS/Source/CMSIS_RTOS_V2/cmsis_os2.o
                               0xf081 (size before relaxing)
 .debug_str     0x0010db10        0x0 ./Middlewares/Third_Party/FreeRTOS/Source/list.o
                               0xab0b (size before relaxing)
 .debug_str     0x0010db10        0x0 ./Middlewares/Third_Party/FreeRTOS/Source/queue.o
                               0xc631 (size before relaxing)
 .debug_str     0x0010db10        0x0 ./Middlewares/Third_Party/FreeRTOS/Source/tasks.o
                               0xd40b (size before relaxing)
 .debug_str     0x0010db10        0x0 ./Middlewares/Third_Party/FreeRTOS/Source/timers.o
                               0xce7e (size before relaxing)
 .debug_str     0x0010db10        0x0 ./Middlewares/Third_Party/FreeRTOS/Source/portable/GCC/ARM_CM7/r0p1/port.o
                               0xb7c4 (size before relaxing)
 .debug_str     0x0010db10        0x0 ./Middlewares/Third_Party/FreeRTOS/Source/portable/MemMang/heap_4.o
                               0xb328 (size before relaxing)

.comment        0x00000000       0x43
 .comment       0x00000000       0x43 ./Core/Src/main.o
                                 0x44 (size before relaxing)
 .comment       0x00000043        0x0 ./Core/Src/stm32f7xx_hal_msp.o
                                 0x44 (size before relaxing)
 .comment       0x00000043        0x0 ./Core/Src/stm32f7xx_hal_timebase_tim.o
                                 0x44 (size before relaxing)
 .comment       0x00000043        0x0 ./Core/Src/stm32f7xx_it.o
                                 0x44 (size before relaxing)
 .comment       0x00000043        0x0 ./Core/Src/system_stm32f7xx.o
                                 0x44 (size before relaxing)
 .comment       0x00000043        0x0 ./Drivers/STM32F7xx_HAL_Driver/Src/stm32f7xx_hal.o
                                 0x44 (size before relaxing)
 .comment       0x00000043        0x0 ./Drivers/STM32F7xx_HAL_Driver/Src/stm32f7xx_hal_cortex.o
                                 0x44 (size before relaxing)
 .comment       0x00000043        0x0 ./Drivers/STM32F7xx_HAL_Driver/Src/stm32f7xx_hal_eth.o
                                 0x44 (size before relaxing)
 .comment       0x00000043        0x0 ./Drivers/STM32F7xx_HAL_Driver/Src/stm32f7xx_hal_gpio.o
                                 0x44 (size before relaxing)
 .comment       0x00000043        0x0 ./Drivers/STM32F7xx_HAL_Driver/Src/stm32f7xx_hal_pcd.o
                                 0x44 (size before relaxing)
 .comment       0x00000043        0x0 ./Drivers/STM32F7xx_HAL_Driver/Src/stm32f7xx_hal_pcd_ex.o
                                 0x44 (size before relaxing)
 .comment       0x00000043        0x0 ./Drivers/STM32F7xx_HAL_Driver/Src/stm32f7xx_hal_pwr.o
                                 0x44 (size before relaxing)
 .comment       0x00000043        0x0 ./Drivers/STM32F7xx_HAL_Driver/Src/stm32f7xx_hal_pwr_ex.o
                                 0x44 (size before relaxing)
 .comment       0x00000043        0x0 ./Drivers/STM32F7xx_HAL_Driver/Src/stm32f7xx_hal_rcc.o
                                 0x44 (size before relaxing)
 .comment       0x00000043        0x0 ./Drivers/STM32F7xx_HAL_Driver/Src/stm32f7xx_hal_rcc_ex.o
                                 0x44 (size before relaxing)
 .comment       0x00000043        0x0 ./Drivers/STM32F7xx_HAL_Driver/Src/stm32f7xx_hal_tim.o
                                 0x44 (size before relaxing)
 .comment       0x00000043        0x0 ./Drivers/STM32F7xx_HAL_Driver/Src/stm32f7xx_hal_tim_ex.o
                                 0x44 (size before relaxing)
 .comment       0x00000043        0x0 ./Drivers/STM32F7xx_HAL_Driver/Src/stm32f7xx_hal_uart.o
                                 0x44 (size before relaxing)
 .comment       0x00000043        0x0 ./Drivers/STM32F7xx_HAL_Driver/Src/stm32f7xx_ll_usb.o
                                 0x44 (size before relaxing)
 .comment       0x00000043        0x0 ./Middlewares/Third_Party/FreeRTOS/Source/CMSIS_RTOS_V2/cmsis_os2.o
                                 0x44 (size before relaxing)
 .comment       0x00000043        0x0 ./Middlewares/Third_Party/FreeRTOS/Source/list.o
                                 0x44 (size before relaxing)
 .comment       0x00000043        0x0 ./Middlewares/Third_Party/FreeRTOS/Source/queue.o
                                 0x44 (size before relaxing)