../Core/Inc/ST7735Driver.c:134:6:ST7735_Reset	8	static
../Core/Inc/ST7735Driver.c:143:13:ST7735_Select	8	static
../Core/Inc/ST7735Driver.c:147:13:ST7735_Deselect	8	static
../Core/Inc/ST7735Driver.c:151:13:ST7735_Delay	16	static
../Core/Inc/ST7735Driver.c:155:13:ST7735_WriteCommand	16	static
../Core/Inc/ST7735Driver.c:162:13:ST7735_WriteData	16	static
../Core/Inc/ST7735Driver.c:169:13:ST7735_SetWindow	24	static
../Core/Inc/ST7735Driver.c:186:6:ST7735_Init	16	static
../Core/Inc/ST7735Driver.c:229:6:ST7735_ClearFramebuffer	24	static
../Core/Inc/ST7735Driver.c:235:6:ST7735_SetLGBTBackground	24	static
../Core/Inc/ST7735Driver.c:255:6:ST7735_SetPixelFB	24	static
../Core/Inc/ST7735Driver.c:266:10:ST7735_GetPixelFB	24	static
../Core/Inc/ST7735Driver.c:278:6:ST7735_UpdateDisplay	16	static
../Core/Inc/ST7735Driver.c:303:6:HAL_SPI_TxCpltCallback	16	static
../Core/Inc/ST7735Driver.c:315:6:ST7735_DrawLineFB	40	static
../Core/Inc/ST7735Driver.c:341:6:ST7735_DrawRectFB	32	static
../Core/Inc/ST7735Driver.c:348:6:ST7735_DrawFRectFB	32	static
../Core/Inc/ST7735Driver.c:356:6:ST7735_DrawCircleFB	32	static
../Core/Inc/ST7735Driver.c:382:6:ST7735_DrawFCircleFB	40	static
../Core/Inc/ST7735Driver.c:409:6:ST7735_DrawImageFB	32	static
../Core/Inc/ST7735Driver.c:418:6:ST7735_FillScreen	16	static
../Core/Inc/ST7735Driver.c:423:6:ST7735_DrawPixel	16	static
../Core/Inc/ST7735Driver.c:427:19:ST7735_DrawFRect	32	static
../Core/Inc/ST7735Driver.c:433:6:ST7735_IsBusy	4	static
../Core/Inc/ST7735Driver.c:437:6:ST7735_SetDMACallback	16	static
../Core/Inc/ST7735Driver.c:443:6:ST7735_SetLed	24	static
../Core/Inc/ST7735Driver.c:449:6:ST7735_SetRotation	24	static
../Core/Inc/ST7735Driver.c:480:6:ST7735_InvertColors	16	static
../Core/Inc/ST7735Driver.c:484:6:ST7735_DisplayOn	8	static
../Core/Inc/ST7735Driver.c:488:6:ST7735_DisplayOff	8	static
../Core/Inc/ST7735Driver.c:492:10:ST7735_Color565	16	static
../Core/Inc/ST7735Driver.c:497:6:ST7735_DrawCharFB	32	static
../Core/Inc/ST7735Driver.c:524:6:ST7735_DrawStringFB	48	static
../Core/Inc/ST7735Driver.c:551:6:ST7735_DrawIntFB	56	static
../Core/Inc/ST7735Driver.c:560:6:ST7735_DrawFloatFB	72	static
../Core/Inc/ST7735Driver.c:578:6:ST7735_DrawStringFB_Transparent	40	static
../Core/Inc/ST7735Driver.c:632:6:ST7735_DrawIntFB_Transparent	80	static
../Core/Inc/ST7735Driver.c:662:6:ST7735_DrawFloatFB_Transparent	128	static
