../Core/Src/freertos_app.c:183:13:BuildPath	32	static
../Core/Src/freertos_app.c:207:13:UpdateSdStats	32	static
../Core/Src/freertos_app.c:246:6:FreeRTOS_AppInit	160	static
../Core/Src/freertos_app.c:326:6:StartDisplayTask	224	static
../Core/Src/freertos_app.c:509:6:StartSDCardTask	40	static
../Core/Src/freertos_app.c:586:6:StartUARTTask	16	static
../Core/Src/freertos_app.c:593:6:CMD_LS	160	static
../Core/Src/freertos_app.c:632:6:CMD_CD	144	static
../Core/Src/freertos_app.c:668:6:CMD_PWD	16	static
../Core/Src/freertos_app.c:674:6:CMD_Cat	216	static
../Core/Src/freertos_app.c:707:6:CMD_Write	232	static
../Core/Src/freertos_app.c:746:6:CMD_Mkdir	88	static
../Core/Src/freertos_app.c:760:6:CMD_RM	88	static
../Core/Src/freertos_app.c:774:6:CMD_Clear	96	static
../Core/Src/freertos_app.c:781:6:CMD_Text	176	static
../Core/Src/freertos_app.c:814:6:CMD_Fill	96	static
../Core/Src/freertos_app.c:830:6:CMD_SetFPS	96	static
../Core/Src/freertos_app.c:852:6:CMD_Pendulum	96	static
../Core/Src/freertos_app.c:861:6:CMD_Pattern	96	static
../Core/Src/freertos_app.c:874:6:CMD_Home	96	static
../Core/Src/freertos_app.c:881:6:CMD_Info	40	static
../Core/Src/freertos_app.c:916:6:CMD_Uptime	24	static
../Core/Src/freertos_app.c:924:6:CMD_Format	16	static
../Core/Src/freertos_app.c:929:6:CMD_Debug	16	static
../Core/Src/freertos_app.c:933:6:CMD_CardState	24	static
../Core/Src/freertos_app.c:950:6:CMD_Reinit	24	static
../Core/Src/freertos_app.c:979:6:CMD_TestMount	40	static
../Core/Src/freertos_app.c:1014:6:CMD_TestSector0	536	static
../Core/Src/freertos_app.c:1053:6:CMD_TestMultiRead	544	static
