../Core/Src/main.c:154:5:main	1
../Core/Src/main.c:240:6:SystemClock_Config	4
../Core/Src/main.c:294:13:MX_SPI1_Init	2
../Core/Src/main.c:336:13:MX_SPI3_Init	2
../Core/Src/main.c:374:13:MX_TIM3_Init	4
../Core/Src/main.c:425:13:MX_USART3_UART_Init	2
../Core/Src/main.c:459:13:MX_USB_OTG_FS_PCD_Init	2
../Core/Src/main.c:493:13:MX_DMA_Init	1
../Core/Src/main.c:520:13:MX_GPIO_Init	1
../Core/Src/main.c:645:6:StartDefaultTask	1
../Core/Src/main.c:658:6:HAL_TIM_PeriodElapsedCallback	2
../Core/Src/main.c:675:6:Error_Handler	1
